###############################################################################
#
# IAR ELF Linker V9.20.4.327/W64 for ARM                  14/Aug/2025  09:59:49
# Copyright 2007-2022 IAR Systems AB.
#
#    Output file  =
#        C:\project_Ger_ATK.cm3\KTE\ATK_SET\PRJ.CM3\Debug\Exe\c.out_nochecksum
#    Map file     =
#        C:\project_Ger_ATK.cm3\KTE\ATK_SET\PRJ.CM3\Debug\List\c.map
#    Command line =
#        -f
#        C:\project_Ger_ATK.cm3\KTE\ATK_SET\PRJ.CM3\Debug\Exe\c.out_nochecksum.rsp
#        (C:\project_Ger_ATK.cm3\KTE\ATK_SET\PRJ.CM3\Debug\Obj\INC.o
#        C:\project_Ger_ATK.cm3\KTE\ATK_SET\PRJ.CM3\Debug\Obj\startup_LPC177x_8x.o
#        --no_out_extension -o
#        C:\project_Ger_ATK.cm3\KTE\ATK_SET\PRJ.CM3\Debug\Exe\c.out_nochecksum
#        --redirect _Printf=_PrintfFullNoMb --redirect _Scanf=_ScanfFullNoMb
#        --map C:\project_Ger_ATK.cm3\KTE\ATK_SET\PRJ.CM3\Debug\List\c.map
#        --config
#        C:\project_Ger_ATK.cm3\KTE\ATK_SET\PRJ.CM3\..\..\..\STANDART\CM\ldscript_irom_iar.icf
#        --semihosting --entry __iar_program_start --vfe --text_out locale)
#
###############################################################################

*******************************************************************************
*** RUNTIME MODEL ATTRIBUTES
***

CppFlavor                     = *
__CPP_Exceptions              = Disabled
__CPP_Language                = C++14
__CPP_Library                 = DLib
__CPP_Runtime                 = 1
__SystemLibrary               = DLib
__dlib_dynamic_initialization = normal
__dlib_version                = 6


*******************************************************************************
*** HEAP SELECTION
***

The basic heap was selected because no calls to memory allocation
functions were found in the application outside of system library
functions, and there are calls to deallocation functions in the
application.


*******************************************************************************
*** PLACEMENT SUMMARY
***

"A0":  place at address 0x0 { section .intvec };
"P1":  place in [from 0x0 to 0x7'ffff] { ro };
define block CSTACK with size = 2K, alignment = 8 { };
define block HEAP with size = 512, alignment = 8 { };
"P2":  place in [from 0x1000'0000 to 0x1000'ffff] {
          rw, block CSTACK, block HEAP };
"P4":  place in [from 0x8000'0000 to 0x800f'ffff] { section .bss };
initialize by copy with packing = zeros { rw };

No sections matched the following patterns:

  section .noinit  in "P5"
  section CRPKEY   in "A1"
  section USB_RAM  in "P3"


  Section                Kind         Address      Size  Object
  -------                ----         -------      ----  ------
"A0":                                              0xe4
  .intvec                ro code          0x0      0xe4  startup_LPC177x_8x.o [1]
                                       - 0xe4      0xe4

"P1":                                          0x4'0891
  .text                  ro code         0xe4  0x3'1e82  INC.o [1]
  .text                  ro code     0x3'1f66      0x3a  rle_init_single.o [4]
  .text                  ro code     0x3'1fa0      0x28  INC.o [1]
  .text                  ro code     0x3'1fc8      0xa6  ABImemcpy.o [4]
  .text                  ro code     0x3'206e      0x1c  INC.o [1]
  .rodata                const       0x3'208a       0x2  INC.o [1]
  .text                  ro code     0x3'208c      0x48  FltToDbl.o [3]
  .text                  ro code     0x3'20d4     0x25e  DblAddSub.o [3]
  .rodata                const       0x3'2332       0x2  INC.o [1]
  .text                  ro code     0x3'2334      0x22  DblToU32.o [3]
  .rodata                const       0x3'2356       0x2  INC.o [1]
  .text                  ro code     0x3'2358      0x22  S32ToDbl.o [3]
  .rodata                const       0x3'237a       0x2  INC.o [1]
  .text                  ro code     0x3'237c      0x1c  U32ToDbl.o [3]
  .text                  ro code     0x3'2398      0x34  DblCmpGe.o [3]
  .text                  ro code     0x3'23cc     0x1aa  DblMul.o [3]
  .rodata                const       0x3'2576       0x2  INC.o [1]
  .text                  ro code     0x3'2578     0x246  DblDiv.o [3]
  .rodata                const       0x3'27be       0x2  INC.o [1]
  .text                  ro code     0x3'27c0      0x36  DblToS32.o [3]
  .rodata                const       0x3'27f6       0x2  INC.o [1]
  .text                  ro code     0x3'27f8      0x34  DblCmpLe.o [3]
  .text                  ro code     0x3'282c      0x68  DblToFlt.o [3]
  .text                  ro code     0x3'2894      0x20  DblCmpEq.o [3]
  .text                  ro code     0x3'28b4     0x230  I64DivMod.o [4]
  .text                  ro code     0x3'2ae4      0x60  modff.o [3]
  .text                  ro code     0x3'2b44      0xcc  fmodf.o [3]
  .text                  ro code     0x3'2c10      0x4e  INC.o [1]
  .text                  ro code     0x3'2c5e      0x28  INC.o [1]
  .text                  ro code     0x3'2c86      0x3c  INC.o [1]
  .rodata                const       0x3'2cc2       0x2  INC.o [1]
  .text                  ro code     0x3'2cc4     0x1d0  cos_sin32.o [3]
  .text                  ro code     0x3'2e94      0x64  acosf.o [3]
  .text                  ro code     0x3'2ef8      0x92  INC.o [1]
  .text                  ro code     0x3'2f8a       0x6  INC.o [1]
  .text                  ro code     0x3'2f90      0x10  INC.o [1]
  .text                  ro code     0x3'2fa0      0x1e  INC.o [1]
  .rodata                const       0x3'2fbe       0x2  INC.o [1]
  .text                  ro code     0x3'2fc0      0x1e  math_wrappers64.o [3]
  .rodata                const       0x3'2fde       0x2  INC.o [1]
  .text                  ro code     0x3'2fe0       0x2  I64DivZer.o [4]
  .rodata                const       0x3'2fe2       0x2  INC.o [1]
  .text                  ro code     0x3'2fe4      0xa4  xatanf.o [3]
  .text                  ro code     0x3'3088      0xae  INC.o [1]
  .text                  ro code     0x3'3136      0x14  INC.o [1]
  .rodata                const       0x3'314a       0x2  INC.o [1]
  .text                  ro code     0x3'314c     0x2dc  logx64.o [3]
  .text                  ro code     0x3'3428      0x44  exp64.o [3]
  .text                  ro code     0x3'346c      0x7e  INC.o [1]
  .rodata                const       0x3'34ea       0x2  INC.o [1]
  .text                  ro code     0x3'34ec      0x70  frexp.o [3]
  .text                  ro code     0x3'355c     0x2d4  iar_Exp64.o [3]
  .text                  ro code     0x3'3830     0x13a  ldexp.o [3]
  Initializer bytes      const       0x3'396a    0x194d  <for P2-1> (used: 0x192c)
  .rodata                const       0x3'52b7       0x1  INC.o [1]
  .rodata                const       0x3'52b8    0x1440  INC.o [1]
  .rodata                const       0x3'66f8    0x107c  INC.o [1]
  .rodata                const       0x3'7778     0xa10  INC.o [1]
  .rodata                const       0x3'8188     0x89c  INC.o [1]
  .rodata                const       0x3'8a24     0x898  INC.o [1]
  .rodata                const       0x3'92bc      0x54  INC.o [1]
  .rodata                const       0x3'9310     0x7e0  INC.o [1]
  .rodata                const       0x3'9af0     0x658  INC.o [1]
  .rodata                const       0x3'a148     0x5b0  INC.o [1]
  .rodata                const       0x3'a6f8     0x438  INC.o [1]
  .rodata                const       0x3'ab30     0x438  INC.o [1]
  .rodata                const       0x3'af68     0x428  INC.o [1]
  .rodata                const       0x3'b390     0x380  INC.o [1]
  .rodata                const       0x3'b710     0x2d8  INC.o [1]
  .rodata                const       0x3'b9e8     0x2a0  INC.o [1]
  .rodata                const       0x3'bc88     0x204  INC.o [1]
  .rodata                const       0x3'be8c     0x200  INC.o [1]
  .rodata                const       0x3'c08c     0x1ec  INC.o [1]
  .rodata                const       0x3'c278     0x1c0  INC.o [1]
  .rodata                const       0x3'c438     0x134  INC.o [1]
  .rodata                const       0x3'c56c     0x120  INC.o [1]
  .rodata                const       0x3'c68c      0xf0  INC.o [1]
  .rodata                const       0x3'c77c      0xe8  INC.o [1]
  .rodata                const       0x3'c864      0x54  INC.o [1]
  .rodata                const       0x3'c8b8      0xa8  INC.o [1]
  .rodata                const       0x3'c960      0xa0  INC.o [1]
  .rodata                const       0x3'ca00      0x9c  INC.o [1]
  .rodata                const       0x3'ca9c      0x98  INC.o [1]
  .rodata                const       0x3'cb34      0x80  INC.o [1]
  .rodata                const       0x3'cbb4      0x2c  INC.o [1]
  .rodata                const       0x3'cbe0      0x70  INC.o [1]
  .rodata                const       0x3'cc50      0x60  INC.o [1]
  .rodata                const       0x3'ccb0      0x48  INC.o [1]
  .rodata                const       0x3'ccf8      0x48  INC.o [1]
  .rodata                const       0x3'cd40      0x48  INC.o [1]
  .rodata                const       0x3'cd88      0x48  INC.o [1]
  .rodata                const       0x3'cdd0      0x38  INC.o [1]
  .text                  ro code     0x3'ce08      0x38  zero_init3.o [4]
  .rodata                const       0x3'ce40      0x30  INC.o [1]
  .rodata                const       0x3'ce70      0x30  INC.o [1]
  .rodata                const       0x3'cea0      0x28  INC.o [1]
  .rodata                const       0x3'cec8      0x28  INC.o [1]
  .text                  ro code     0x3'cef0      0x28  data_init.o [4]
  .rodata                const       0x3'cf18      0x24  INC.o [1]
  .rodata                const       0x3'cf3c      0x24  INC.o [1]
  .rodata                const       0x3'cf60      0x24  INC.o [1]
  .text                  ro code     0x3'cf84      0x22  fpinit_M.o [3]
  .iar.init_table        const       0x3'cfa8      0x2c  - Linker created -
  .rodata                const       0x3'cfd4       0x2  INC.o [1]
  .rodata                const       0x3'cfd8      0x20  INC.o [1]
  .rodata                const       0x3'cff8      0x20  INC.o [1]
  .rodata                const       0x3'd018      0x20  INC.o [1]
  .rodata                const       0x3'd038      0x20  INC.o [1]
  .rodata                const       0x3'd058      0x20  INC.o [1]
  .rodata                const       0x3'd078      0x20  INC.o [1]
  .rodata                const       0x3'd098      0x20  INC.o [1]
  .rodata                const       0x3'd0b8      0x20  INC.o [1]
  .rodata                const       0x3'd0d8      0x20  INC.o [1]
  .rodata                const       0x3'd0f8      0x20  INC.o [1]
  .text                  ro code     0x3'd118      0x20  cmain_call_ctors.o [4]
  .text                  ro code     0x3'd138      0x18  cppinit.o [2]
  .text                  ro code     0x3'd150      0x1e  cmain.o [4]
  .text                  ro code     0x3'd16e       0x4  low_level_init.o [2]
  .text                  ro code     0x3'd172       0x4  exit.o [2]
  .rodata                const       0x3'd176       0x2  INC.o [1]
  .text                  ro code     0x3'd178       0xa  cexit.o [4]
  .rodata                const       0x3'd182       0x2  INC.o [1]
  .text                  ro code     0x3'd184      0x14  exit.o [5]
  .rodata                const       0x3'd198      0x1c  INC.o [1]
  .rodata                const       0x3'd1b4      0x1c  INC.o [1]
  .rodata                const       0x3'd1d0      0x1c  INC.o [1]
  .rodata                const       0x3'd1ec      0x1c  INC.o [1]
  .text                  ro code     0x3'd208      0x1c  cstartup_M.o [4]
  .rodata                const       0x3'd224      0x18  INC.o [1]
  .rodata                const       0x3'd23c      0x18  INC.o [1]
  .rodata                const       0x3'd254      0x18  INC.o [1]
  .rodata                const       0x3'd26c      0x18  INC.o [1]
  .rodata                const       0x3'd284      0x18  INC.o [1]
  .rodata                const       0x3'd29c      0x14  INC.o [1]
  .rodata                const       0x3'd2b0      0x14  INC.o [1]
  .rodata                const       0x3'd2c4      0x14  INC.o [1]
  .rodata                const       0x3'd2d8      0x14  INC.o [1]
  .rodata                const       0x3'd2ec      0x14  INC.o [1]
  .rodata                const       0x3'd300      0x14  INC.o [1]
  .rodata                const       0x3'd314      0x14  INC.o [1]
  .rodata                const       0x3'd328      0x14  INC.o [1]
  .rodata                const       0x3'd33c      0x14  INC.o [1]
  .rodata                const       0x3'd350      0x14  INC.o [1]
  .rodata                const       0x3'd364      0x14  INC.o [1]
  .rodata                const       0x3'd378      0x14  INC.o [1]
  .rodata                const       0x3'd38c      0x14  INC.o [1]
  .rodata                const       0x3'd3a0      0x14  INC.o [1]
  .rodata                const       0x3'd3b4      0x14  INC.o [1]
  .rodata                const       0x3'd3c8      0x14  INC.o [1]
  .rodata                const       0x3'd3dc      0x14  INC.o [1]
  .rodata                const       0x3'd3f0      0x14  INC.o [1]
  .rodata                const       0x3'd404      0x14  INC.o [1]
  .rodata                const       0x3'd418      0x14  INC.o [1]
  .rodata                const       0x3'd42c      0x14  INC.o [1]
  .rodata                const       0x3'd440      0x14  INC.o [1]
  .rodata                const       0x3'd454      0x14  INC.o [1]
  .rodata                const       0x3'd468      0x14  INC.o [1]
  .rodata                const       0x3'd47c      0x14  INC.o [1]
  .rodata                const       0x3'd490      0x14  INC.o [1]
  .rodata                const       0x3'd4a4      0x14  INC.o [1]
  .rodata                const       0x3'd4b8      0x14  INC.o [1]
  .rodata                const       0x3'd4cc      0x14  INC.o [1]
  .rodata                const       0x3'd4e0      0x14  INC.o [1]
  .rodata                const       0x3'd4f4      0x14  INC.o [1]
  .rodata                const       0x3'd508      0x14  INC.o [1]
  .rodata                const       0x3'd51c      0x14  INC.o [1]
  .rodata                const       0x3'd530      0x14  INC.o [1]
  .rodata                const       0x3'd544      0x14  INC.o [1]
  .rodata                const       0x3'd558      0x14  INC.o [1]
  .rodata                const       0x3'd56c      0x14  INC.o [1]
  .rodata                const       0x3'd580      0x14  INC.o [1]
  .rodata                const       0x3'd594      0x14  INC.o [1]
  .rodata                const       0x3'd5a8      0x14  INC.o [1]
  .rodata                const       0x3'd5bc      0x14  INC.o [1]
  .rodata                const       0x3'd5d0      0x14  INC.o [1]
  .rodata                const       0x3'd5e4      0x14  INC.o [1]
  .rodata                const       0x3'd5f8      0x14  INC.o [1]
  .rodata                const       0x3'd60c      0x14  INC.o [1]
  .rodata                const       0x3'd620      0x14  INC.o [1]
  .rodata                const       0x3'd634      0x14  INC.o [1]
  .rodata                const       0x3'd648      0x14  INC.o [1]
  .rodata                const       0x3'd65c      0x14  INC.o [1]
  .rodata                const       0x3'd670      0x14  INC.o [1]
  .rodata                const       0x3'd684      0x14  INC.o [1]
  .rodata                const       0x3'd698      0x14  INC.o [1]
  .rodata                const       0x3'd6ac      0x14  INC.o [1]
  .rodata                const       0x3'd6c0      0x14  INC.o [1]
  .rodata                const       0x3'd6d4      0x14  INC.o [1]
  .rodata                const       0x3'd6e8      0x14  INC.o [1]
  .rodata                const       0x3'd6fc      0x14  INC.o [1]
  .rodata                const       0x3'd710      0x14  INC.o [1]
  .rodata                const       0x3'd724      0x14  INC.o [1]
  .rodata                const       0x3'd738      0x14  INC.o [1]
  .rodata                const       0x3'd74c      0x14  INC.o [1]
  .rodata                const       0x3'd760      0x10  INC.o [1]
  .rodata                const       0x3'd770      0x10  INC.o [1]
  .rodata                const       0x3'd780      0x10  INC.o [1]
  .rodata                const       0x3'd790      0x10  INC.o [1]
  .rodata                const       0x3'd7a0      0x10  INC.o [1]
  .rodata                const       0x3'd7b0      0x10  INC.o [1]
  .rodata                const       0x3'd7c0      0x10  INC.o [1]
  .rodata                const       0x3'd7d0      0x10  INC.o [1]
  .rodata                const       0x3'd7e0      0x10  INC.o [1]
  .rodata                const       0x3'd7f0      0x10  INC.o [1]
  .rodata                const       0x3'd800      0x10  INC.o [1]
  .rodata                const       0x3'd810      0x10  INC.o [1]
  .rodata                const       0x3'd820      0x10  INC.o [1]
  .rodata                const       0x3'd830      0x10  INC.o [1]
  .rodata                const       0x3'd840      0x10  INC.o [1]
  .rodata                const       0x3'd850      0x10  INC.o [1]
  .rodata                const       0x3'd860      0x10  INC.o [1]
  .rodata                const       0x3'd870      0x10  INC.o [1]
  .rodata                const       0x3'd880      0x10  INC.o [1]
  .rodata                const       0x3'd890      0x10  INC.o [1]
  .rodata                const       0x3'd8a0      0x10  INC.o [1]
  .rodata                const       0x3'd8b0      0x10  INC.o [1]
  .rodata                const       0x3'd8c0      0x10  INC.o [1]
  .rodata                const       0x3'd8d0      0x10  INC.o [1]
  .rodata                const       0x3'd8e0      0x10  INC.o [1]
  .rodata                const       0x3'd8f0      0x10  INC.o [1]
  .rodata                const       0x3'd900      0x10  INC.o [1]
  .rodata                const       0x3'd910      0x10  INC.o [1]
  .rodata                const       0x3'd920      0x10  INC.o [1]
  .rodata                const       0x3'd930      0x10  INC.o [1]
  .rodata                const       0x3'd940      0x10  INC.o [1]
  .rodata                const       0x3'd950      0x10  INC.o [1]
  .rodata                const       0x3'd960      0x10  INC.o [1]
  .rodata                const       0x3'd970      0x10  INC.o [1]
  .rodata                const       0x3'd980      0x10  INC.o [1]
  .rodata                const       0x3'd990      0x10  INC.o [1]
  .rodata                const       0x3'd9a0      0x10  INC.o [1]
  .rodata                const       0x3'd9b0      0x10  INC.o [1]
  .rodata                const       0x3'd9c0      0x10  INC.o [1]
  .rodata                const       0x3'd9d0      0x10  INC.o [1]
  .rodata                const       0x3'd9e0      0x10  INC.o [1]
  .rodata                const       0x3'd9f0      0x10  INC.o [1]
  .rodata                const       0x3'da00      0x10  INC.o [1]
  .rodata                const       0x3'da10      0x10  INC.o [1]
  .rodata                const       0x3'da20      0x10  INC.o [1]
  .rodata                const       0x3'da30      0x10  INC.o [1]
  .rodata                const       0x3'da40      0x10  INC.o [1]
  .rodata                const       0x3'da50      0x10  INC.o [1]
  .rodata                const       0x3'da60      0x10  INC.o [1]
  .rodata                const       0x3'da70      0x10  INC.o [1]
  .rodata                const       0x3'da80      0x10  INC.o [1]
  .rodata                const       0x3'da90      0x10  INC.o [1]
  .rodata                const       0x3'daa0      0x10  INC.o [1]
  .rodata                const       0x3'dab0      0x10  INC.o [1]
  .rodata                const       0x3'dac0      0x10  INC.o [1]
  .rodata                const       0x3'dad0      0x10  INC.o [1]
  .rodata                const       0x3'dae0      0x10  INC.o [1]
  .rodata                const       0x3'daf0      0x10  INC.o [1]
  .rodata                const       0x3'db00      0x10  INC.o [1]
  .rodata                const       0x3'db10      0x10  INC.o [1]
  .rodata                const       0x3'db20      0x10  INC.o [1]
  .rodata                const       0x3'db30      0x10  INC.o [1]
  .rodata                const       0x3'db40      0x10  INC.o [1]
  .rodata                const       0x3'db50      0x10  INC.o [1]
  .rodata                const       0x3'db60      0x10  INC.o [1]
  .rodata                const       0x3'db70      0x10  INC.o [1]
  .rodata                const       0x3'db80      0x10  INC.o [1]
  .rodata                const       0x3'db90      0x10  INC.o [1]
  .rodata                const       0x3'dba0      0x10  INC.o [1]
  .rodata                const       0x3'dbb0      0x10  INC.o [1]
  .rodata                const       0x3'dbc0      0x10  INC.o [1]
  .rodata                const       0x3'dbd0      0x10  INC.o [1]
  .rodata                const       0x3'dbe0      0x10  INC.o [1]
  .rodata                const       0x3'dbf0      0x10  INC.o [1]
  .rodata                const       0x3'dc00      0x10  INC.o [1]
  .rodata                const       0x3'dc10      0x10  INC.o [1]
  .rodata                const       0x3'dc20      0x10  INC.o [1]
  .rodata                const       0x3'dc30      0x10  INC.o [1]
  .rodata                const       0x3'dc40      0x10  INC.o [1]
  .rodata                const       0x3'dc50      0x10  INC.o [1]
  .rodata                const       0x3'dc60      0x10  INC.o [1]
  .rodata                const       0x3'dc70      0x10  INC.o [1]
  .rodata                const       0x3'dc80      0x10  INC.o [1]
  .rodata                const       0x3'dc90      0x10  INC.o [1]
  .rodata                const       0x3'dca0      0x10  INC.o [1]
  .rodata                const       0x3'dcb0      0x10  INC.o [1]
  .rodata                const       0x3'dcc0      0x10  INC.o [1]
  .rodata                const       0x3'dcd0      0x10  INC.o [1]
  .rodata                const       0x3'dce0      0x10  INC.o [1]
  .rodata                const       0x3'dcf0      0x10  INC.o [1]
  .rodata                const       0x3'dd00      0x10  INC.o [1]
  .rodata                const       0x3'dd10      0x10  INC.o [1]
  .rodata                const       0x3'dd20      0x10  INC.o [1]
  .rodata                const       0x3'dd30      0x10  INC.o [1]
  .rodata                const       0x3'dd40      0x10  INC.o [1]
  .rodata                const       0x3'dd50      0x10  INC.o [1]
  .rodata                const       0x3'dd60      0x10  INC.o [1]
  .rodata                const       0x3'dd70      0x10  INC.o [1]
  .rodata                const       0x3'dd80      0x10  INC.o [1]
  .rodata                const       0x3'dd90      0x10  INC.o [1]
  .rodata                const       0x3'dda0      0x10  INC.o [1]
  .rodata                const       0x3'ddb0      0x10  INC.o [1]
  .rodata                const       0x3'ddc0      0x10  INC.o [1]
  .rodata                const       0x3'ddd0      0x10  INC.o [1]
  .rodata                const       0x3'dde0      0x10  INC.o [1]
  .rodata                const       0x3'ddf0      0x10  INC.o [1]
  .rodata                const       0x3'de00      0x10  INC.o [1]
  .rodata                const       0x3'de10      0x10  INC.o [1]
  .rodata                const       0x3'de20      0x10  INC.o [1]
  .rodata                const       0x3'de30      0x10  INC.o [1]
  .rodata                const       0x3'de40      0x10  INC.o [1]
  .rodata                const       0x3'de50      0x10  INC.o [1]
  .rodata                const       0x3'de60      0x10  INC.o [1]
  .rodata                const       0x3'de70      0x10  INC.o [1]
  .rodata                const       0x3'de80      0x10  INC.o [1]
  .rodata                const       0x3'de90      0x10  INC.o [1]
  .rodata                const       0x3'dea0      0x10  INC.o [1]
  .rodata                const       0x3'deb0      0x10  INC.o [1]
  .rodata                const       0x3'dec0      0x10  INC.o [1]
  .rodata                const       0x3'ded0      0x10  INC.o [1]
  .rodata                const       0x3'dee0      0x10  INC.o [1]
  .rodata                const       0x3'def0      0x10  INC.o [1]
  .rodata                const       0x3'df00      0x10  INC.o [1]
  .rodata                const       0x3'df10      0x10  INC.o [1]
  .rodata                const       0x3'df20      0x10  INC.o [1]
  .rodata                const       0x3'df30      0x10  INC.o [1]
  .rodata                const       0x3'df40      0x10  INC.o [1]
  .rodata                const       0x3'df50      0x10  INC.o [1]
  .rodata                const       0x3'df60      0x10  INC.o [1]
  .rodata                const       0x3'df70      0x10  INC.o [1]
  .rodata                const       0x3'df80      0x10  INC.o [1]
  .rodata                const       0x3'df90      0x10  INC.o [1]
  .rodata                const       0x3'dfa0      0x10  INC.o [1]
  .rodata                const       0x3'dfb0      0x10  INC.o [1]
  .rodata                const       0x3'dfc0      0x10  INC.o [1]
  .rodata                const       0x3'dfd0      0x10  INC.o [1]
  .rodata                const       0x3'dfe0      0x10  INC.o [1]
  .rodata                const       0x3'dff0      0x10  INC.o [1]
  .rodata                const       0x3'e000      0x10  INC.o [1]
  .rodata                const       0x3'e010      0x10  INC.o [1]
  .rodata                const       0x3'e020      0x10  INC.o [1]
  .rodata                const       0x3'e030      0x10  INC.o [1]
  .rodata                const       0x3'e040      0x10  INC.o [1]
  .rodata                const       0x3'e050      0x10  INC.o [1]
  .rodata                const       0x3'e060      0x10  INC.o [1]
  .rodata                const       0x3'e070      0x10  INC.o [1]
  .rodata                const       0x3'e080      0x10  INC.o [1]
  .rodata                const       0x3'e090      0x10  INC.o [1]
  .rodata                const       0x3'e0a0      0x10  INC.o [1]
  .rodata                const       0x3'e0b0      0x10  INC.o [1]
  .rodata                const       0x3'e0c0      0x10  INC.o [1]
  .rodata                const       0x3'e0d0      0x10  INC.o [1]
  .rodata                const       0x3'e0e0      0x10  INC.o [1]
  .rodata                const       0x3'e0f0      0x10  INC.o [1]
  .rodata                const       0x3'e100      0x10  INC.o [1]
  .rodata                const       0x3'e110      0x10  INC.o [1]
  .rodata                const       0x3'e120      0x10  INC.o [1]
  .rodata                const       0x3'e130      0x10  INC.o [1]
  .rodata                const       0x3'e140      0x10  INC.o [1]
  .rodata                const       0x3'e150      0x10  INC.o [1]
  .rodata                const       0x3'e160      0x10  INC.o [1]
  .rodata                const       0x3'e170      0x10  INC.o [1]
  .rodata                const       0x3'e180      0x10  INC.o [1]
  .rodata                const       0x3'e190      0x10  INC.o [1]
  .rodata                const       0x3'e1a0      0x10  INC.o [1]
  .rodata                const       0x3'e1b0      0x10  INC.o [1]
  .rodata                const       0x3'e1c0      0x10  INC.o [1]
  .rodata                const       0x3'e1d0      0x10  INC.o [1]
  .rodata                const       0x3'e1e0      0x10  INC.o [1]
  .rodata                const       0x3'e1f0      0x10  INC.o [1]
  .rodata                const       0x3'e200      0x10  INC.o [1]
  .rodata                const       0x3'e210      0x10  INC.o [1]
  .rodata                const       0x3'e220      0x10  INC.o [1]
  .rodata                const       0x3'e230      0x10  INC.o [1]
  .rodata                const       0x3'e240      0x10  INC.o [1]
  .rodata                const       0x3'e250      0x10  INC.o [1]
  .rodata                const       0x3'e260      0x10  INC.o [1]
  .rodata                const       0x3'e270      0x10  INC.o [1]
  .rodata                const       0x3'e280      0x10  INC.o [1]
  .rodata                const       0x3'e290      0x10  INC.o [1]
  .rodata                const       0x3'e2a0      0x10  INC.o [1]
  .rodata                const       0x3'e2b0      0x10  INC.o [1]
  .rodata                const       0x3'e2c0      0x10  INC.o [1]
  .rodata                const       0x3'e2d0      0x10  INC.o [1]
  .rodata                const       0x3'e2e0      0x10  INC.o [1]
  .rodata                const       0x3'e2f0      0x10  INC.o [1]
  .rodata                const       0x3'e300      0x10  INC.o [1]
  .rodata                const       0x3'e310      0x10  INC.o [1]
  .rodata                const       0x3'e320      0x10  INC.o [1]
  .rodata                const       0x3'e330      0x10  INC.o [1]
  .rodata                const       0x3'e340      0x10  INC.o [1]
  .rodata                const       0x3'e350      0x10  INC.o [1]
  .rodata                const       0x3'e360      0x10  INC.o [1]
  .rodata                const       0x3'e370      0x10  INC.o [1]
  .rodata                const       0x3'e380      0x10  INC.o [1]
  .rodata                const       0x3'e390      0x10  INC.o [1]
  .rodata                const       0x3'e3a0      0x10  INC.o [1]
  .rodata                const       0x3'e3b0      0x10  INC.o [1]
  .rodata                const       0x3'e3c0      0x10  INC.o [1]
  .rodata                const       0x3'e3d0      0x10  INC.o [1]
  .rodata                const       0x3'e3e0      0x10  INC.o [1]
  .rodata                const       0x3'e3f0      0x10  INC.o [1]
  .rodata                const       0x3'e400      0x10  INC.o [1]
  .rodata                const       0x3'e410      0x10  INC.o [1]
  .rodata                const       0x3'e420      0x10  INC.o [1]
  .rodata                const       0x3'e430      0x10  INC.o [1]
  .rodata                const       0x3'e440      0x10  INC.o [1]
  .rodata                const       0x3'e450      0x10  INC.o [1]
  .rodata                const       0x3'e460      0x10  INC.o [1]
  .rodata                const       0x3'e470      0x10  INC.o [1]
  .rodata                const       0x3'e480      0x10  INC.o [1]
  .rodata                const       0x3'e490      0x10  INC.o [1]
  .rodata                const       0x3'e4a0      0x10  INC.o [1]
  .rodata                const       0x3'e4b0      0x10  INC.o [1]
  .rodata                const       0x3'e4c0      0x10  INC.o [1]
  .rodata                const       0x3'e4d0      0x10  INC.o [1]
  .rodata                const       0x3'e4e0      0x10  INC.o [1]
  .rodata                const       0x3'e4f0      0x10  INC.o [1]
  .rodata                const       0x3'e500      0x10  INC.o [1]
  .rodata                const       0x3'e510      0x10  INC.o [1]
  .rodata                const       0x3'e520      0x10  INC.o [1]
  .rodata                const       0x3'e530      0x10  INC.o [1]
  .rodata                const       0x3'e540      0x10  INC.o [1]
  .rodata                const       0x3'e550      0x10  INC.o [1]
  .rodata                const       0x3'e560      0x10  INC.o [1]
  .rodata                const       0x3'e570      0x10  INC.o [1]
  .rodata                const       0x3'e580      0x10  INC.o [1]
  .rodata                const       0x3'e590      0x10  INC.o [1]
  .rodata                const       0x3'e5a0      0x10  INC.o [1]
  .rodata                const       0x3'e5b0      0x10  INC.o [1]
  .rodata                const       0x3'e5c0      0x10  INC.o [1]
  .rodata                const       0x3'e5d0      0x10  INC.o [1]
  .rodata                const       0x3'e5e0      0x10  INC.o [1]
  .rodata                const       0x3'e5f0      0x10  INC.o [1]
  .rodata                const       0x3'e600      0x10  INC.o [1]
  .rodata                const       0x3'e610      0x10  INC.o [1]
  .rodata                const       0x3'e620      0x10  INC.o [1]
  .rodata                const       0x3'e630      0x10  INC.o [1]
  .rodata                const       0x3'e640      0x10  INC.o [1]
  .rodata                const       0x3'e650      0x10  INC.o [1]
  .rodata                const       0x3'e660      0x10  INC.o [1]
  .rodata                const       0x3'e670      0x10  INC.o [1]
  .rodata                const       0x3'e680      0x10  INC.o [1]
  .rodata                const       0x3'e690      0x10  INC.o [1]
  .rodata                const       0x3'e6a0      0x10  INC.o [1]
  .rodata                const       0x3'e6b0      0x10  INC.o [1]
  .rodata                const       0x3'e6c0      0x10  INC.o [1]
  .rodata                const       0x3'e6d0      0x10  INC.o [1]
  .rodata                const       0x3'e6e0      0x10  INC.o [1]
  .rodata                const       0x3'e6f0      0x10  INC.o [1]
  .rodata                const       0x3'e700      0x10  INC.o [1]
  .rodata                const       0x3'e710      0x10  INC.o [1]
  .rodata                const       0x3'e720      0x10  INC.o [1]
  .rodata                const       0x3'e730      0x10  INC.o [1]
  .rodata                const       0x3'e740      0x10  INC.o [1]
  .rodata                const       0x3'e750      0x10  INC.o [1]
  .rodata                const       0x3'e760      0x10  INC.o [1]
  .rodata                const       0x3'e770      0x10  INC.o [1]
  .rodata                const       0x3'e780      0x10  INC.o [1]
  .rodata                const       0x3'e790      0x10  INC.o [1]
  .rodata                const       0x3'e7a0      0x10  INC.o [1]
  .rodata                const       0x3'e7b0      0x10  INC.o [1]
  .rodata                const       0x3'e7c0      0x10  INC.o [1]
  .rodata                const       0x3'e7d0      0x10  INC.o [1]
  .rodata                const       0x3'e7e0      0x10  INC.o [1]
  .rodata                const       0x3'e7f0      0x10  INC.o [1]
  .rodata                const       0x3'e800      0x10  INC.o [1]
  .rodata                const       0x3'e810      0x10  INC.o [1]
  .rodata                const       0x3'e820      0x10  INC.o [1]
  .rodata                const       0x3'e830      0x10  INC.o [1]
  .rodata                const       0x3'e840      0x10  INC.o [1]
  .rodata                const       0x3'e850      0x10  INC.o [1]
  .rodata                const       0x3'e860      0x10  INC.o [1]
  .rodata                const       0x3'e870      0x10  INC.o [1]
  .rodata                const       0x3'e880      0x10  INC.o [1]
  .rodata                const       0x3'e890      0x10  INC.o [1]
  .rodata                const       0x3'e8a0      0x10  INC.o [1]
  .rodata                const       0x3'e8b0      0x10  INC.o [1]
  .rodata                const       0x3'e8c0      0x10  INC.o [1]
  .rodata                const       0x3'e8d0      0x10  INC.o [1]
  .rodata                const       0x3'e8e0      0x10  INC.o [1]
  .rodata                const       0x3'e8f0      0x10  INC.o [1]
  .rodata                const       0x3'e900      0x10  INC.o [1]
  .rodata                const       0x3'e910      0x10  INC.o [1]
  .rodata                const       0x3'e920      0x10  INC.o [1]
  .rodata                const       0x3'e930      0x10  INC.o [1]
  .rodata                const       0x3'e940      0x10  INC.o [1]
  .rodata                const       0x3'e950      0x10  INC.o [1]
  .rodata                const       0x3'e960      0x10  INC.o [1]
  .rodata                const       0x3'e970      0x10  INC.o [1]
  .rodata                const       0x3'e980      0x10  INC.o [1]
  .rodata                const       0x3'e990      0x10  INC.o [1]
  .rodata                const       0x3'e9a0      0x10  INC.o [1]
  .rodata                const       0x3'e9b0      0x10  INC.o [1]
  .rodata                const       0x3'e9c0      0x10  INC.o [1]
  .rodata                const       0x3'e9d0      0x10  INC.o [1]
  .rodata                const       0x3'e9e0      0x10  INC.o [1]
  .rodata                const       0x3'e9f0      0x10  INC.o [1]
  .rodata                const       0x3'ea00      0x10  INC.o [1]
  .rodata                const       0x3'ea10      0x10  INC.o [1]
  .rodata                const       0x3'ea20      0x10  INC.o [1]
  .rodata                const       0x3'ea30      0x10  INC.o [1]
  .rodata                const       0x3'ea40      0x10  INC.o [1]
  .rodata                const       0x3'ea50      0x10  INC.o [1]
  .rodata                const       0x3'ea60      0x10  INC.o [1]
  .rodata                const       0x3'ea70      0x10  INC.o [1]
  .rodata                const       0x3'ea80      0x10  INC.o [1]
  .rodata                const       0x3'ea90      0x10  INC.o [1]
  .rodata                const       0x3'eaa0      0x10  INC.o [1]
  .rodata                const       0x3'eab0      0x10  INC.o [1]
  .rodata                const       0x3'eac0      0x10  INC.o [1]
  .rodata                const       0x3'ead0      0x10  INC.o [1]
  .rodata                const       0x3'eae0      0x10  INC.o [1]
  .rodata                const       0x3'eaf0      0x10  INC.o [1]
  .rodata                const       0x3'eb00      0x10  INC.o [1]
  .rodata                const       0x3'eb10      0x10  INC.o [1]
  .rodata                const       0x3'eb20      0x10  INC.o [1]
  .rodata                const       0x3'eb30      0x10  INC.o [1]
  .rodata                const       0x3'eb40      0x10  INC.o [1]
  .rodata                const       0x3'eb50      0x10  INC.o [1]
  .rodata                const       0x3'eb60      0x10  INC.o [1]
  .rodata                const       0x3'eb70      0x10  INC.o [1]
  .rodata                const       0x3'eb80      0x10  INC.o [1]
  .rodata                const       0x3'eb90      0x10  INC.o [1]
  .rodata                const       0x3'eba0      0x10  INC.o [1]
  .rodata                const       0x3'ebb0      0x10  INC.o [1]
  .rodata                const       0x3'ebc0      0x10  INC.o [1]
  .rodata                const       0x3'ebd0      0x10  INC.o [1]
  .rodata                const       0x3'ebe0      0x10  INC.o [1]
  .rodata                const       0x3'ebf0      0x10  INC.o [1]
  .rodata                const       0x3'ec00      0x10  INC.o [1]
  .rodata                const       0x3'ec10      0x10  INC.o [1]
  .rodata                const       0x3'ec20      0x10  INC.o [1]
  .rodata                const       0x3'ec30      0x10  INC.o [1]
  .rodata                const       0x3'ec40      0x10  INC.o [1]
  .rodata                const       0x3'ec50      0x10  INC.o [1]
  .rodata                const       0x3'ec60      0x10  INC.o [1]
  .rodata                const       0x3'ec70      0x10  INC.o [1]
  .rodata                const       0x3'ec80      0x10  INC.o [1]
  .rodata                const       0x3'ec90      0x10  INC.o [1]
  .rodata                const       0x3'eca0      0x10  INC.o [1]
  .rodata                const       0x3'ecb0      0x10  INC.o [1]
  .rodata                const       0x3'ecc0      0x10  INC.o [1]
  .rodata                const       0x3'ecd0      0x10  INC.o [1]
  .rodata                const       0x3'ece0      0x10  INC.o [1]
  .rodata                const       0x3'ecf0      0x10  INC.o [1]
  .rodata                const       0x3'ed00      0x10  INC.o [1]
  .rodata                const       0x3'ed10      0x10  INC.o [1]
  .rodata                const       0x3'ed20      0x10  INC.o [1]
  .rodata                const       0x3'ed30      0x10  INC.o [1]
  .rodata                const       0x3'ed40      0x10  INC.o [1]
  .rodata                const       0x3'ed50      0x10  INC.o [1]
  .rodata                const       0x3'ed60      0x10  INC.o [1]
  .rodata                const       0x3'ed70      0x10  INC.o [1]
  .rodata                const       0x3'ed80      0x10  INC.o [1]
  .rodata                const       0x3'ed90      0x10  INC.o [1]
  .rodata                const       0x3'eda0      0x10  INC.o [1]
  .rodata                const       0x3'edb0      0x10  INC.o [1]
  .rodata                const       0x3'edc0      0x10  INC.o [1]
  .rodata                const       0x3'edd0      0x10  INC.o [1]
  .rodata                const       0x3'ede0      0x10  INC.o [1]
  .rodata                const       0x3'edf0      0x10  INC.o [1]
  .rodata                const       0x3'ee00      0x10  INC.o [1]
  .rodata                const       0x3'ee10      0x10  INC.o [1]
  .rodata                const       0x3'ee20      0x10  INC.o [1]
  .rodata                const       0x3'ee30      0x10  INC.o [1]
  .rodata                const       0x3'ee40      0x10  INC.o [1]
  .rodata                const       0x3'ee50      0x10  INC.o [1]
  .rodata                const       0x3'ee60      0x10  INC.o [1]
  .rodata                const       0x3'ee70      0x10  INC.o [1]
  .rodata                const       0x3'ee80      0x10  INC.o [1]
  .rodata                const       0x3'ee90      0x10  INC.o [1]
  .rodata                const       0x3'eea0      0x10  INC.o [1]
  .rodata                const       0x3'eeb0      0x10  INC.o [1]
  .rodata                const       0x3'eec0      0x10  INC.o [1]
  .rodata                const       0x3'eed0      0x10  INC.o [1]
  .rodata                const       0x3'eee0      0x10  INC.o [1]
  .rodata                const       0x3'eef0      0x10  INC.o [1]
  .rodata                const       0x3'ef00      0x10  INC.o [1]
  .rodata                const       0x3'ef10      0x10  INC.o [1]
  .rodata                const       0x3'ef20      0x10  INC.o [1]
  .rodata                const       0x3'ef30      0x10  INC.o [1]
  .rodata                const       0x3'ef40      0x10  INC.o [1]
  .rodata                const       0x3'ef50      0x10  INC.o [1]
  .rodata                const       0x3'ef60      0x10  INC.o [1]
  .rodata                const       0x3'ef70      0x10  INC.o [1]
  .rodata                const       0x3'ef80      0x10  INC.o [1]
  .rodata                const       0x3'ef90      0x10  INC.o [1]
  .rodata                const       0x3'efa0      0x10  INC.o [1]
  .rodata                const       0x3'efb0      0x10  INC.o [1]
  .rodata                const       0x3'efc0      0x10  INC.o [1]
  .rodata                const       0x3'efd0      0x10  INC.o [1]
  .rodata                const       0x3'efe0      0x10  INC.o [1]
  .rodata                const       0x3'eff0      0x10  INC.o [1]
  .rodata                const       0x3'f000      0x10  INC.o [1]
  .rodata                const       0x3'f010      0x10  INC.o [1]
  .rodata                const       0x3'f020      0x10  INC.o [1]
  .rodata                const       0x3'f030      0x10  INC.o [1]
  .rodata                const       0x3'f040      0x10  INC.o [1]
  .rodata                const       0x3'f050      0x10  INC.o [1]
  .rodata                const       0x3'f060      0x10  INC.o [1]
  .rodata                const       0x3'f070      0x10  INC.o [1]
  .rodata                const       0x3'f080      0x10  INC.o [1]
  .rodata                const       0x3'f090      0x10  INC.o [1]
  .rodata                const       0x3'f0a0      0x10  INC.o [1]
  .rodata                const       0x3'f0b0      0x10  INC.o [1]
  .rodata                const       0x3'f0c0      0x10  INC.o [1]
  .rodata                const       0x3'f0d0      0x10  INC.o [1]
  .rodata                const       0x3'f0e0      0x10  INC.o [1]
  .rodata                const       0x3'f0f0      0x10  INC.o [1]
  .rodata                const       0x3'f100      0x10  INC.o [1]
  .rodata                const       0x3'f110      0x10  INC.o [1]
  .rodata                const       0x3'f120      0x10  INC.o [1]
  .rodata                const       0x3'f130      0x10  INC.o [1]
  .rodata                const       0x3'f140      0x10  INC.o [1]
  .rodata                const       0x3'f150      0x10  INC.o [1]
  .rodata                const       0x3'f160      0x10  INC.o [1]
  .rodata                const       0x3'f170      0x10  INC.o [1]
  .rodata                const       0x3'f180      0x10  INC.o [1]
  .rodata                const       0x3'f190      0x10  INC.o [1]
  .rodata                const       0x3'f1a0      0x10  INC.o [1]
  .rodata                const       0x3'f1b0      0x10  INC.o [1]
  .rodata                const       0x3'f1c0      0x10  INC.o [1]
  .rodata                const       0x3'f1d0      0x10  INC.o [1]
  .rodata                const       0x3'f1e0      0x10  INC.o [1]
  .rodata                const       0x3'f1f0      0x10  INC.o [1]
  .rodata                const       0x3'f200      0x10  INC.o [1]
  .rodata                const       0x3'f210      0x10  INC.o [1]
  .rodata                const       0x3'f220      0x10  INC.o [1]
  .rodata                const       0x3'f230      0x10  INC.o [1]
  .rodata                const       0x3'f240      0x10  INC.o [1]
  .rodata                const       0x3'f250      0x10  INC.o [1]
  .rodata                const       0x3'f260      0x10  INC.o [1]
  .rodata                const       0x3'f270      0x10  INC.o [1]
  .rodata                const       0x3'f280      0x10  INC.o [1]
  .rodata                const       0x3'f290      0x10  INC.o [1]
  .rodata                const       0x3'f2a0      0x10  INC.o [1]
  .rodata                const       0x3'f2b0      0x10  INC.o [1]
  .rodata                const       0x3'f2c0      0x10  INC.o [1]
  .rodata                const       0x3'f2d0      0x10  INC.o [1]
  .rodata                const       0x3'f2e0      0x10  INC.o [1]
  .rodata                const       0x3'f2f0      0x10  INC.o [1]
  .rodata                const       0x3'f300      0x10  INC.o [1]
  .rodata                const       0x3'f310      0x10  INC.o [1]
  .rodata                const       0x3'f320      0x10  INC.o [1]
  .rodata                const       0x3'f330      0x10  INC.o [1]
  .rodata                const       0x3'f340      0x10  INC.o [1]
  .rodata                const       0x3'f350      0x10  INC.o [1]
  .rodata                const       0x3'f360      0x10  INC.o [1]
  .rodata                const       0x3'f370      0x10  INC.o [1]
  .rodata                const       0x3'f380      0x10  INC.o [1]
  .rodata                const       0x3'f390      0x10  INC.o [1]
  .rodata                const       0x3'f3a0      0x10  INC.o [1]
  .rodata                const       0x3'f3b0      0x10  INC.o [1]
  .rodata                const       0x3'f3c0      0x10  INC.o [1]
  .rodata                const       0x3'f3d0      0x10  INC.o [1]
  .rodata                const       0x3'f3e0      0x10  INC.o [1]
  .rodata                const       0x3'f3f0      0x10  INC.o [1]
  .rodata                const       0x3'f400      0x10  INC.o [1]
  .rodata                const       0x3'f410      0x10  INC.o [1]
  .rodata                const       0x3'f420      0x10  INC.o [1]
  .rodata                const       0x3'f430      0x10  INC.o [1]
  .rodata                const       0x3'f440      0x10  INC.o [1]
  .rodata                const       0x3'f450      0x10  INC.o [1]
  .rodata                const       0x3'f460      0x10  INC.o [1]
  .rodata                const       0x3'f470      0x10  INC.o [1]
  .rodata                const       0x3'f480      0x10  INC.o [1]
  .rodata                const       0x3'f490      0x10  INC.o [1]
  .rodata                const       0x3'f4a0      0x10  INC.o [1]
  .rodata                const       0x3'f4b0      0x10  INC.o [1]
  .rodata                const       0x3'f4c0      0x10  INC.o [1]
  .rodata                const       0x3'f4d0      0x10  INC.o [1]
  .rodata                const       0x3'f4e0      0x10  INC.o [1]
  .rodata                const       0x3'f4f0      0x10  INC.o [1]
  .rodata                const       0x3'f500      0x10  INC.o [1]
  .rodata                const       0x3'f510      0x10  INC.o [1]
  .rodata                const       0x3'f520      0x10  INC.o [1]
  .rodata                const       0x3'f530      0x10  INC.o [1]
  .rodata                const       0x3'f540      0x10  INC.o [1]
  .rodata                const       0x3'f550      0x10  INC.o [1]
  .rodata                const       0x3'f560      0x10  INC.o [1]
  .rodata                const       0x3'f570      0x10  INC.o [1]
  .rodata                const       0x3'f580      0x10  INC.o [1]
  .rodata                const       0x3'f590      0x10  INC.o [1]
  .rodata                const       0x3'f5a0      0x10  INC.o [1]
  .rodata                const       0x3'f5b0      0x10  INC.o [1]
  .rodata                const       0x3'f5c0      0x10  INC.o [1]
  .rodata                const       0x3'f5d0      0x10  INC.o [1]
  .rodata                const       0x3'f5e0      0x10  INC.o [1]
  .rodata                const       0x3'f5f0      0x10  INC.o [1]
  .rodata                const       0x3'f600      0x10  INC.o [1]
  .rodata                const       0x3'f610      0x10  INC.o [1]
  .rodata                const       0x3'f620      0x10  INC.o [1]
  .rodata                const       0x3'f630      0x10  INC.o [1]
  .rodata                const       0x3'f640      0x10  INC.o [1]
  .rodata                const       0x3'f650      0x10  INC.o [1]
  .rodata                const       0x3'f660      0x10  INC.o [1]
  .rodata                const       0x3'f670      0x10  INC.o [1]
  .rodata                const       0x3'f680      0x10  INC.o [1]
  .rodata                const       0x3'f690      0x10  INC.o [1]
  .rodata                const       0x3'f6a0      0x10  INC.o [1]
  .rodata                const       0x3'f6b0      0x10  INC.o [1]
  .rodata                const       0x3'f6c0      0x10  INC.o [1]
  .rodata                const       0x3'f6d0      0x10  INC.o [1]
  .rodata                const       0x3'f6e0      0x10  INC.o [1]
  .rodata                const       0x3'f6f0      0x10  INC.o [1]
  .rodata                const       0x3'f700      0x10  INC.o [1]
  .rodata                const       0x3'f710      0x10  INC.o [1]
  .rodata                const       0x3'f720      0x10  INC.o [1]
  .rodata                const       0x3'f730      0x10  INC.o [1]
  .rodata                const       0x3'f740      0x10  INC.o [1]
  .rodata                const       0x3'f750      0x10  INC.o [1]
  .rodata                const       0x3'f760      0x10  INC.o [1]
  .rodata                const       0x3'f770      0x10  INC.o [1]
  .rodata                const       0x3'f780      0x10  INC.o [1]
  .rodata                const       0x3'f790      0x10  INC.o [1]
  .rodata                const       0x3'f7a0      0x10  INC.o [1]
  .rodata                const       0x3'f7b0      0x10  INC.o [1]
  .rodata                const       0x3'f7c0      0x10  INC.o [1]
  .rodata                const       0x3'f7d0      0x10  INC.o [1]
  .rodata                const       0x3'f7e0      0x10  INC.o [1]
  .rodata                const       0x3'f7f0      0x10  INC.o [1]
  .rodata                const       0x3'f800      0x10  INC.o [1]
  .rodata                const       0x3'f810      0x10  INC.o [1]
  .rodata                const       0x3'f820      0x10  INC.o [1]
  .rodata                const       0x3'f830      0x10  INC.o [1]
  .rodata                const       0x3'f840      0x10  INC.o [1]
  .rodata                const       0x3'f850      0x10  INC.o [1]
  .rodata                const       0x3'f860      0x10  INC.o [1]
  .rodata                const       0x3'f870      0x10  INC.o [1]
  .rodata                const       0x3'f880      0x10  INC.o [1]
  .rodata                const       0x3'f890      0x10  INC.o [1]
  .rodata                const       0x3'f8a0      0x10  INC.o [1]
  .rodata                const       0x3'f8b0      0x10  INC.o [1]
  .rodata                const       0x3'f8c0      0x10  INC.o [1]
  .rodata                const       0x3'f8d0      0x10  INC.o [1]
  .rodata                const       0x3'f8e0      0x10  INC.o [1]
  .rodata                const       0x3'f8f0      0x10  INC.o [1]
  .rodata                const       0x3'f900      0x10  INC.o [1]
  .rodata                const       0x3'f910      0x10  INC.o [1]
  .rodata                const       0x3'f920      0x10  INC.o [1]
  .rodata                const       0x3'f930      0x10  INC.o [1]
  .rodata                const       0x3'f940      0x10  INC.o [1]
  .text                  ro code     0x3'f950      0x10  startup_LPC177x_8x.o [1]
  .rodata                const       0x3'f960       0xc  INC.o [1]
  .rodata                const       0x3'f96c       0xc  INC.o [1]
  .rodata                const       0x3'f978       0xc  INC.o [1]
  .rodata                const       0x3'f984       0xc  INC.o [1]
  .rodata                const       0x3'f990       0xc  INC.o [1]
  .rodata                const       0x3'f99c       0xc  INC.o [1]
  .rodata                const       0x3'f9a8       0xc  INC.o [1]
  .rodata                const       0x3'f9b4       0xc  INC.o [1]
  .rodata                const       0x3'f9c0       0xc  INC.o [1]
  .rodata                const       0x3'f9cc       0xc  INC.o [1]
  .rodata                const       0x3'f9d8       0xc  INC.o [1]
  .rodata                const       0x3'f9e4       0xc  INC.o [1]
  .rodata                const       0x3'f9f0       0xc  INC.o [1]
  .rodata                const       0x3'f9fc       0xc  INC.o [1]
  .rodata                const       0x3'fa08       0xc  INC.o [1]
  .rodata                const       0x3'fa14       0xc  INC.o [1]
  .rodata                const       0x3'fa20       0xc  INC.o [1]
  .rodata                const       0x3'fa2c       0xc  INC.o [1]
  .rodata                const       0x3'fa38       0xc  INC.o [1]
  .rodata                const       0x3'fa44       0xc  INC.o [1]
  .rodata                const       0x3'fa50       0xc  INC.o [1]
  .rodata                const       0x3'fa5c       0xc  INC.o [1]
  .rodata                const       0x3'fa68       0xc  INC.o [1]
  .rodata                const       0x3'fa74       0xc  INC.o [1]
  .rodata                const       0x3'fa80       0xc  INC.o [1]
  .rodata                const       0x3'fa8c       0xc  INC.o [1]
  .rodata                const       0x3'fa98       0xc  INC.o [1]
  .rodata                const       0x3'faa4       0xc  INC.o [1]
  .rodata                const       0x3'fab0       0xc  INC.o [1]
  .rodata                const       0x3'fabc       0xc  INC.o [1]
  .rodata                const       0x3'fac8       0xc  INC.o [1]
  .rodata                const       0x3'fad4       0xc  INC.o [1]
  .rodata                const       0x3'fae0       0xc  INC.o [1]
  .rodata                const       0x3'faec       0xc  INC.o [1]
  .rodata                const       0x3'faf8       0xc  INC.o [1]
  .rodata                const       0x3'fb04       0xc  INC.o [1]
  .rodata                const       0x3'fb10       0xc  INC.o [1]
  .rodata                const       0x3'fb1c       0xc  INC.o [1]
  .rodata                const       0x3'fb28       0xc  INC.o [1]
  .rodata                const       0x3'fb34       0xc  INC.o [1]
  .rodata                const       0x3'fb40       0xc  INC.o [1]
  .rodata                const       0x3'fb4c       0xc  INC.o [1]
  .rodata                const       0x3'fb58       0xc  INC.o [1]
  .rodata                const       0x3'fb64       0xc  INC.o [1]
  .rodata                const       0x3'fb70       0xc  INC.o [1]
  .rodata                const       0x3'fb7c       0xc  INC.o [1]
  .rodata                const       0x3'fb88       0xc  INC.o [1]
  .rodata                const       0x3'fb94       0xc  INC.o [1]
  .rodata                const       0x3'fba0       0xc  INC.o [1]
  .rodata                const       0x3'fbac       0xc  INC.o [1]
  .rodata                const       0x3'fbb8       0xc  INC.o [1]
  .rodata                const       0x3'fbc4       0xc  INC.o [1]
  .rodata                const       0x3'fbd0       0xc  INC.o [1]
  .rodata                const       0x3'fbdc       0xc  INC.o [1]
  .rodata                const       0x3'fbe8       0xc  INC.o [1]
  .rodata                const       0x3'fbf4       0xc  INC.o [1]
  .rodata                const       0x3'fc00       0xc  INC.o [1]
  .rodata                const       0x3'fc0c       0xc  INC.o [1]
  .rodata                const       0x3'fc18       0xc  INC.o [1]
  .rodata                const       0x3'fc24       0xc  INC.o [1]
  .rodata                const       0x3'fc30       0xc  INC.o [1]
  .rodata                const       0x3'fc3c       0xc  INC.o [1]
  .rodata                const       0x3'fc48       0xc  INC.o [1]
  .rodata                const       0x3'fc54       0xc  INC.o [1]
  .rodata                const       0x3'fc60       0xc  INC.o [1]
  .rodata                const       0x3'fc6c       0xc  INC.o [1]
  .rodata                const       0x3'fc78       0xc  INC.o [1]
  .rodata                const       0x3'fc84       0xc  INC.o [1]
  .rodata                const       0x3'fc90       0xc  INC.o [1]
  .rodata                const       0x3'fc9c       0xc  INC.o [1]
  .rodata                const       0x3'fca8       0xc  INC.o [1]
  .rodata                const       0x3'fcb4       0xc  INC.o [1]
  .rodata                const       0x3'fcc0       0xc  INC.o [1]
  .rodata                const       0x3'fccc       0xc  INC.o [1]
  .rodata                const       0x3'fcd8       0xc  INC.o [1]
  .rodata                const       0x3'fce4       0xc  INC.o [1]
  .rodata                const       0x3'fcf0       0xc  INC.o [1]
  .rodata                const       0x3'fcfc       0xc  INC.o [1]
  .rodata                const       0x3'fd08       0xc  INC.o [1]
  .rodata                const       0x3'fd14       0xc  INC.o [1]
  .rodata                const       0x3'fd20       0xc  INC.o [1]
  .rodata                const       0x3'fd2c       0xc  INC.o [1]
  .rodata                const       0x3'fd38       0xc  INC.o [1]
  .rodata                const       0x3'fd44       0xc  INC.o [1]
  .rodata                const       0x3'fd50       0xc  INC.o [1]
  .rodata                const       0x3'fd5c       0xc  INC.o [1]
  .rodata                const       0x3'fd68       0xc  INC.o [1]
  .rodata                const       0x3'fd74       0xc  INC.o [1]
  .rodata                const       0x3'fd80       0xc  INC.o [1]
  .rodata                const       0x3'fd8c       0xc  INC.o [1]
  .rodata                const       0x3'fd98       0xc  INC.o [1]
  .rodata                const       0x3'fda4       0xc  INC.o [1]
  .rodata                const       0x3'fdb0       0xc  INC.o [1]
  .rodata                const       0x3'fdbc       0xc  INC.o [1]
  .rodata                const       0x3'fdc8       0xc  INC.o [1]
  .rodata                const       0x3'fdd4       0xc  INC.o [1]
  .rodata                const       0x3'fde0       0xc  INC.o [1]
  .rodata                const       0x3'fdec       0xc  INC.o [1]
  .rodata                const       0x3'fdf8       0xc  INC.o [1]
  .rodata                const       0x3'fe04       0xc  INC.o [1]
  .rodata                const       0x3'fe10       0xc  INC.o [1]
  .rodata                const       0x3'fe1c       0xc  INC.o [1]
  .rodata                const       0x3'fe28       0xc  INC.o [1]
  .rodata                const       0x3'fe34       0xc  INC.o [1]
  .rodata                const       0x3'fe40       0xc  INC.o [1]
  .rodata                const       0x3'fe4c       0xc  INC.o [1]
  .rodata                const       0x3'fe58       0xc  INC.o [1]
  .rodata                const       0x3'fe64       0xc  INC.o [1]
  .rodata                const       0x3'fe70       0xc  INC.o [1]
  .rodata                const       0x3'fe7c       0xc  INC.o [1]
  .rodata                const       0x3'fe88       0xc  INC.o [1]
  .rodata                const       0x3'fe94       0xc  INC.o [1]
  .rodata                const       0x3'fea0       0xc  INC.o [1]
  .rodata                const       0x3'feac       0xc  INC.o [1]
  .rodata                const       0x3'feb8       0xc  INC.o [1]
  .rodata                const       0x3'fec4       0xc  INC.o [1]
  .rodata                const       0x3'fed0       0xc  INC.o [1]
  .rodata                const       0x3'fedc       0xc  INC.o [1]
  .rodata                const       0x3'fee8       0xc  INC.o [1]
  .rodata                const       0x3'fef4       0xc  INC.o [1]
  .rodata                const       0x3'ff00       0xc  INC.o [1]
  .rodata                const       0x3'ff0c       0xc  INC.o [1]
  .rodata                const       0x3'ff18       0xc  INC.o [1]
  .rodata                const       0x3'ff24       0xc  INC.o [1]
  .rodata                const       0x3'ff30       0xc  INC.o [1]
  .rodata                const       0x3'ff3c       0xc  INC.o [1]
  .rodata                const       0x3'ff48       0x8  INC.o [1]
  .rodata                const       0x3'ff50       0x8  INC.o [1]
  .rodata                const       0x3'ff58       0x8  INC.o [1]
  .rodata                const       0x3'ff60       0x8  INC.o [1]
  .rodata                const       0x3'ff68       0x8  INC.o [1]
  .rodata                const       0x3'ff70       0x8  INC.o [1]
  .rodata                const       0x3'ff78       0x8  INC.o [1]
  .rodata                const       0x3'ff80       0x8  INC.o [1]
  .rodata                const       0x3'ff88       0x8  INC.o [1]
  .rodata                const       0x3'ff90       0x8  INC.o [1]
  .rodata                const       0x3'ff98       0x8  INC.o [1]
  .rodata                const       0x3'ffa0       0x8  INC.o [1]
  .rodata                const       0x3'ffa8       0x8  INC.o [1]
  .rodata                const       0x3'ffb0       0x8  INC.o [1]
  .rodata                const       0x3'ffb8       0x8  INC.o [1]
  .rodata                const       0x3'ffc0       0x8  INC.o [1]
  .rodata                const       0x3'ffc8       0x8  INC.o [1]
  .rodata                const       0x3'ffd0       0x8  INC.o [1]
  .rodata                const       0x3'ffd8       0x8  INC.o [1]
  .rodata                const       0x3'ffe0       0x8  INC.o [1]
  .rodata                const       0x3'ffe8       0x8  INC.o [1]
  .rodata                const       0x3'fff0       0x8  INC.o [1]
  .rodata                const       0x3'fff8       0x8  INC.o [1]
  .rodata                const       0x4'0000       0x8  INC.o [1]
  .rodata                const       0x4'0008       0x8  INC.o [1]
  .rodata                const       0x4'0010       0x8  INC.o [1]
  .rodata                const       0x4'0018       0x8  INC.o [1]
  .rodata                const       0x4'0020       0x8  INC.o [1]
  .rodata                const       0x4'0028       0x8  INC.o [1]
  .rodata                const       0x4'0030       0x8  INC.o [1]
  .rodata                const       0x4'0038       0x8  INC.o [1]
  .rodata                const       0x4'0040       0x8  INC.o [1]
  .rodata                const       0x4'0048       0x8  INC.o [1]
  .rodata                const       0x4'0050       0x8  INC.o [1]
  .rodata                const       0x4'0058       0x8  INC.o [1]
  .rodata                const       0x4'0060       0x8  INC.o [1]
  .rodata                const       0x4'0068       0x8  INC.o [1]
  .rodata                const       0x4'0070       0x8  INC.o [1]
  .rodata                const       0x4'0078       0x8  INC.o [1]
  .rodata                const       0x4'0080       0x8  INC.o [1]
  .rodata                const       0x4'0088       0x8  INC.o [1]
  .rodata                const       0x4'0090       0x8  INC.o [1]
  .rodata                const       0x4'0098       0x8  INC.o [1]
  .rodata                const       0x4'00a0       0x8  INC.o [1]
  .rodata                const       0x4'00a8       0x8  INC.o [1]
  .rodata                const       0x4'00b0       0x8  INC.o [1]
  .rodata                const       0x4'00b8       0x8  INC.o [1]
  .rodata                const       0x4'00c0       0x8  INC.o [1]
  .rodata                const       0x4'00c8       0x8  INC.o [1]
  .rodata                const       0x4'00d0       0x8  INC.o [1]
  .rodata                const       0x4'00d8       0x8  INC.o [1]
  .rodata                const       0x4'00e0       0x8  INC.o [1]
  .rodata                const       0x4'00e8       0x8  INC.o [1]
  .rodata                const       0x4'00f0       0x8  INC.o [1]
  .rodata                const       0x4'00f8       0x8  INC.o [1]
  .rodata                const       0x4'0100       0x8  INC.o [1]
  .rodata                const       0x4'0108       0x8  INC.o [1]
  .rodata                const       0x4'0110       0x8  INC.o [1]
  .rodata                const       0x4'0118       0x8  INC.o [1]
  .rodata                const       0x4'0120       0x8  INC.o [1]
  .rodata                const       0x4'0128       0x8  INC.o [1]
  .rodata                const       0x4'0130       0x8  INC.o [1]
  .rodata                const       0x4'0138       0x8  INC.o [1]
  .rodata                const       0x4'0140       0x8  INC.o [1]
  .rodata                const       0x4'0148       0x8  INC.o [1]
  .rodata                const       0x4'0150       0x8  INC.o [1]
  .rodata                const       0x4'0158       0x8  INC.o [1]
  .rodata                const       0x4'0160       0x8  INC.o [1]
  .rodata                const       0x4'0168       0x8  INC.o [1]
  .rodata                const       0x4'0170       0x8  INC.o [1]
  .rodata                const       0x4'0178       0x8  INC.o [1]
  .rodata                const       0x4'0180       0x8  INC.o [1]
  .rodata                const       0x4'0188       0x8  INC.o [1]
  .rodata                const       0x4'0190       0x8  INC.o [1]
  .rodata                const       0x4'0198       0x8  INC.o [1]
  .rodata                const       0x4'01a0       0x8  INC.o [1]
  .rodata                const       0x4'01a8       0x8  INC.o [1]
  .rodata                const       0x4'01b0       0x8  INC.o [1]
  .rodata                const       0x4'01b8       0x8  INC.o [1]
  .rodata                const       0x4'01c0       0x8  INC.o [1]
  .rodata                const       0x4'01c8       0x8  INC.o [1]
  .rodata                const       0x4'01d0       0x8  INC.o [1]
  .rodata                const       0x4'01d8       0x8  INC.o [1]
  .rodata                const       0x4'01e0       0x8  INC.o [1]
  .rodata                const       0x4'01e8       0x8  INC.o [1]
  .rodata                const       0x4'01f0       0x8  INC.o [1]
  .rodata                const       0x4'01f8       0x8  INC.o [1]
  .rodata                const       0x4'0200       0x8  INC.o [1]
  .rodata                const       0x4'0208       0x8  INC.o [1]
  .rodata                const       0x4'0210       0x8  INC.o [1]
  .rodata                const       0x4'0218       0x8  INC.o [1]
  .rodata                const       0x4'0220       0x8  INC.o [1]
  .rodata                const       0x4'0228       0x8  INC.o [1]
  .rodata                const       0x4'0230       0x8  INC.o [1]
  .rodata                const       0x4'0238       0x8  INC.o [1]
  .rodata                const       0x4'0240       0x8  INC.o [1]
  .rodata                const       0x4'0248       0x8  INC.o [1]
  .rodata                const       0x4'0250       0x8  INC.o [1]
  .rodata                const       0x4'0258       0x8  INC.o [1]
  .rodata                const       0x4'0260       0x8  INC.o [1]
  .rodata                const       0x4'0268       0x8  INC.o [1]
  .rodata                const       0x4'0270       0x8  INC.o [1]
  .rodata                const       0x4'0278       0x8  INC.o [1]
  .rodata                const       0x4'0280       0x8  INC.o [1]
  .rodata                const       0x4'0288       0x8  INC.o [1]
  .rodata                const       0x4'0290       0x8  INC.o [1]
  .rodata                const       0x4'0298       0x8  INC.o [1]
  .rodata                const       0x4'02a0       0x8  INC.o [1]
  .rodata                const       0x4'02a8       0x8  INC.o [1]
  .rodata                const       0x4'02b0       0x8  INC.o [1]
  .rodata                const       0x4'02b8       0x8  INC.o [1]
  .rodata                const       0x4'02c0       0x8  INC.o [1]
  .rodata                const       0x4'02c8       0x8  INC.o [1]
  .rodata                const       0x4'02d0       0x8  INC.o [1]
  .rodata                const       0x4'02d8       0x8  INC.o [1]
  .rodata                const       0x4'02e0       0x8  INC.o [1]
  .rodata                const       0x4'02e8       0x8  INC.o [1]
  .rodata                const       0x4'02f0       0x8  INC.o [1]
  .rodata                const       0x4'02f8       0x8  INC.o [1]
  .rodata                const       0x4'0300       0x8  INC.o [1]
  .rodata                const       0x4'0308       0x8  INC.o [1]
  .rodata                const       0x4'0310       0x8  INC.o [1]
  .rodata                const       0x4'0318       0x8  INC.o [1]
  .rodata                const       0x4'0320       0x8  INC.o [1]
  .rodata                const       0x4'0328       0x8  INC.o [1]
  .rodata                const       0x4'0330       0x8  INC.o [1]
  .rodata                const       0x4'0338       0x8  INC.o [1]
  .rodata                const       0x4'0340       0x8  INC.o [1]
  .rodata                const       0x4'0348       0x8  INC.o [1]
  .rodata                const       0x4'0350       0x8  INC.o [1]
  .rodata                const       0x4'0358       0x8  INC.o [1]
  .rodata                const       0x4'0360       0x8  INC.o [1]
  .rodata                const       0x4'0368       0x8  INC.o [1]
  .rodata                const       0x4'0370       0x8  INC.o [1]
  .rodata                const       0x4'0378       0x8  INC.o [1]
  .rodata                const       0x4'0380       0x8  INC.o [1]
  .rodata                const       0x4'0388       0x8  INC.o [1]
  .rodata                const       0x4'0390       0x8  INC.o [1]
  .rodata                const       0x4'0398       0x8  INC.o [1]
  .rodata                const       0x4'03a0       0x8  INC.o [1]
  .rodata                const       0x4'03a8       0x8  INC.o [1]
  .rodata                const       0x4'03b0       0x8  INC.o [1]
  .rodata                const       0x4'03b8       0x8  INC.o [1]
  .rodata                const       0x4'03c0       0x8  INC.o [1]
  .rodata                const       0x4'03c8       0x8  INC.o [1]
  .rodata                const       0x4'03d0       0x8  INC.o [1]
  .rodata                const       0x4'03d8       0x8  INC.o [1]
  .rodata                const       0x4'03e0       0x8  INC.o [1]
  .rodata                const       0x4'03e8       0x8  INC.o [1]
  .rodata                const       0x4'03f0       0x8  INC.o [1]
  .rodata                const       0x4'03f8       0x8  INC.o [1]
  .rodata                const       0x4'0400       0x8  INC.o [1]
  .rodata                const       0x4'0408       0x8  INC.o [1]
  .rodata                const       0x4'0410       0x8  INC.o [1]
  .rodata                const       0x4'0418       0x8  INC.o [1]
  .rodata                const       0x4'0420       0x8  INC.o [1]
  .rodata                const       0x4'0428       0x8  INC.o [1]
  .rodata                const       0x4'0430       0x8  INC.o [1]
  .rodata                const       0x4'0438       0x8  INC.o [1]
  .rodata                const       0x4'0440       0x8  INC.o [1]
  .rodata                const       0x4'0448       0x8  INC.o [1]
  .rodata                const       0x4'0450       0x8  INC.o [1]
  .rodata                const       0x4'0458       0x8  INC.o [1]
  .rodata                const       0x4'0460       0x8  INC.o [1]
  .rodata                const       0x4'0468       0x8  INC.o [1]
  .rodata                const       0x4'0470       0x8  INC.o [1]
  .rodata                const       0x4'0478       0x8  INC.o [1]
  .rodata                const       0x4'0480       0x8  INC.o [1]
  .rodata                const       0x4'0488       0x8  INC.o [1]
  .rodata                const       0x4'0490       0x8  INC.o [1]
  .rodata                const       0x4'0498       0x8  INC.o [1]
  .rodata                const       0x4'04a0       0x8  INC.o [1]
  .rodata                const       0x4'04a8       0x8  INC.o [1]
  .rodata                const       0x4'04b0       0x8  INC.o [1]
  .rodata                const       0x4'04b8       0x8  INC.o [1]
  .rodata                const       0x4'04c0       0x8  INC.o [1]
  .rodata                const       0x4'04c8       0x8  INC.o [1]
  .rodata                const       0x4'04d0       0x8  INC.o [1]
  .rodata                const       0x4'04d8       0x8  INC.o [1]
  .rodata                const       0x4'04e0       0x8  INC.o [1]
  .rodata                const       0x4'04e8       0x8  INC.o [1]
  .rodata                const       0x4'04f0       0x8  INC.o [1]
  .rodata                const       0x4'04f8       0x8  INC.o [1]
  .rodata                const       0x4'0500       0x8  INC.o [1]
  .rodata                const       0x4'0508       0x8  INC.o [1]
  .rodata                const       0x4'0510       0x8  INC.o [1]
  .rodata                const       0x4'0518       0x8  INC.o [1]
  .rodata                const       0x4'0520       0x8  INC.o [1]
  .rodata                const       0x4'0528       0x8  INC.o [1]
  .rodata                const       0x4'0530       0x8  INC.o [1]
  .rodata                const       0x4'0538       0x8  INC.o [1]
  .rodata                const       0x4'0540       0x8  INC.o [1]
  .rodata                const       0x4'0548       0x8  INC.o [1]
  .rodata                const       0x4'0550       0x8  INC.o [1]
  .rodata                const       0x4'0558       0x8  INC.o [1]
  .rodata                const       0x4'0560       0x8  INC.o [1]
  .rodata                const       0x4'0568       0x8  INC.o [1]
  .rodata                const       0x4'0570       0x8  INC.o [1]
  .rodata                const       0x4'0578       0x8  INC.o [1]
  .rodata                const       0x4'0580       0x8  INC.o [1]
  .rodata                const       0x4'0588       0x8  INC.o [1]
  .rodata                const       0x4'0590       0x8  INC.o [1]
  .rodata                const       0x4'0598       0x8  INC.o [1]
  .rodata                const       0x4'05a0       0x8  INC.o [1]
  .rodata                const       0x4'05a8       0x8  INC.o [1]
  .rodata                const       0x4'05b0       0x8  INC.o [1]
  .rodata                const       0x4'05b8       0x8  INC.o [1]
  .rodata                const       0x4'05c0       0x8  INC.o [1]
  .rodata                const       0x4'05c8       0x8  INC.o [1]
  .rodata                const       0x4'05d0       0x8  INC.o [1]
  .rodata                const       0x4'05d8       0x8  INC.o [1]
  .rodata                const       0x4'05e0       0x8  INC.o [1]
  .rodata                const       0x4'05e8       0x8  INC.o [1]
  .rodata                const       0x4'05f0       0x8  INC.o [1]
  .rodata                const       0x4'05f8       0x8  INC.o [1]
  .rodata                const       0x4'0600       0x8  INC.o [1]
  .rodata                const       0x4'0608       0x8  INC.o [1]
  .rodata                const       0x4'0610       0x8  INC.o [1]
  .rodata                const       0x4'0618       0x8  INC.o [1]
  .rodata                const       0x4'0620       0x8  INC.o [1]
  .rodata                const       0x4'0628       0x8  INC.o [1]
  .rodata                const       0x4'0630       0x8  INC.o [1]
  .rodata                const       0x4'0638       0x8  INC.o [1]
  .rodata                const       0x4'0640       0x8  INC.o [1]
  .rodata                const       0x4'0648       0x8  INC.o [1]
  .rodata                const       0x4'0650       0x8  INC.o [1]
  .rodata                const       0x4'0658       0x8  INC.o [1]
  .rodata                const       0x4'0660       0x8  INC.o [1]
  .rodata                const       0x4'0668       0x8  INC.o [1]
  .rodata                const       0x4'0670       0x8  INC.o [1]
  .rodata                const       0x4'0678       0x8  INC.o [1]
  .rodata                const       0x4'0680       0x8  INC.o [1]
  .rodata                const       0x4'0688       0x8  INC.o [1]
  .rodata                const       0x4'0690       0x8  INC.o [1]
  .rodata                const       0x4'0698       0x8  INC.o [1]
  .rodata                const       0x4'06a0       0x8  INC.o [1]
  .rodata                const       0x4'06a8       0x8  INC.o [1]
  .rodata                const       0x4'06b0       0x8  INC.o [1]
  .rodata                const       0x4'06b8       0x8  INC.o [1]
  .rodata                const       0x4'06c0       0x8  INC.o [1]
  .rodata                const       0x4'06c8       0x8  INC.o [1]
  .rodata                const       0x4'06d0       0x8  INC.o [1]
  .rodata                const       0x4'06d8       0x8  INC.o [1]
  .rodata                const       0x4'06e0       0x8  INC.o [1]
  .rodata                const       0x4'06e8       0x8  INC.o [1]
  .rodata                const       0x4'06f0       0x8  INC.o [1]
  .rodata                const       0x4'06f8       0x8  INC.o [1]
  .rodata                const       0x4'0700       0x8  INC.o [1]
  .rodata                const       0x4'0708       0x8  INC.o [1]
  .rodata                const       0x4'0710       0x8  INC.o [1]
  .rodata                const       0x4'0718       0x8  INC.o [1]
  .rodata                const       0x4'0720       0x8  INC.o [1]
  .rodata                const       0x4'0728       0x8  INC.o [1]
  .rodata                const       0x4'0730       0x8  INC.o [1]
  .rodata                const       0x4'0738       0x8  INC.o [1]
  .rodata                const       0x4'0740       0x8  INC.o [1]
  .rodata                const       0x4'0748       0x8  INC.o [1]
  .rodata                const       0x4'0750       0x8  INC.o [1]
  .rodata                const       0x4'0758       0x8  INC.o [1]
  .rodata                const       0x4'0760       0x8  INC.o [1]
  .rodata                const       0x4'0768       0x8  INC.o [1]
  .rodata                const       0x4'0770       0x8  INC.o [1]
  .rodata                const       0x4'0778       0x8  INC.o [1]
  .rodata                const       0x4'0780       0x8  INC.o [1]
  .rodata                const       0x4'0788       0x8  INC.o [1]
  .rodata                const       0x4'0790       0x8  INC.o [1]
  .rodata                const       0x4'0798       0x8  INC.o [1]
  .rodata                const       0x4'07a0       0x8  INC.o [1]
  .rodata                const       0x4'07a8       0x8  INC.o [1]
  .rodata                const       0x4'07b0       0x8  INC.o [1]
  .rodata                const       0x4'07b8       0x8  INC.o [1]
  .rodata                const       0x4'07c0       0x4  INC.o [1]
  .rodata                const       0x4'07c4       0x4  INC.o [1]
  .rodata                const       0x4'07c8       0x4  INC.o [1]
  .rodata                const       0x4'07cc       0x4  INC.o [1]
  .rodata                const       0x4'07d0       0x4  INC.o [1]
  .rodata                const       0x4'07d4       0x4  INC.o [1]
  .rodata                const       0x4'07d8       0x4  INC.o [1]
  .rodata                const       0x4'07dc       0x4  INC.o [1]
  .rodata                const       0x4'07e0       0x4  INC.o [1]
  .rodata                const       0x4'07e4       0x4  INC.o [1]
  .rodata                const       0x4'07e8       0x4  INC.o [1]
[...]
can_ConfigReg(word)::time2_connect
                        0x8000'd0d8     0x2  Data  Lc  INC.o [1]
can_ConfigReg(word)::time_connect
                        0x8000'd0d6     0x2  Data  Lc  INC.o [1]
can_ConfigReg(word)::trigg_connect
                        0x8000'd158     0x1  Data  Lc  INC.o [1]
can_aflut               0x8000'cb58    0x18  Data  Gb  INC.o [1]
can_config(unsigned char)
                           0x2'48e1   0x758  Code  Gb  INC.o [1]
can_dd                  0x8000'c594    0x54  Data  Gb  INC.o [1]
can_deInit(unsigned char)
                           0x2'504d   0x1e0  Code  Gb  INC.o [1]
can_fifo                0x8000'c2f8    0x80  Data  Gb  INC.o [1]
can_init(unsigned char)
                           0x2'5a37    0x36  Code  Gb  INC.o [1]
can_irq_flag            0x8000'cf10     0x2  Data  Gb  INC.o [1]
can_mast_init(unsigned char)
                           0x2'bef9    0x5c  Code  Gb  INC.o [1]
can_master(byte, byte)::Mtime_connect
                        0x8000'd0e2     0x2  Data  Lc  INC.o [1]
can_master(byte, byte)::Mtime_connect2
                        0x8000'd0e4     0x2  Data  Lc  INC.o [1]
can_master(byte, byte)::Mtrigg_connect
                        0x8000'd166     0x1  Data  Lc  INC.o [1]
can_master(byte, byte)::Mtrigg_connect2
                        0x8000'd167     0x1  Data  Lc  INC.o [1]
can_master(byte, byte)::mark
                        0x8000'd162     0x1  Data  Lc  INC.o [1]
can_master(byte, byte)::mark2
                        0x8000'd165     0x1  Data  Lc  INC.o [1]
can_master(byte, byte)::time_scan
                        0x8000'd0e0     0x2  Data  Lc  INC.o [1]
can_master(byte, byte)::trig_scan
                        0x8000'd161     0x1  Data  Lc  INC.o [1]
can_master(byte, byte)::trig_scan2
                        0x8000'd164     0x1  Data  Lc  INC.o [1]
can_master(byte, byte)::tst_scan
                        0x8000'd160     0x1  Data  Lc  INC.o [1]
can_master(byte, byte)::tst_scan2
                        0x8000'd163     0x1  Data  Lc  INC.o [1]
can_master(unsigned char, unsigned char)
                           0x2'd361   0x510  Code  Gb  INC.o [1]
can_md                  0x8000'c754    0x40  Data  Gb  INC.o [1]
can_obj(unsigned short)
                           0x2'4715     0x6  Code  Gb  INC.o [1]
can_sd                  0x8000'bdfc    0xf0  Data  Gb  INC.o [1]
can_slave(unsigned char)
                           0x2'64f3    0x3c  Code  Gb  INC.o [1]
can_slv_init(unsigned char)
                           0x2'5a6d    0xac  Code  Gb  INC.o [1]
can_test(unsigned char)
                           0x2'5235   0x1cc  Code  Gb  INC.o [1]
canr                    0x8000'c870    0x38  Data  Gb  INC.o [1]
cantransfer             0x8000'b6c0   0x200  Data  Gb  INC.o [1]
ccs                     0x8000'd135     0x1  Data  Gb  INC.o [1]
channelTemp             0x8000'cf62     0x2  Data  Gb  INC.o [1]
channelsetup            0x8000'c470    0x6c  Data  Gb  INC.o [1]
check_msg_time()             0x72ad    0xd4  Code  Gb  INC.o [1]
clock_ed                0x8000'd0f1     0x1  Data  Gb  INC.o [1]
clock_max               0x8000'cec0     0x2  Data  Gb  INC.o [1]
comm_Par                0x8000'cd58     0x8  Data  Gb  INC.o [1]
comm_count              0x8000'd134     0x1  Data  Gb  INC.o [1]
comm_len                0x8000'd133     0x1  Data  Gb  INC.o [1]
comm_word               0x8000'd04a     0x2  Data  Gb  INC.o [1]
comm_word_old           0x8000'd04c     0x2  Data  Gb  INC.o [1]
controlFan(unsigned short)
                           0x1'ae55   0x26e  Code  Gb  INC.o [1]
controlFan(word)::Time_t_tir
                        0x8000'd0c2     0x2  Data  Lc  INC.o [1]
controlFan(word)::Time_temper_min
                        0x8000'd0c4     0x2  Data  Lc  INC.o [1]
copy_code_rezerv        0x8000'd10f     0x1  Data  Gb  INC.o [1]
correct_master_id(unsigned char, canMSG_Fuj *)
                           0x2'c0e9    0x80  Code  Gb  INC.o [1]
cosf                       0x3'2e91     0x4  Code  Gb  cos_sin32.o [3]
count_dp_wait           0x8000'd068     0x2  Data  Gb  INC.o [1]
crezerv                    0x4'096c     0x2  Data  Lc  INC.o [1]
ctpl                       0x3'd74c    0x14  Data  Lc  INC.o [1]
dTime_tst_sp            0x8000'cf42     0x2  Data  Gb  INC.o [1]
dZ_Sk                   0x8000'cf92     0x2  Data  Gb  INC.o [1]
d_time                  0x8000'ccf0     0x8  Data  Gb  INC.o [1]
dfgg                    0x8000'd11b     0x1  Data  Gb  INC.o [1]
dn_revers               0x8000'd113     0x1  Data  Gb  INC.o [1]
dptr                    0x8000'ce34     0x4  Data  Gb  INC.o [1]
drob_FSk                0x8000'cfb2     0x2  Data  Gb  INC.o [1]
dscr_data               0x8000'c70c    0x48  Data  Gb  INC.o [1]
dt_revers               0x8000'ceea     0x2  Data  Gb  INC.o [1]
dtizm                   0x8000'ce98     0x2  Data  Gb  INC.o [1]
emcx                    0x1000'1cd0     0x4  Data  Gb  INC.o [1]
exit                       0x3'd173     0x4  Code  Gb  exit.o [2]
exp                        0x3'3429    0x44  Code  Gb  exp64.o [3]
expl                       0x3'3429    0x44  Code  Gb  exp64.o [3]
fTemper                 0x8000'c910    0x30  Data  Gb  INC.o [1]
feed_b                  0x8000'd132     0x1  Data  Gb  INC.o [1]
flag_net                0x8000'd111     0x1  Data  Gb  INC.o [1]
flag_rs485              0x8000'cdd0     0x4  Data  Gb  INC.o [1]
flgO                    0x8000'cf74     0x2  Data  Gb  INC.o [1]
flg_RaTe                0x8000'cf02     0x2  Data  Gb  INC.o [1]
fmodf                      0x3'2b55          Code  Gb  fmodf.o [3]
fpu_init()                    0xf9d    0x4e  Code  Gb  INC.o [1]
fr1                     0x8000'cf98     0x2  Data  Gb  INC.o [1]
fr2                     0x8000'cf9a     0x2  Data  Gb  INC.o [1]
i                       0x8000'd12e     0x1  Data  Gb  INC.o [1]
i2c_av_addr             0x8000'cdc0     0x4  Data  Gb  INC.o [1]
i2c_av_label            0x8000'd0ff     0x1  Data  Gb  INC.o [1]
i2c_jrn_addr            0x8000'ce3c     0x4  Data  Gb  INC.o [1]
i2c_jrn_label           0x8000'd13c     0x1  Data  Gb  INC.o [1]
i2c_label               0x8000'd0fe     0x1  Data  Gb  INC.o [1]
i2c_str                 0x8000'cd70     0x4  Data  Gb  INC.o [1]
i_nepr                  0x8000'cf6e     0x2  Data  Gb  INC.o [1]
i_prer                  0x8000'cf6c     0x2  Data  Gb  INC.o [1]
ind_net1                0x1000'11c0   0x510  Data  Gb  INC.o [1]
ind_net2                0x1000'16d0   0x4c8  Data  Gb  INC.o [1]
ind_net3                0x1000'1b98    0x48  Data  Gb  INC.o [1]
ind_reg                    0x3'a6f8   0x438  Data  Lc  INC.o [1]
ind_serv                   0x3'ab30   0x438  Data  Lc  INC.o [1]
init_DZV()                 0x1'c1fd    0x5c  Code  Gb  INC.o [1]
init_sifu_epa(unsigned short)
                             0x5fd1   0x146  Code  Gb  INC.o [1]
init_syn_epa(unsigned short)
                             0x5f21    0x9a  Code  Gb  INC.o [1]
init_var_mtab()            0x2'd2c5    0x90  Code  Gb  INC.o [1]
j_ext                   0x8000'ce40     0x4  Data  Gb  INC.o [1]
jrn_adr_data            0x8000'ce38     0x4  Data  Gb  INC.o [1]
l_time                  0x8000'ccf8     0x8  Data  Gb  INC.o [1]
label_dat               0x8000'ce92     0x2  Data  Gb  INC.o [1]
ldexp                      0x3'3831          Code  Gb  ldexp.o [3]
ldexpl                     0x3'3831          Code  Gb  ldexp.o [3]
led_con                 0x8000'cd08     0x8  Data  Gb  INC.o [1]
len_blok                0x8000'ce20     0x4  Data  Gb  INC.o [1]
len_blok_old            0x8000'd052     0x2  Data  Gb  INC.o [1]
len_trans               0x8000'ce24     0x4  Data  Gb  INC.o [1]
link_stop_point         0x8000'd046     0x2  Data  Gb  INC.o [1]
load_obl_ust(unsigned short)
                           0x1'69f1   0x1c6  Code  Gb  INC.o [1]
log                        0x3'3425     0x4  Code  Gb  logx64.o [3]
logl                       0x3'3425     0x4  Code  Gb  logx64.o [3]
lpoint                  0x8000'd05c     0x2  Data  Gb  INC.o [1]
mRestart_Output()            0x8165    0x46  Code  Gb  INC.o [1]
m_addr                  0x8000'ceb6     0x2  Data  Gb  INC.o [1]
m_buff                  0x8000'cc04    0x10  Data  Gb  INC.o [1]
m_ch                    0x8000'd0f8     0x1  Data  Gb  INC.o [1]
m_dax                   0x8000'cd10     0x8  Data  Gb  INC.o [1]
m_dbx                   0x8000'cd18     0x8  Data  Gb  INC.o [1]
m_ext                   0x8000'ceb8     0x2  Data  Gb  INC.o [1]
m_index                 0x8000'ceb2     0x2  Data  Gb  INC.o [1]
m_lext                  0x8000'cda0     0x4  Data  Gb  INC.o [1]
m_old                   0x8000'ceba     0x2  Data  Gb  INC.o [1]
m_time                  0x8000'ceb4     0x2  Data  Gb  INC.o [1]
main                       0x1'cdd1   0x56a  Code  Gb  INC.o [1]
mask_predupr            0x8000'ce10     0x4  Data  Gb  INC.o [1]
mask_predupr2           0x8000'ce14     0x4  Data  Gb  INC.o [1]
mask_predupr3           0x8000'ce18     0x4  Data  Gb  INC.o [1]
mask_service            0x8000'cd94     0x4  Data  Gb  INC.o [1]
mask_service2           0x8000'cd98     0x4  Data  Gb  INC.o [1]
mask_service3           0x8000'cd9c     0x4  Data  Gb  INC.o [1]
master_break(Abonent_form *, unsigned char, unsigned char)
                           0x2'd0f5   0x1c8  Code  Gb  INC.o [1]
master_read(char *, Abonent_form *, unsigned char)
                           0x2'c249   0x616  Code  Gb  INC.o [1]
master_xwrite(char, char *, Abonent_form *, unsigned char)
                           0x2'c86d   0x5be  Code  Gb  INC.o [1]
mco_vkl                 0x8000'd117     0x1  Data  Gb  INC.o [1]
modbus_slave(Tmodbus_packet *, Tmodbus_packet *)
                           0x2'dba5   0x5d0  Code  Gb  INC.o [1]
modff                      0x3'2ae5          Code  Gb  modff.o [3]
monitor_rmsg            0x8000'caa0    0x20  Data  Gb  INC.o [1]
msg_av                  0x8000'c838    0x38  Data  Gb  INC.o [1]
msg_buf                 0x8000'c8e0    0x30  Data  Gb  INC.o [1]
msg_reg                 0x8000'c800    0x38  Data  Gb  INC.o [1]
n                       0x8000'd12c     0x1  Data  Gb  INC.o [1]
n_clock                 0x8000'cebe     0x2  Data  Gb  INC.o [1]
newFrame                0x8000'cf20     0x2  Data  Gb  INC.o [1]
newbyte                 0x8000'cf22     0x2  Data  Gb  INC.o [1]
nn                      0x8000'd12d     0x1  Data  Gb  INC.o [1]
nuk                     0x8000'd12f     0x1  Data  Gb  INC.o [1]
nuk_max                 0x8000'd131     0x1  Data  Gb  INC.o [1]
num_txt                 0x1000'1c14     0x8  Data  Gb  INC.o [1]
numb_line               0x8000'ce1c     0x4  Data  Gb  INC.o [1]
numb_text               0x8000'd03c     0x2  Data  Gb  INC.o [1]
obj_ConfigReg(unsigned short)
                           0x1'b0f5   0x104  Code  Gb  INC.o [1]
output_ch()                  0xa953    0x1e  Code  Gb  INC.o [1]
output_str()                 0xa9cd    0x48  Code  Gb  INC.o [1]
pCANTransfer            0x8000'cdc8     0x4  Data  Gb  INC.o [1]
pFE                     0x8000'd128     0x1  Data  Gb  INC.o [1]
pGPDMACh                0x1000'1c9c    0x20  Data  Gb  INC.o [1]
pSyn                    0x8000'cdc4     0x4  Data  Gb  INC.o [1]
pdf(unsigned short, unsigned short, PDF_data *)
                           0x1'7f71   0x1fc  Code  Gb  INC.o [1]
pdf(word, word, PDF_data *)::LabelTemp
                        0x8000'd0ba     0x2  Data  Lc  INC.o [1]
pdf(word, word, PDF_data *)::Summ
                        0x8000'ce6c     0x4  Data  Lc  INC.o [1]
pdf(word, word, PDF_data *)::counter
                        0x8000'd0b8     0x2  Data  Lc  INC.o [1]
pdf(word, word, PDF_data *)::time23
                        0x8000'd0b6     0x2  Data  Lc  INC.o [1]
pdf_drv_data            0x8000'cc44    0x10  Data  Gb  INC.o [1]
pdf_drv_init(unsigned short)
                           0x1'7e8b    0xa8  Code  Gb  INC.o [1]
pdf_init()                 0x1'7f43     0xa  Code  Gb  INC.o [1]
pdf_input()                0x1'7f4d    0x10  Code  Gb  INC.o [1]
peregr                     0x3'b9e8   0x2a0  Data  Lc  INC.o [1]
ppg_dut                 0x8000'cbd0    0x14  Data  Gb  INC.o [1]
pr                      0x8000'cd74     0x4  Data  Gb  INC.o [1]
prEDS                   0x8000'd01c     0x2  Data  Gb  INC.o [1]
print_message(MSG_reg *)
                             0x65f5   0xc6e  Code  Gb  INC.o [1]
read_data               0x8000'c634    0x48  Data  Gb  INC.o [1]
read_dscr(unsigned char, Abonent_form *, unsigned char)
                           0x2'ce35   0x2c0  Code  Gb  INC.o [1]
read_rezerv()              0x1'8f69     0x6  Code  Gb  INC.o [1]
read_ssio(LPC_SSP_TypeDef *)
                             0x87d1    0x10  Code  Gb  INC.o [1]
read_write_ssio(LPC_SSP_TypeDef *, unsigned short)
                             0x87f3    0x14  Code  Gb  INC.o [1]
request                 0x8000'7d00   0xc20  Data  Gb  INC.o [1]
rmb                     0x8000'9540   0xc20  Data  Gb  INC.o [1]
s_ax                    0x8000'cefa     0x2  Data  Gb  INC.o [1]
s_cx                    0x8000'cefc     0x2  Data  Gb  INC.o [1]
s_short                 0x8000'c8a8    0x38  Data  Gb  INC.o [1]
s_tx                    0x8000'c9a0    0x30  Data  Gb  INC.o [1]
sbh                     0x8000'd139     0x1  Data  Gb  INC.o [1]
scalbln                    0x3'3831          Code  Gb  ldexp.o [3]
scalblnl                   0x3'3831          Code  Gb  ldexp.o [3]
scalbn                     0x3'3831          Code  Gb  ldexp.o [3]
scalbnl                    0x3'3831          Code  Gb  ldexp.o [3]
seek_index(unsigned char, char *)
                           0x2'5bb1    0x58  Code  Gb  INC.o [1]
setTypeUst()               0x1'695f    0x84  Code  Gb  INC.o [1]
sio_start()                  0x872f    0x70  Code  Gb  INC.o [1]
sl_cond_old             0x8000'cf36     0x2  Data  Gb  INC.o [1]
sl_d                    0x8000'c970    0x30  Data  Gb  INC.o [1]
sld_cw                  0x8000'd04e     0x2  Data  Gb  INC.o [1]
sld_max                 0x8000'cf32     0x2  Data  Gb  INC.o [1]
sld_min                 0x8000'cf34     0x2  Data  Gb  INC.o [1]
sled                    0x8000'baac   0x134  Data  Gb  INC.o [1]
smb                     0x8000'a160   0xc20  Data  Gb  INC.o [1]
ssio_busy               0x8000'd122     0x1  Data  Gb  INC.o [1]
state_rs                0x8000'cf1a     0x2  Data  Gb  INC.o [1]
stb_ADC_masht              0x3'b390   0x380  Data  Lc  INC.o [1]
stb_avar                   0x3'9310   0x7e0  Data  Lc  INC.o [1]
stb_masht                  0x3'9af0   0x658  Data  Lc  INC.o [1]
stb_net1                   0x3'cdd0    0x38  Data  Lc  INC.o [1]
stb_net2                   0x3'af68   0x428  Data  Lc  INC.o [1]
stb_net3                   0x3'cbe0    0x70  Data  Lc  INC.o [1]
stb_net4                   0x3'c8b8    0xa8  Data  Lc  INC.o [1]
stb_obj                    0x3'c278   0x1c0  Data  Lc  INC.o [1]
stb_reg                    0x3'7778   0xa10  Data  Lc  INC.o [1]
stb_serv                   0x3'a148   0x5b0  Data  Lc  INC.o [1]
stop_point              0x8000'd102     0x1  Data  Gb  INC.o [1]
stop_point1             0x8000'd103     0x1  Data  Gb  INC.o [1]
stop_pointD             0x8000'd10a     0x1  Data  Gb  INC.o [1]
stop_pointD1            0x8000'd10b     0x1  Data  Gb  INC.o [1]
stop_pointP             0x8000'd108     0x1  Data  Gb  INC.o [1]
stop_pointP1            0x8000'd109     0x1  Data  Gb  INC.o [1]
stop_pointR             0x8000'd10c     0x1  Data  Gb  INC.o [1]
stop_pointR1            0x8000'd10d     0x1  Data  Gb  INC.o [1]
stop_pointS             0x8000'd104     0x1  Data  Gb  INC.o [1]
stop_pointS1            0x8000'd105     0x1  Data  Gb  INC.o [1]
stop_pointV             0x8000'd106     0x1  Data  Gb  INC.o [1]
stop_pointV1            0x8000'd107     0x1  Data  Gb  INC.o [1]
str_addr                0x8000'cdb8     0x4  Data  Gb  INC.o [1]
svar                       0x3'f930    0x10  Data  Lc  INC.o [1]
t_abDev1                0x8000'beec    0xf0  Data  Gb  INC.o [1]
t_abDev21               0x8000'c0bc    0xa0  Data  Gb  INC.o [1]
t_clock                 0x8000'cebc     0x2  Data  Gb  INC.o [1]
t_fan                   0x8000'cf56     0x2  Data  Gb  INC.o [1]
tab_ab                     0x3'd23c    0x18  Data  Lc  INC.o [1]
test_receive_msg(unsigned char, canMSG_Fuj *)
                           0x2'c027    0x28  Code  Gb  INC.o [1]
time_Id_max             0x8000'cfd8     0x2  Data  Gb  INC.o [1]
time_Store              0x8000'd07a     0x2  Data  Gb  INC.o [1]
time_Svet               0x8000'ceb0     0x2  Data  Gb  INC.o [1]
time_VR1                0x8000'd11c     0x1  Data  Gb  INC.o [1]
time_scan2              0x8000'cf14     0x2  Data  Gb  INC.o [1]
timerVentAvar           0x8000'cf5a     0x2  Data  Gb  INC.o [1]
timer_dp_wait           0x8000'd066     0x2  Data  Gb  INC.o [1]
tpl                     0x8000'cb00    0x20  Data  Gb  INC.o [1]
trans_blok              0x8000'd048     0x2  Data  Gb  INC.o [1]
trg_time                0x8000'd138     0x1  Data  Gb  INC.o [1]
trig                    0x8000'cedc     0x2  Data  Gb  INC.o [1]
tx                      0x8000'ce9a     0x2  Data  Gb  INC.o [1]
tx_addr                 0x8000'cd48     0x8  Data  Gb  INC.o [1]
tzisk                   0x8000'cfe4     0x2  Data  Gb  INC.o [1]
u_Clock                    0x3'd038    0x20  Data  Lc  INC.o [1]
upr_ax                  0x8000'cfc6     0x2  Data  Gb  INC.o [1]
upr_bx                  0x8000'cfc8     0x2  Data  Gb  INC.o [1]
upr_label               0x8000'cfc4     0x2  Data  Gb  INC.o [1]
upr_time                0x8000'cfca     0x2  Data  Gb  INC.o [1]
var_tab1                   0x3'66f8  0x107c  Data  Lc  INC.o [1]
virtual_can_sd          0x8000'c3f8    0x78  Data  Gb  INC.o [1]
virtual_svar               0x4'07b8     0x8  Data  Lc  INC.o [1]
watchdog_init(unsigned short)
                              0xb09    0x4a  Code  Gb  INC.o [1]
watchdog_reset()              0xb85     0x8  Code  Gb  INC.o [1]
wr_Diskr                0x8000'd050     0x2  Data  Gb  INC.o [1]
write_data              0x8000'c67c    0x48  Data  Gb  INC.o [1]
write_ssio(LPC_SSP_TypeDef *, unsigned short)
                             0x87e1    0x12  Code  Gb  INC.o [1]
xClock(I2C_time *)           0xbff1   0x40c  Code  Gb  INC.o [1]
xClock_ust(I2C_time *)       0xc521   0xc52  Code  Gb  INC.o [1]
xClock_ust(I2C_time *)::R_WSTime_On
                        0x8000'd086     0x2  Data  Lc  INC.o [1]
xClock_ust(I2C_time *)::WTime
                        0x8000'd088     0x2  Data  Lc  INC.o [1]
xClock_ust(I2C_time *)::s_time
                        0x8000'cd60     0x8  Data  Lc  INC.o [1]
xOvr_Time_Schet(I2C_time *)
                             0x1dbd    0x6e  Code  Gb  INC.o [1]
xRd_wr_ust(unsigned short, unsigned short, unsigned short)
                           0x1'6c63   0x358  Code  Gb  INC.o [1]
xSave_Ust(byte)::Label_ust
                        0x8000'd14f     0x1  Data  Lc  INC.o [1]
xSave_Ust(byte)::cWrite_ust
                        0x8000'd150     0x1  Data  Lc  INC.o [1]
xSave_Ust(byte)::copy_obl
                        0x8000'd151     0x1  Data  Lc  INC.o [1]
xSave_Ust(unsigned char)
                           0x1'757d   0x33a  Code  Gb  INC.o [1]
xSleep(char, Sleep_data *, short)
                           0x2'bf55    0x50  Code  Gb  INC.o [1]
xadr_obl_ust(unsigned short, unsigned short)
                           0x1'6bc1    0x7a  Code  Gb  INC.o [1]
zad_res                 0x8000'ccb8     0xc  Data  Gb  INC.o [1]
zeds                    0x8000'cfe2     0x2  Data  Gb  INC.o [1]
zi_rs                   0x8000'c7c0    0x40  Data  Gb  INC.o [1]
zi_rt                   0x8000'cbb8    0x18  Data  Gb  INC.o [1]
zskmax                  0x8000'cfe6     0x2  Data  Gb  INC.o [1]


[1] = C:\project_Ger_ATK.cm3\KTE\ATK_SET\PRJ.CM3\Debug\Obj
[2] = dl7M_tln.a
[3] = m7M_tls.a
[4] = rt7M_tl.a
[5] = shb_l.a

  211'726 bytes of readonly  code memory
   52'839 bytes of readonly  data memory
   63'043 bytes of readwrite data memory (+ 524'288 absolute)

Errors: none
Warnings: none
