###############################################################################
#
# IAR ELF Linker V9.20.4.327/W64 for ARM                  22/Aug/2025  11:55:30
# Copyright 2007-2022 IAR Systems AB.
#
#    Output file  =
#        C:\project_Ger_ATK.cm3\KTE\AD_ROT\ATK_ROT\PRJ.CM3\Debug\Exe\c.out_nochecksum
#    Map file     =
#        C:\project_Ger_ATK.cm3\KTE\AD_ROT\ATK_ROT\PRJ.CM3\Debug\List\c.map
#    Command line =
#        -f
#        C:\project_Ger_ATK.cm3\KTE\AD_ROT\ATK_ROT\PRJ.CM3\Debug\Exe\c.out_nochecksum.rsp
#        (C:\project_Ger_ATK.cm3\KTE\AD_ROT\ATK_ROT\PRJ.CM3\Debug\Obj\INC.o
#        C:\project_Ger_ATK.cm3\KTE\AD_ROT\ATK_ROT\PRJ.CM3\Debug\Obj\startup_LPC407x_8x_177x_8x.o
#        --no_out_extension -o
#        C:\project_Ger_ATK.cm3\KTE\AD_ROT\ATK_ROT\PRJ.CM3\Debug\Exe\c.out_nochecksum
#        --redirect _Printf=_PrintfFullNoMb --redirect _Scanf=_ScanfFullNoMb
#        --map
#        C:\project_Ger_ATK.cm3\KTE\AD_ROT\ATK_ROT\PRJ.CM3\Debug\List\c.map
#        --config
#        C:\project_Ger_ATK.cm3\KTE\AD_ROT\ATK_ROT\PRJ.CM3\..\..\..\..\STANDART\CM\ldscript_irom_iar.icf
#        --semihosting --entry __iar_program_start --vfe --text_out locale)
#
###############################################################################

*******************************************************************************
*** RUNTIME MODEL ATTRIBUTES
***

CppFlavor                     = *
__CPP_Exceptions              = Disabled
__CPP_Language                = C++14
__CPP_Library                 = DLib
__CPP_Runtime                 = 1
__SystemLibrary               = DLib
__dlib_dynamic_initialization = normal
__dlib_version                = 6


*******************************************************************************
*** HEAP SELECTION
***

The basic heap was selected because no calls to memory allocation
functions were found in the application outside of system library
functions, and there are calls to deallocation functions in the
application.


*******************************************************************************
*** PLACEMENT SUMMARY
***

"A0":  place at address 0x0 { section .intvec };
"A1":  place at address 0x2fc { section CRPKEY };
"P1":  place in [from 0x0 to 0x7'ffff] { ro };
define block CSTACK with size = 2K, alignment = 8 { };
define block HEAP with size = 512, alignment = 8 { };
"P2":  place in [from 0x1000'0000 to 0x1000'ffff] {
          rw, block CSTACK, block HEAP };
"P4":  place in [from 0x8000'0000 to 0x800f'ffff] { section .bss };
initialize by copy with packing = zeros { rw };

No sections matched the following patterns:

  section .noinit  in "P5"
  section USB_RAM  in "P3"


  Section                Kind         Address      Size  Object
  -------                ----         -------      ----  ------
"A0":                                              0xe4
  .intvec                ro code          0x0      0xe4  startup_LPC407x_8x_177x_8x.o [1]
                                       - 0xe4      0xe4

"P1", part 1 of 2:                                0x16e
  .text                  ro code         0xe4      0x3a  rle_init_single.o [4]
  .text                  ro code        0x120      0xa6  ABImemcpy.o [4]
  .text                  ro code        0x1c6      0x1c  INC.o [1]
  .rodata                const          0x1e2       0x2  INC.o [1]
  .text                  ro code        0x1e4      0x48  FltToDbl.o [3]
  .rodata                const          0x22c       0x2  INC.o [1]
  .text                  ro code        0x230      0x22  DblToU32.o [3]
                                      - 0x252     0x16e

"A1":                                               0x4
  CRPKEY                 ro code        0x2fc       0x4  startup_LPC407x_8x_177x_8x.o [1]
                                      - 0x300       0x4

"P1", part 2 of 2:                             0x3'9dd7
  .text                  ro code        0x300  0x2'dfee  INC.o [1]
  .text                  ro code     0x2'e2f0     0x25e  DblAddSub.o [3]
  .text                  ro code     0x2'e54e      0x3c  INC.o [1]
  .rodata                const       0x2'e58a       0x2  INC.o [1]
  .text                  ro code     0x2'e58c      0xcc  fmodf.o [3]
  .text                  ro code     0x2'e658      0x22  S32ToDbl.o [3]
  .rodata                const       0x2'e67a       0x2  INC.o [1]
  .text                  ro code     0x2'e67c      0x1c  U32ToDbl.o [3]
  .text                  ro code     0x2'e698      0x34  DblCmpGe.o [3]
  .text                  ro code     0x2'e6cc     0x1aa  DblMul.o [3]
  .rodata                const       0x2'e876       0x2  INC.o [1]
  .text                  ro code     0x2'e878     0x246  DblDiv.o [3]
  .rodata                const       0x2'eabe       0x2  INC.o [1]
  .text                  ro code     0x2'eac0      0x36  DblToS32.o [3]
  .rodata                const       0x2'eaf6       0x2  INC.o [1]
  .text                  ro code     0x2'eaf8      0x34  DblCmpLe.o [3]
  .text                  ro code     0x2'eb2c      0x68  DblToFlt.o [3]
  .text                  ro code     0x2'eb94      0x20  DblCmpEq.o [3]
  .text                  ro code     0x2'ebb4     0x230  I64DivMod.o [4]
  .text                  ro code     0x2'ede4      0x60  modff.o [3]
  .text                  ro code     0x2'ee44      0x4e  INC.o [1]
  .text                  ro code     0x2'ee92      0x28  INC.o [1]
  .text                  ro code     0x2'eeba       0x4  INC.o [1]
  .rodata                const       0x2'eebe       0x2  INC.o [1]
  .text                  ro code     0x2'eec0      0x48  atanf.o [3]
  .text                  ro code     0x2'ef08      0x1e  math_wrappers64.o [3]
  .rodata                const       0x2'ef26       0x2  INC.o [1]
  .text                  ro code     0x2'ef28       0x2  I64DivZer.o [4]
  .rodata                const       0x2'ef2a       0x2  INC.o [1]
  .text                  ro code     0x2'ef2c      0xa4  xatanf.o [3]
  .text                  ro code     0x2'efd0     0x2dc  logx64.o [3]
  .text                  ro code     0x2'f2ac      0x44  exp64.o [3]
  .text                  ro code     0x2'f2f0      0x70  frexp.o [3]
  .text                  ro code     0x2'f360     0x2d4  iar_Exp64.o [3]
  .text                  ro code     0x2'f634     0x13a  ldexp.o [3]
  .rodata                const       0x2'f76e       0x2  INC.o [1]
  .rodata                const       0x2'f770     0xee0  INC.o [1]
  .rodata                const       0x3'0650     0xe4c  INC.o [1]
  .rodata                const       0x3'149c     0xd80  INC.o [1]
  Initializer bytes      const       0x3'221c     0xc1e  <for P2-1> (used: 0xc01)
  .rodata                const       0x3'2e3c      0x2c  INC.o [1]
  .rodata                const       0x3'2e68     0x6c8  INC.o [1]
  .rodata                const       0x3'3530     0x688  INC.o [1]
  .rodata                const       0x3'3bb8     0x4d0  INC.o [1]
  .rodata                const       0x3'4088     0x428  INC.o [1]
  .rodata                const       0x3'44b0     0x428  INC.o [1]
  .rodata                const       0x3'48d8     0x414  INC.o [1]
  .rodata                const       0x3'4cec      0x24  INC.o [1]
  .rodata                const       0x3'4d10     0x3f0  INC.o [1]
  .rodata                const       0x3'5100     0x380  INC.o [1]
  .rodata                const       0x3'5480     0x33c  INC.o [1]
  .rodata                const       0x3'57bc     0x2d8  INC.o [1]
  .rodata                const       0x3'5a94      0x24  INC.o [1]
  .rodata                const       0x3'5ab8     0x2a0  INC.o [1]
  .rodata                const       0x3'5d58     0x230  INC.o [1]
  .rodata                const       0x3'5f88     0x218  INC.o [1]
  .rodata                const       0x3'61a0     0x200  INC.o [1]
  .rodata                const       0x3'63a0     0x1ec  INC.o [1]
  .rodata                const       0x3'658c     0x1b0  INC.o [1]
  .rodata                const       0x3'673c     0x134  INC.o [1]
  .rodata                const       0x3'6870      0xe8  INC.o [1]
  .rodata                const       0x3'6958      0xc0  INC.o [1]
  .rodata                const       0x3'6a18      0xa8  INC.o [1]
  .rodata                const       0x3'6ac0      0xa8  INC.o [1]
  .rodata                const       0x3'6b68      0x9c  INC.o [1]
  .rodata                const       0x3'6c04      0x98  INC.o [1]
  .rodata                const       0x3'6c9c      0x1c  INC.o [1]
  .rodata                const       0x3'6cb8      0x70  INC.o [1]
  .rodata                const       0x3'6d28      0x60  INC.o [1]
  .rodata                const       0x3'6d88      0x48  INC.o [1]
  .rodata                const       0x3'6dd0      0x48  INC.o [1]
  .rodata                const       0x3'6e18      0x40  INC.o [1]
  .rodata                const       0x3'6e58      0x38  INC.o [1]
  .text                  ro code     0x3'6e90      0x38  zero_init3.o [4]
  .rodata                const       0x3'6ec8      0x30  INC.o [1]
  .rodata                const       0x3'6ef8      0x30  INC.o [1]
  .rodata                const       0x3'6f28      0x30  INC.o [1]
  .rodata                const       0x3'6f58      0x28  INC.o [1]
  .rodata                const       0x3'6f80      0x28  INC.o [1]
  .text                  ro code     0x3'6fa8      0x28  data_init.o [4]
  .text                  ro code     0x3'6fd0      0x22  fpinit_M.o [3]
  .iar.init_table        const       0x3'6ff4      0x2c  - Linker created -
  .rodata                const       0x3'7020       0x2  INC.o [1]
  .rodata                const       0x3'7024      0x20  INC.o [1]
  .rodata                const       0x3'7044      0x20  INC.o [1]
  .rodata                const       0x3'7064      0x20  INC.o [1]
  .rodata                const       0x3'7084      0x20  INC.o [1]
  .rodata                const       0x3'70a4      0x20  INC.o [1]
  .rodata                const       0x3'70c4      0x20  INC.o [1]
  .rodata                const       0x3'70e4      0x20  INC.o [1]
  .rodata                const       0x3'7104      0x20  INC.o [1]
  .rodata                const       0x3'7124      0x20  INC.o [1]
  .rodata                const       0x3'7144      0x20  INC.o [1]
  .text                  ro code     0x3'7164      0x20  cmain_call_ctors.o [4]
  .text                  ro code     0x3'7184      0x18  cppinit.o [2]
  .text                  ro code     0x3'719c      0x1e  cmain.o [4]
  .text                  ro code     0x3'71ba       0x4  low_level_init.o [2]
  .text                  ro code     0x3'71be       0x4  exit.o [2]
  .rodata                const       0x3'71c2       0x2  INC.o [1]
  .text                  ro code     0x3'71c4       0xa  cexit.o [4]
  .rodata                const       0x3'71ce       0x2  INC.o [1]
  .text                  ro code     0x3'71d0      0x14  exit.o [5]
  .rodata                const       0x3'71e4      0x1c  INC.o [1]
  .text                  ro code     0x3'7200      0x1c  cstartup_M.o [4]
  .rodata                const       0x3'721c      0x18  INC.o [1]
  .rodata                const       0x3'7234      0x18  INC.o [1]
  .rodata                const       0x3'724c      0x18  INC.o [1]
  .rodata                const       0x3'7264      0x18  INC.o [1]
  .rodata                const       0x3'727c      0x14  INC.o [1]
  .rodata                const       0x3'7290      0x14  INC.o [1]
  .rodata                const       0x3'72a4      0x14  INC.o [1]
  .rodata                const       0x3'72b8      0x14  INC.o [1]
  .rodata                const       0x3'72cc      0x14  INC.o [1]
  .rodata                const       0x3'72e0      0x14  INC.o [1]
  .rodata                const       0x3'72f4      0x14  INC.o [1]
  .rodata                const       0x3'7308      0x14  INC.o [1]
  .rodata                const       0x3'731c      0x14  INC.o [1]
  .rodata                const       0x3'7330      0x14  INC.o [1]
  .rodata                const       0x3'7344      0x14  INC.o [1]
  .rodata                const       0x3'7358      0x14  INC.o [1]
  .rodata                const       0x3'736c      0x14  INC.o [1]
  .rodata                const       0x3'7380      0x14  INC.o [1]
  .rodata                const       0x3'7394      0x14  INC.o [1]
  .rodata                const       0x3'73a8      0x14  INC.o [1]
  .rodata                const       0x3'73bc      0x14  INC.o [1]
  .rodata                const       0x3'73d0      0x14  INC.o [1]
  .rodata                const       0x3'73e4      0x14  INC.o [1]
  .rodata                const       0x3'73f8      0x14  INC.o [1]
  .rodata                const       0x3'740c      0x14  INC.o [1]
  .rodata                const       0x3'7420      0x14  INC.o [1]
  .rodata                const       0x3'7434      0x14  INC.o [1]
  .rodata                const       0x3'7448      0x14  INC.o [1]
  .rodata                const       0x3'745c      0x14  INC.o [1]
  .rodata                const       0x3'7470      0x14  INC.o [1]
  .rodata                const       0x3'7484      0x14  INC.o [1]
  .rodata                const       0x3'7498      0x14  INC.o [1]
  .rodata                const       0x3'74ac      0x14  INC.o [1]
  .rodata                const       0x3'74c0      0x14  INC.o [1]
  .rodata                const       0x3'74d4      0x14  INC.o [1]
  .rodata                const       0x3'74e8      0x14  INC.o [1]
  .rodata                const       0x3'74fc      0x14  INC.o [1]
  .rodata                const       0x3'7510      0x14  INC.o [1]
  .rodata                const       0x3'7524      0x14  INC.o [1]
  .rodata                const       0x3'7538      0x14  INC.o [1]
  .rodata                const       0x3'754c      0x14  INC.o [1]
  .rodata                const       0x3'7560      0x14  INC.o [1]
  .rodata                const       0x3'7574      0x14  INC.o [1]
  .rodata                const       0x3'7588      0x14  INC.o [1]
  .rodata                const       0x3'759c      0x14  INC.o [1]
  .rodata                const       0x3'75b0      0x14  INC.o [1]
  .rodata                const       0x3'75c4      0x14  INC.o [1]
  .rodata                const       0x3'75d8      0x14  INC.o [1]
  .rodata                const       0x3'75ec      0x14  INC.o [1]
  .rodata                const       0x3'7600      0x14  INC.o [1]
  .rodata                const       0x3'7614      0x14  INC.o [1]
  .rodata                const       0x3'7628      0x14  INC.o [1]
  .rodata                const       0x3'763c      0x14  INC.o [1]
  .rodata                const       0x3'7650      0x14  INC.o [1]
  .rodata                const       0x3'7664      0x14  INC.o [1]
  .rodata                const       0x3'7678      0x14  INC.o [1]
  .rodata                const       0x3'768c      0x14  INC.o [1]
  .rodata                const       0x3'76a0      0x14  INC.o [1]
  .rodata                const       0x3'76b4      0x14  INC.o [1]
  .rodata                const       0x3'76c8      0x14  INC.o [1]
  .rodata                const       0x3'76dc      0x14  INC.o [1]
  .rodata                const       0x3'76f0      0x14  INC.o [1]
  .rodata                const       0x3'7704      0x14  INC.o [1]
  .rodata                const       0x3'7718      0x14  INC.o [1]
  .rodata                const       0x3'772c      0x14  INC.o [1]
  .rodata                const       0x3'7740      0x14  INC.o [1]
  .rodata                const       0x3'7754      0x14  INC.o [1]
  .rodata                const       0x3'7768      0x14  INC.o [1]
  .rodata                const       0x3'777c      0x14  INC.o [1]
  .rodata                const       0x3'7790      0x14  INC.o [1]
  .rodata                const       0x3'77a4      0x14  INC.o [1]
  .rodata                const       0x3'77b8      0x10  INC.o [1]
  .rodata                const       0x3'77c8      0x10  INC.o [1]
  .rodata                const       0x3'77d8      0x10  INC.o [1]
  .rodata                const       0x3'77e8      0x10  INC.o [1]
  .rodata                const       0x3'77f8      0x10  INC.o [1]
  .rodata                const       0x3'7808      0x10  INC.o [1]
  .rodata                const       0x3'7818      0x10  INC.o [1]
  .rodata                const       0x3'7828      0x10  INC.o [1]
  .rodata                const       0x3'7838      0x10  INC.o [1]
  .rodata                const       0x3'7848      0x10  INC.o [1]
  .rodata                const       0x3'7858      0x10  INC.o [1]
  .rodata                const       0x3'7868      0x10  INC.o [1]
  .rodata                const       0x3'7878      0x10  INC.o [1]
  .rodata                const       0x3'7888      0x10  INC.o [1]
  .rodata                const       0x3'7898      0x10  INC.o [1]
  .rodata                const       0x3'78a8      0x10  INC.o [1]
  .rodata                const       0x3'78b8      0x10  INC.o [1]
  .rodata                const       0x3'78c8      0x10  INC.o [1]
  .rodata                const       0x3'78d8      0x10  INC.o [1]
  .rodata                const       0x3'78e8      0x10  INC.o [1]
  .rodata                const       0x3'78f8      0x10  INC.o [1]
  .rodata                const       0x3'7908      0x10  INC.o [1]
  .rodata                const       0x3'7918      0x10  INC.o [1]
  .rodata                const       0x3'7928      0x10  INC.o [1]
  .rodata                const       0x3'7938      0x10  INC.o [1]
  .rodata                const       0x3'7948      0x10  INC.o [1]
  .rodata                const       0x3'7958      0x10  INC.o [1]
  .rodata                const       0x3'7968      0x10  INC.o [1]
  .rodata                const       0x3'7978      0x10  INC.o [1]
  .rodata                const       0x3'7988      0x10  INC.o [1]
  .rodata                const       0x3'7998      0x10  INC.o [1]
  .rodata                const       0x3'79a8      0x10  INC.o [1]
  .rodata                const       0x3'79b8      0x10  INC.o [1]
  .rodata                const       0x3'79c8      0x10  INC.o [1]
  .rodata                const       0x3'79d8      0x10  INC.o [1]
  .rodata                const       0x3'79e8      0x10  INC.o [1]
  .rodata                const       0x3'79f8      0x10  INC.o [1]
  .rodata                const       0x3'7a08      0x10  INC.o [1]
  .rodata                const       0x3'7a18      0x10  INC.o [1]
  .rodata                const       0x3'7a28      0x10  INC.o [1]
  .rodata                const       0x3'7a38      0x10  INC.o [1]
  .rodata                const       0x3'7a48      0x10  INC.o [1]
  .rodata                const       0x3'7a58      0x10  INC.o [1]
  .rodata                const       0x3'7a68      0x10  INC.o [1]
  .rodata                const       0x3'7a78      0x10  INC.o [1]
  .rodata                const       0x3'7a88      0x10  INC.o [1]
  .rodata                const       0x3'7a98      0x10  INC.o [1]
  .rodata                const       0x3'7aa8      0x10  INC.o [1]
  .rodata                const       0x3'7ab8      0x10  INC.o [1]
  .rodata                const       0x3'7ac8      0x10  INC.o [1]
  .rodata                const       0x3'7ad8      0x10  INC.o [1]
  .rodata                const       0x3'7ae8      0x10  INC.o [1]
  .rodata                const       0x3'7af8      0x10  INC.o [1]
  .rodata                const       0x3'7b08      0x10  INC.o [1]
  .rodata                const       0x3'7b18      0x10  INC.o [1]
  .rodata                const       0x3'7b28      0x10  INC.o [1]
  .rodata                const       0x3'7b38      0x10  INC.o [1]
  .rodata                const       0x3'7b48      0x10  INC.o [1]
  .rodata                const       0x3'7b58      0x10  INC.o [1]
  .rodata                const       0x3'7b68      0x10  INC.o [1]
  .rodata                const       0x3'7b78      0x10  INC.o [1]
  .rodata                const       0x3'7b88      0x10  INC.o [1]
  .rodata                const       0x3'7b98      0x10  INC.o [1]
  .rodata                const       0x3'7ba8      0x10  INC.o [1]
  .rodata                const       0x3'7bb8      0x10  INC.o [1]
  .rodata                const       0x3'7bc8      0x10  INC.o [1]
  .rodata                const       0x3'7bd8      0x10  INC.o [1]
  .rodata                const       0x3'7be8      0x10  INC.o [1]
  .rodata                const       0x3'7bf8      0x10  INC.o [1]
  .rodata                const       0x3'7c08      0x10  INC.o [1]
  .rodata                const       0x3'7c18      0x10  INC.o [1]
  .rodata                const       0x3'7c28      0x10  INC.o [1]
  .rodata                const       0x3'7c38      0x10  INC.o [1]
  .rodata                const       0x3'7c48      0x10  INC.o [1]
  .rodata                const       0x3'7c58      0x10  INC.o [1]
  .rodata                const       0x3'7c68      0x10  INC.o [1]
  .rodata                const       0x3'7c78      0x10  INC.o [1]
  .rodata                const       0x3'7c88      0x10  INC.o [1]
  .rodata                const       0x3'7c98      0x10  INC.o [1]
  .rodata                const       0x3'7ca8      0x10  INC.o [1]
  .rodata                const       0x3'7cb8      0x10  INC.o [1]
  .rodata                const       0x3'7cc8      0x10  INC.o [1]
  .rodata                const       0x3'7cd8      0x10  INC.o [1]
  .rodata                const       0x3'7ce8      0x10  INC.o [1]
  .rodata                const       0x3'7cf8      0x10  INC.o [1]
  .rodata                const       0x3'7d08      0x10  INC.o [1]
  .rodata                const       0x3'7d18      0x10  INC.o [1]
  .rodata                const       0x3'7d28      0x10  INC.o [1]
  .rodata                const       0x3'7d38      0x10  INC.o [1]
  .rodata                const       0x3'7d48      0x10  INC.o [1]
  .rodata                const       0x3'7d58      0x10  INC.o [1]
  .rodata                const       0x3'7d68      0x10  INC.o [1]
  .rodata                const       0x3'7d78      0x10  INC.o [1]
  .rodata                const       0x3'7d88      0x10  INC.o [1]
  .rodata                const       0x3'7d98      0x10  INC.o [1]
  .rodata                const       0x3'7da8      0x10  INC.o [1]
  .rodata                const       0x3'7db8      0x10  INC.o [1]
  .rodata                const       0x3'7dc8      0x10  INC.o [1]
  .rodata                const       0x3'7dd8      0x10  INC.o [1]
  .rodata                const       0x3'7de8      0x10  INC.o [1]
  .rodata                const       0x3'7df8      0x10  INC.o [1]
  .rodata                const       0x3'7e08      0x10  INC.o [1]
  .rodata                const       0x3'7e18      0x10  INC.o [1]
  .rodata                const       0x3'7e28      0x10  INC.o [1]
  .rodata                const       0x3'7e38      0x10  INC.o [1]
  .rodata                const       0x3'7e48      0x10  INC.o [1]
  .rodata                const       0x3'7e58      0x10  INC.o [1]
  .rodata                const       0x3'7e68      0x10  INC.o [1]
  .rodata                const       0x3'7e78      0x10  INC.o [1]
  .rodata                const       0x3'7e88      0x10  INC.o [1]
  .rodata                const       0x3'7e98      0x10  INC.o [1]
  .rodata                const       0x3'7ea8      0x10  INC.o [1]
  .rodata                const       0x3'7eb8      0x10  INC.o [1]
  .rodata                const       0x3'7ec8      0x10  INC.o [1]
  .rodata                const       0x3'7ed8      0x10  INC.o [1]
  .rodata                const       0x3'7ee8      0x10  INC.o [1]
  .rodata                const       0x3'7ef8      0x10  INC.o [1]
  .rodata                const       0x3'7f08      0x10  INC.o [1]
  .rodata                const       0x3'7f18      0x10  INC.o [1]
  .rodata                const       0x3'7f28      0x10  INC.o [1]
  .rodata                const       0x3'7f38      0x10  INC.o [1]
  .rodata                const       0x3'7f48      0x10  INC.o [1]
  .rodata                const       0x3'7f58      0x10  INC.o [1]
  .rodata                const       0x3'7f68      0x10  INC.o [1]
  .rodata                const       0x3'7f78      0x10  INC.o [1]
  .rodata                const       0x3'7f88      0x10  INC.o [1]
  .rodata                const       0x3'7f98      0x10  INC.o [1]
  .rodata                const       0x3'7fa8      0x10  INC.o [1]
  .rodata                const       0x3'7fb8      0x10  INC.o [1]
  .rodata                const       0x3'7fc8      0x10  INC.o [1]
  .rodata                const       0x3'7fd8      0x10  INC.o [1]
  .rodata                const       0x3'7fe8      0x10  INC.o [1]
  .rodata                const       0x3'7ff8      0x10  INC.o [1]
  .rodata                const       0x3'8008      0x10  INC.o [1]
  .rodata                const       0x3'8018      0x10  INC.o [1]
  .rodata                const       0x3'8028      0x10  INC.o [1]
  .rodata                const       0x3'8038      0x10  INC.o [1]
  .rodata                const       0x3'8048      0x10  INC.o [1]
  .rodata                const       0x3'8058      0x10  INC.o [1]
  .rodata                const       0x3'8068      0x10  INC.o [1]
  .rodata                const       0x3'8078      0x10  INC.o [1]
  .rodata                const       0x3'8088      0x10  INC.o [1]
  .rodata                const       0x3'8098      0x10  INC.o [1]
  .rodata                const       0x3'80a8      0x10  INC.o [1]
  .rodata                const       0x3'80b8      0x10  INC.o [1]
  .rodata                const       0x3'80c8      0x10  INC.o [1]
  .rodata                const       0x3'80d8      0x10  INC.o [1]
  .rodata                const       0x3'80e8      0x10  INC.o [1]
  .rodata                const       0x3'80f8      0x10  INC.o [1]
  .rodata                const       0x3'8108      0x10  INC.o [1]
  .rodata                const       0x3'8118      0x10  INC.o [1]
  .rodata                const       0x3'8128      0x10  INC.o [1]
  .rodata                const       0x3'8138      0x10  INC.o [1]
  .rodata                const       0x3'8148      0x10  INC.o [1]
  .rodata                const       0x3'8158      0x10  INC.o [1]
  .rodata                const       0x3'8168      0x10  INC.o [1]
  .rodata                const       0x3'8178      0x10  INC.o [1]
  .rodata                const       0x3'8188      0x10  INC.o [1]
  .rodata                const       0x3'8198      0x10  INC.o [1]
  .rodata                const       0x3'81a8      0x10  INC.o [1]
  .rodata                const       0x3'81b8      0x10  INC.o [1]
  .rodata                const       0x3'81c8      0x10  INC.o [1]
  .rodata                const       0x3'81d8      0x10  INC.o [1]
  .rodata                const       0x3'81e8      0x10  INC.o [1]
  .rodata                const       0x3'81f8      0x10  INC.o [1]
  .rodata                const       0x3'8208      0x10  INC.o [1]
  .rodata                const       0x3'8218      0x10  INC.o [1]
  .rodata                const       0x3'8228      0x10  INC.o [1]
  .rodata                const       0x3'8238      0x10  INC.o [1]
  .rodata                const       0x3'8248      0x10  INC.o [1]
  .rodata                const       0x3'8258      0x10  INC.o [1]
  .rodata                const       0x3'8268      0x10  INC.o [1]
  .rodata                const       0x3'8278      0x10  INC.o [1]
  .rodata                const       0x3'8288      0x10  INC.o [1]
  .rodata                const       0x3'8298      0x10  INC.o [1]
  .rodata                const       0x3'82a8      0x10  INC.o [1]
  .rodata                const       0x3'82b8      0x10  INC.o [1]
  .rodata                const       0x3'82c8      0x10  INC.o [1]
  .rodata                const       0x3'82d8      0x10  INC.o [1]
  .rodata                const       0x3'82e8      0x10  INC.o [1]
  .rodata                const       0x3'82f8      0x10  INC.o [1]
  .rodata                const       0x3'8308      0x10  INC.o [1]
  .rodata                const       0x3'8318      0x10  INC.o [1]
  .rodata                const       0x3'8328      0x10  INC.o [1]
  .rodata                const       0x3'8338      0x10  INC.o [1]
  .rodata                const       0x3'8348      0x10  INC.o [1]
  .rodata                const       0x3'8358      0x10  INC.o [1]
  .rodata                const       0x3'8368      0x10  INC.o [1]
  .rodata                const       0x3'8378      0x10  INC.o [1]
  .rodata                const       0x3'8388      0x10  INC.o [1]
  .rodata                const       0x3'8398      0x10  INC.o [1]
  .rodata                const       0x3'83a8      0x10  INC.o [1]
  .rodata                const       0x3'83b8      0x10  INC.o [1]
  .rodata                const       0x3'83c8      0x10  INC.o [1]
  .rodata                const       0x3'83d8      0x10  INC.o [1]
  .rodata                const       0x3'83e8      0x10  INC.o [1]
  .rodata                const       0x3'83f8      0x10  INC.o [1]
  .rodata                const       0x3'8408      0x10  INC.o [1]
  .rodata                const       0x3'8418      0x10  INC.o [1]
  .rodata                const       0x3'8428      0x10  INC.o [1]
  .rodata                const       0x3'8438      0x10  INC.o [1]
  .rodata                const       0x3'8448      0x10  INC.o [1]
  .rodata                const       0x3'8458      0x10  INC.o [1]
  .rodata                const       0x3'8468      0x10  INC.o [1]
  .rodata                const       0x3'8478      0x10  INC.o [1]
  .rodata                const       0x3'8488      0x10  INC.o [1]
  .rodata                const       0x3'8498      0x10  INC.o [1]
  .rodata                const       0x3'84a8      0x10  INC.o [1]
  .rodata                const       0x3'84b8      0x10  INC.o [1]
  .rodata                const       0x3'84c8      0x10  INC.o [1]
  .rodata                const       0x3'84d8      0x10  INC.o [1]
  .rodata                const       0x3'84e8      0x10  INC.o [1]
  .rodata                const       0x3'84f8      0x10  INC.o [1]
  .rodata                const       0x3'8508      0x10  INC.o [1]
  .rodata                const       0x3'8518      0x10  INC.o [1]
  .rodata                const       0x3'8528      0x10  INC.o [1]
  .rodata                const       0x3'8538      0x10  INC.o [1]
  .rodata                const       0x3'8548      0x10  INC.o [1]
  .rodata                const       0x3'8558      0x10  INC.o [1]
  .rodata                const       0x3'8568      0x10  INC.o [1]
  .rodata                const       0x3'8578      0x10  INC.o [1]
  .rodata                const       0x3'8588      0x10  INC.o [1]
  .rodata                const       0x3'8598      0x10  INC.o [1]
  .rodata                const       0x3'85a8      0x10  INC.o [1]
  .rodata                const       0x3'85b8      0x10  INC.o [1]
  .rodata                const       0x3'85c8      0x10  INC.o [1]
  .rodata                const       0x3'85d8      0x10  INC.o [1]
  .rodata                const       0x3'85e8      0x10  INC.o [1]
  .rodata                const       0x3'85f8      0x10  INC.o [1]
  .rodata                const       0x3'8608      0x10  INC.o [1]
  .rodata                const       0x3'8618      0x10  INC.o [1]
  .rodata                const       0x3'8628      0x10  INC.o [1]
  .rodata                const       0x3'8638      0x10  INC.o [1]
  .rodata                const       0x3'8648      0x10  INC.o [1]
  .rodata                const       0x3'8658      0x10  INC.o [1]
  .rodata                const       0x3'8668      0x10  INC.o [1]
  .rodata                const       0x3'8678      0x10  INC.o [1]
  .rodata                const       0x3'8688      0x10  INC.o [1]
  .rodata                const       0x3'8698      0x10  INC.o [1]
  .rodata                const       0x3'86a8      0x10  INC.o [1]
  .rodata                const       0x3'86b8      0x10  INC.o [1]
  .rodata                const       0x3'86c8      0x10  INC.o [1]
  .rodata                const       0x3'86d8      0x10  INC.o [1]
  .rodata                const       0x3'86e8      0x10  INC.o [1]
  .rodata                const       0x3'86f8      0x10  INC.o [1]
  .rodata                const       0x3'8708      0x10  INC.o [1]
  .rodata                const       0x3'8718      0x10  INC.o [1]
  .rodata                const       0x3'8728      0x10  INC.o [1]
  .rodata                const       0x3'8738      0x10  INC.o [1]
  .rodata                const       0x3'8748      0x10  INC.o [1]
  .rodata                const       0x3'8758      0x10  INC.o [1]
  .rodata                const       0x3'8768      0x10  INC.o [1]
  .rodata                const       0x3'8778      0x10  INC.o [1]
  .rodata                const       0x3'8788      0x10  INC.o [1]
  .rodata                const       0x3'8798      0x10  INC.o [1]
  .rodata                const       0x3'87a8      0x10  INC.o [1]
  .rodata                const       0x3'87b8      0x10  INC.o [1]
  .rodata                const       0x3'87c8      0x10  INC.o [1]
  .rodata                const       0x3'87d8      0x10  INC.o [1]
  .rodata                const       0x3'87e8      0x10  INC.o [1]
  .rodata                const       0x3'87f8      0x10  INC.o [1]
  .rodata                const       0x3'8808      0x10  INC.o [1]
  .rodata                const       0x3'8818      0x10  INC.o [1]
  .rodata                const       0x3'8828      0x10  INC.o [1]
  .rodata                const       0x3'8838      0x10  INC.o [1]
  .rodata                const       0x3'8848      0x10  INC.o [1]
  .rodata                const       0x3'8858      0x10  INC.o [1]
  .rodata                const       0x3'8868      0x10  INC.o [1]
  .rodata                const       0x3'8878      0x10  INC.o [1]
  .rodata                const       0x3'8888      0x10  INC.o [1]
  .rodata                const       0x3'8898      0x10  INC.o [1]
  .rodata                const       0x3'88a8      0x10  INC.o [1]
  .rodata                const       0x3'88b8      0x10  INC.o [1]
  .rodata                const       0x3'88c8      0x10  INC.o [1]
  .rodata                const       0x3'88d8      0x10  INC.o [1]
  .rodata                const       0x3'88e8      0x10  INC.o [1]
  .rodata                const       0x3'88f8      0x10  INC.o [1]
  .rodata                const       0x3'8908      0x10  INC.o [1]
  .rodata                const       0x3'8918      0x10  INC.o [1]
  .rodata                const       0x3'8928      0x10  INC.o [1]
  .rodata                const       0x3'8938      0x10  INC.o [1]
  .rodata                const       0x3'8948      0x10  INC.o [1]
  .rodata                const       0x3'8958      0x10  INC.o [1]
  .rodata                const       0x3'8968      0x10  INC.o [1]
  .rodata                const       0x3'8978      0x10  INC.o [1]
  .rodata                const       0x3'8988      0x10  INC.o [1]
  .rodata                const       0x3'8998      0x10  INC.o [1]
  .rodata                const       0x3'89a8      0x10  INC.o [1]
  .rodata                const       0x3'89b8      0x10  INC.o [1]
  .rodata                const       0x3'89c8      0x10  INC.o [1]
  .rodata                const       0x3'89d8      0x10  INC.o [1]
  .rodata                const       0x3'89e8      0x10  INC.o [1]
  .rodata                const       0x3'89f8      0x10  INC.o [1]
  .rodata                const       0x3'8a08      0x10  INC.o [1]
  .rodata                const       0x3'8a18      0x10  INC.o [1]
  .rodata                const       0x3'8a28      0x10  INC.o [1]
  .rodata                const       0x3'8a38      0x10  INC.o [1]
  .rodata                const       0x3'8a48      0x10  INC.o [1]
  .rodata                const       0x3'8a58      0x10  INC.o [1]
  .rodata                const       0x3'8a68      0x10  INC.o [1]
  .rodata                const       0x3'8a78      0x10  INC.o [1]
  .rodata                const       0x3'8a88      0x10  INC.o [1]
  .rodata                const       0x3'8a98      0x10  INC.o [1]
  .rodata                const       0x3'8aa8      0x10  INC.o [1]
  .rodata                const       0x3'8ab8      0x10  INC.o [1]
  .rodata                const       0x3'8ac8      0x10  INC.o [1]
  .rodata                const       0x3'8ad8      0x10  INC.o [1]
  .rodata                const       0x3'8ae8      0x10  INC.o [1]
  .rodata                const       0x3'8af8      0x10  INC.o [1]
  .rodata                const       0x3'8b08      0x10  INC.o [1]
  .rodata                const       0x3'8b18      0x10  INC.o [1]
  .rodata                const       0x3'8b28      0x10  INC.o [1]
  .rodata                const       0x3'8b38      0x10  INC.o [1]
  .rodata                const       0x3'8b48      0x10  INC.o [1]
  .rodata                const       0x3'8b58      0x10  INC.o [1]
  .rodata                const       0x3'8b68      0x10  INC.o [1]
  .rodata                const       0x3'8b78      0x10  INC.o [1]
  .rodata                const       0x3'8b88      0x10  INC.o [1]
  .rodata                const       0x3'8b98      0x10  INC.o [1]
  .rodata                const       0x3'8ba8      0x10  INC.o [1]
  .rodata                const       0x3'8bb8      0x10  INC.o [1]
  .rodata                const       0x3'8bc8      0x10  INC.o [1]
  .rodata                const       0x3'8bd8      0x10  INC.o [1]
  .rodata                const       0x3'8be8      0x10  INC.o [1]
  .rodata                const       0x3'8bf8      0x10  INC.o [1]
  .rodata                const       0x3'8c08      0x10  INC.o [1]
  .rodata                const       0x3'8c18      0x10  INC.o [1]
  .rodata                const       0x3'8c28      0x10  INC.o [1]
  .rodata                const       0x3'8c38      0x10  INC.o [1]
  .rodata                const       0x3'8c48      0x10  INC.o [1]
  .rodata                const       0x3'8c58      0x10  INC.o [1]
  .rodata                const       0x3'8c68      0x10  INC.o [1]
  .rodata                const       0x3'8c78      0x10  INC.o [1]
  .rodata                const       0x3'8c88      0x10  INC.o [1]
  .rodata                const       0x3'8c98      0x10  INC.o [1]
  .rodata                const       0x3'8ca8      0x10  INC.o [1]
  .rodata                const       0x3'8cb8      0x10  INC.o [1]
  .rodata                const       0x3'8cc8      0x10  INC.o [1]
  .rodata                const       0x3'8cd8      0x10  INC.o [1]
  .rodata                const       0x3'8ce8      0x10  INC.o [1]
  .rodata                const       0x3'8cf8      0x10  INC.o [1]
  .rodata                const       0x3'8d08      0x10  INC.o [1]
  .rodata                const       0x3'8d18      0x10  INC.o [1]
  .rodata                const       0x3'8d28      0x10  INC.o [1]
  .rodata                const       0x3'8d38      0x10  INC.o [1]
  .rodata                const       0x3'8d48      0x10  INC.o [1]
  .rodata                const       0x3'8d58      0x10  INC.o [1]
  .rodata                const       0x3'8d68      0x10  INC.o [1]
  .rodata                const       0x3'8d78      0x10  INC.o [1]
  .rodata                const       0x3'8d88      0x10  INC.o [1]
  .rodata                const       0x3'8d98      0x10  INC.o [1]
  .rodata                const       0x3'8da8      0x10  INC.o [1]
  .rodata                const       0x3'8db8      0x10  INC.o [1]
  .rodata                const       0x3'8dc8      0x10  INC.o [1]
  .rodata                const       0x3'8dd8      0x10  INC.o [1]
  .rodata                const       0x3'8de8      0x10  INC.o [1]
  .rodata                const       0x3'8df8      0x10  INC.o [1]
  .rodata                const       0x3'8e08      0x10  INC.o [1]
  .rodata                const       0x3'8e18      0x10  INC.o [1]
  .rodata                const       0x3'8e28      0x10  INC.o [1]
  .rodata                const       0x3'8e38      0x10  INC.o [1]
  .rodata                const       0x3'8e48      0x10  INC.o [1]
  .rodata                const       0x3'8e58      0x10  INC.o [1]
  .rodata                const       0x3'8e68      0x10  INC.o [1]
  .rodata                const       0x3'8e78      0x10  INC.o [1]
  .rodata                const       0x3'8e88      0x10  INC.o [1]
  .rodata                const       0x3'8e98      0x10  INC.o [1]
  .rodata                const       0x3'8ea8      0x10  INC.o [1]
  .rodata                const       0x3'8eb8      0x10  INC.o [1]
  .rodata                const       0x3'8ec8      0x10  INC.o [1]
  .rodata                const       0x3'8ed8      0x10  INC.o [1]
  .rodata                const       0x3'8ee8      0x10  INC.o [1]
  .rodata                const       0x3'8ef8      0x10  INC.o [1]
  .rodata                const       0x3'8f08      0x10  INC.o [1]
  .rodata                const       0x3'8f18      0x10  INC.o [1]
  .rodata                const       0x3'8f28      0x10  INC.o [1]
  .rodata                const       0x3'8f38      0x10  INC.o [1]
  .rodata                const       0x3'8f48      0x10  INC.o [1]
  .rodata                const       0x3'8f58      0x10  INC.o [1]
  .rodata                const       0x3'8f68      0x10  INC.o [1]
  .rodata                const       0x3'8f78      0x10  INC.o [1]
  .rodata                const       0x3'8f88      0x10  INC.o [1]
  .rodata                const       0x3'8f98      0x10  INC.o [1]
  .rodata                const       0x3'8fa8      0x10  INC.o [1]
  .rodata                const       0x3'8fb8      0x10  INC.o [1]
  .rodata                const       0x3'8fc8      0x10  INC.o [1]
  .rodata                const       0x3'8fd8      0x10  INC.o [1]
  .rodata                const       0x3'8fe8      0x10  INC.o [1]
  .rodata                const       0x3'8ff8      0x10  INC.o [1]
  .rodata                const       0x3'9008      0x10  INC.o [1]
  .rodata                const       0x3'9018      0x10  INC.o [1]
  .rodata                const       0x3'9028      0x10  INC.o [1]
  .rodata                const       0x3'9038      0x10  INC.o [1]
  .rodata                const       0x3'9048      0x10  INC.o [1]
  .rodata                const       0x3'9058      0x10  INC.o [1]
  .rodata                const       0x3'9068      0x10  INC.o [1]
  .rodata                const       0x3'9078      0x10  INC.o [1]
  .rodata                const       0x3'9088      0x10  INC.o [1]
  .rodata                const       0x3'9098      0x10  INC.o [1]
  .rodata                const       0x3'90a8      0x10  INC.o [1]
  .rodata                const       0x3'90b8      0x10  INC.o [1]
  .rodata                const       0x3'90c8      0x10  INC.o [1]
  .rodata                const       0x3'90d8      0x10  INC.o [1]
  .rodata                const       0x3'90e8      0x10  INC.o [1]
  .rodata                const       0x3'90f8      0x10  INC.o [1]
  .rodata                const       0x3'9108      0x10  INC.o [1]
  .rodata                const       0x3'9118      0x10  INC.o [1]
  .rodata                const       0x3'9128      0x10  INC.o [1]
  .rodata                const       0x3'9138      0x10  INC.o [1]
  .rodata                const       0x3'9148      0x10  INC.o [1]
  .rodata                const       0x3'9158      0x10  INC.o [1]
  .rodata                const       0x3'9168      0x10  INC.o [1]
  .rodata                const       0x3'9178      0x10  INC.o [1]
  .rodata                const       0x3'9188      0x10  INC.o [1]
  .rodata                const       0x3'9198      0x10  INC.o [1]
  .rodata                const       0x3'91a8      0x10  INC.o [1]
  .rodata                const       0x3'91b8      0x10  INC.o [1]
  .rodata                const       0x3'91c8      0x10  INC.o [1]
  .rodata                const       0x3'91d8      0x10  INC.o [1]
  .rodata                const       0x3'91e8      0x10  INC.o [1]
  .rodata                const       0x3'91f8      0x10  INC.o [1]
  .rodata                const       0x3'9208      0x10  INC.o [1]
  .rodata                const       0x3'9218      0x10  INC.o [1]
  .rodata                const       0x3'9228      0x10  INC.o [1]
  .rodata                const       0x3'9238      0x10  INC.o [1]
  .rodata                const       0x3'9248      0x10  INC.o [1]
  .rodata                const       0x3'9258      0x10  INC.o [1]
  .rodata                const       0x3'9268      0x10  INC.o [1]
  .rodata                const       0x3'9278      0x10  INC.o [1]
  .rodata                const       0x3'9288      0x10  INC.o [1]
  .rodata                const       0x3'9298      0x10  INC.o [1]
  .rodata                const       0x3'92a8      0x10  INC.o [1]
  .text                  ro code     0x3'92b8      0x10  startup_LPC407x_8x_177x_8x.o [1]
  .rodata                const       0x3'92c8       0xc  INC.o [1]
  .rodata                const       0x3'92d4       0xc  INC.o [1]
  .rodata                const       0x3'92e0       0xc  INC.o [1]
  .rodata                const       0x3'92ec       0xc  INC.o [1]
  .rodata                const       0x3'92f8       0xc  INC.o [1]
  .rodata                const       0x3'9304       0xc  INC.o [1]
  .rodata                const       0x3'9310       0xc  INC.o [1]
  .rodata                const       0x3'931c       0xc  INC.o [1]
  .rodata                const       0x3'9328       0xc  INC.o [1]
  .rodata                const       0x3'9334       0xc  INC.o [1]
  .rodata                const       0x3'9340       0xc  INC.o [1]
  .rodata                const       0x3'934c       0xc  INC.o [1]
  .rodata                const       0x3'9358       0xc  INC.o [1]
  .rodata                const       0x3'9364       0xc  INC.o [1]
  .rodata                const       0x3'9370       0xc  INC.o [1]
  .rodata                const       0x3'937c       0xc  INC.o [1]
  .rodata                const       0x3'9388       0xc  INC.o [1]
  .rodata                const       0x3'9394       0xc  INC.o [1]
  .rodata                const       0x3'93a0       0xc  INC.o [1]
  .rodata                const       0x3'93ac       0xc  INC.o [1]
  .rodata                const       0x3'93b8       0xc  INC.o [1]
  .rodata                const       0x3'93c4       0xc  INC.o [1]
  .rodata                const       0x3'93d0       0xc  INC.o [1]
  .rodata                const       0x3'93dc       0xc  INC.o [1]
  .rodata                const       0x3'93e8       0xc  INC.o [1]
  .rodata                const       0x3'93f4       0xc  INC.o [1]
  .rodata                const       0x3'9400       0xc  INC.o [1]
  .rodata                const       0x3'940c       0xc  INC.o [1]
  .rodata                const       0x3'9418       0xc  INC.o [1]
  .rodata                const       0x3'9424       0xc  INC.o [1]
  .rodata                const       0x3'9430       0xc  INC.o [1]
  .rodata                const       0x3'943c       0xc  INC.o [1]
  .rodata                const       0x3'9448       0xc  INC.o [1]
  .rodata                const       0x3'9454       0xc  INC.o [1]
  .rodata                const       0x3'9460       0xc  INC.o [1]
  .rodata                const       0x3'946c       0xc  INC.o [1]
  .rodata                const       0x3'9478       0xc  INC.o [1]
  .rodata                const       0x3'9484       0xc  INC.o [1]
  .rodata                const       0x3'9490       0xc  INC.o [1]
  .rodata                const       0x3'949c       0xc  INC.o [1]
  .rodata                const       0x3'94a8       0xc  INC.o [1]
  .rodata                const       0x3'94b4       0xc  INC.o [1]
  .rodata                const       0x3'94c0       0xc  INC.o [1]
  .rodata                const       0x3'94cc       0xc  INC.o [1]
  .rodata                const       0x3'94d8       0xc  INC.o [1]
  .rodata                const       0x3'94e4       0xc  INC.o [1]
  .rodata                const       0x3'94f0       0xc  INC.o [1]
  .rodata                const       0x3'94fc       0xc  INC.o [1]
  .rodata                const       0x3'9508       0xc  INC.o [1]
  .rodata                const       0x3'9514       0xc  INC.o [1]
  .rodata                const       0x3'9520       0xc  INC.o [1]
  .rodata                const       0x3'952c       0xc  INC.o [1]
  .rodata                const       0x3'9538       0xc  INC.o [1]
  .rodata                const       0x3'9544       0xc  INC.o [1]
  .rodata                const       0x3'9550       0xc  INC.o [1]
  .rodata                const       0x3'955c       0xc  INC.o [1]
  .rodata                const       0x3'9568       0xc  INC.o [1]
  .rodata                const       0x3'9574       0xc  INC.o [1]
  .rodata                const       0x3'9580       0xc  INC.o [1]
  .rodata                const       0x3'958c       0xc  INC.o [1]
  .rodata                const       0x3'9598       0xc  INC.o [1]
  .rodata                const       0x3'95a4       0xc  INC.o [1]
  .rodata                const       0x3'95b0       0xc  INC.o [1]
  .rodata                const       0x3'95bc       0xc  INC.o [1]
  .rodata                const       0x3'95c8       0xc  INC.o [1]
  .rodata                const       0x3'95d4       0xc  INC.o [1]
  .rodata                const       0x3'95e0       0xc  INC.o [1]
  .rodata                const       0x3'95ec       0xc  INC.o [1]
  .rodata                const       0x3'95f8       0xc  INC.o [1]
  .rodata                const       0x3'9604       0xc  INC.o [1]
  .rodata                const       0x3'9610       0xc  INC.o [1]
  .rodata                const       0x3'961c       0xc  INC.o [1]
  .rodata                const       0x3'9628       0xc  INC.o [1]
  .rodata                const       0x3'9634       0xc  INC.o [1]
  .rodata                const       0x3'9640       0xc  INC.o [1]
  .rodata                const       0x3'964c       0xc  INC.o [1]
  .rodata                const       0x3'9658       0xc  INC.o [1]
  .rodata                const       0x3'9664       0xc  INC.o [1]
  .rodata                const       0x3'9670       0xc  INC.o [1]
  .rodata                const       0x3'967c       0xc  INC.o [1]
  .rodata                const       0x3'9688       0xc  INC.o [1]
  .rodata                const       0x3'9694       0xc  INC.o [1]
  .rodata                const       0x3'96a0       0xc  INC.o [1]
  .rodata                const       0x3'96ac       0xc  INC.o [1]
  .rodata                const       0x3'96b8       0xc  INC.o [1]
  .rodata                const       0x3'96c4       0xc  INC.o [1]
  .rodata                const       0x3'96d0       0xc  INC.o [1]
  .rodata                const       0x3'96dc       0xc  INC.o [1]
  .rodata                const       0x3'96e8       0xc  INC.o [1]
  .rodata                const       0x3'96f4       0xc  INC.o [1]
  .rodata                const       0x3'9700       0xc  INC.o [1]
  .rodata                const       0x3'970c       0xc  INC.o [1]
  .rodata                const       0x3'9718       0xc  INC.o [1]
  .rodata                const       0x3'9724       0xc  INC.o [1]
  .rodata                const       0x3'9730       0xc  INC.o [1]
  .rodata                const       0x3'973c       0xc  INC.o [1]
  .rodata                const       0x3'9748       0xc  INC.o [1]
  .rodata                const       0x3'9754       0xc  INC.o [1]
  .rodata                const       0x3'9760       0xc  INC.o [1]
  .rodata                const       0x3'976c       0xc  INC.o [1]
  .rodata                const       0x3'9778       0xc  INC.o [1]
  .rodata                const       0x3'9784       0xc  INC.o [1]
  .rodata                const       0x3'9790       0xc  INC.o [1]
  .rodata                const       0x3'979c       0xc  INC.o [1]
  .rodata                const       0x3'97a8       0xc  INC.o [1]
  .rodata                const       0x3'97b4       0xc  INC.o [1]
  .rodata                const       0x3'97c0       0x8  INC.o [1]
  .rodata                const       0x3'97c8       0x8  INC.o [1]
  .rodata                const       0x3'97d0       0x8  INC.o [1]
  .rodata                const       0x3'97d8       0x8  INC.o [1]
  .rodata                const       0x3'97e0       0x8  INC.o [1]
  .rodata                const       0x3'97e8       0x8  INC.o [1]
  .rodata                const       0x3'97f0       0x8  INC.o [1]
  .rodata                const       0x3'97f8       0x8  INC.o [1]
  .rodata                const       0x3'9800       0x8  INC.o [1]
  .rodata                const       0x3'9808       0x8  INC.o [1]
  .rodata                const       0x3'9810       0x8  INC.o [1]
  .rodata                const       0x3'9818       0x8  INC.o [1]
  .rodata                const       0x3'9820       0x8  INC.o [1]
  .rodata                const       0x3'9828       0x8  INC.o [1]
  .rodata                const       0x3'9830       0x8  INC.o [1]
  .rodata                const       0x3'9838       0x8  INC.o [1]
  .rodata                const       0x3'9840       0x8  INC.o [1]
  .rodata                const       0x3'9848       0x8  INC.o [1]
  .rodata                const       0x3'9850       0x8  INC.o [1]
  .rodata                const       0x3'9858       0x8  INC.o [1]
  .rodata                const       0x3'9860       0x8  INC.o [1]
  .rodata                const       0x3'9868       0x8  INC.o [1]
  .rodata                const       0x3'9870       0x8  INC.o [1]
  .rodata                const       0x3'9878       0x8  INC.o [1]
  .rodata                const       0x3'9880       0x8  INC.o [1]
  .rodata                const       0x3'9888       0x8  INC.o [1]
  .rodata                const       0x3'9890       0x8  INC.o [1]
  .rodata                const       0x3'9898       0x8  INC.o [1]
  .rodata                const       0x3'98a0       0x8  INC.o [1]
  .rodata                const       0x3'98a8       0x8  INC.o [1]
  .rodata                const       0x3'98b0       0x8  INC.o [1]
  .rodata                const       0x3'98b8       0x8  INC.o [1]
  .rodata                const       0x3'98c0       0x8  INC.o [1]
  .rodata                const       0x3'98c8       0x8  INC.o [1]
  .rodata                const       0x3'98d0       0x8  INC.o [1]
  .rodata                const       0x3'98d8       0x8  INC.o [1]
  .rodata                const       0x3'98e0       0x8  INC.o [1]
  .rodata                const       0x3'98e8       0x8  INC.o [1]
  .rodata                const       0x3'98f0       0x8  INC.o [1]
  .rodata                const       0x3'98f8       0x8  INC.o [1]
  .rodata                const       0x3'9900       0x8  INC.o [1]
  .rodata                const       0x3'9908       0x8  INC.o [1]
  .rodata                const       0x3'9910       0x8  INC.o [1]
  .rodata                const       0x3'9918       0x8  INC.o [1]
  .rodata                const       0x3'9920       0x8  INC.o [1]
  .rodata                const       0x3'9928       0x8  INC.o [1]
  .rodata                const       0x3'9930       0x8  INC.o [1]
  .rodata                const       0x3'9938       0x8  INC.o [1]
  .rodata                const       0x3'9940       0x8  INC.o [1]
  .rodata                const       0x3'9948       0x8  INC.o [1]
  .rodata                const       0x3'9950       0x8  INC.o [1]
  .rodata                const       0x3'9958       0x8  INC.o [1]
  .rodata                const       0x3'9960       0x8  INC.o [1]
  .rodata                const       0x3'9968       0x8  INC.o [1]
  .rodata                const       0x3'9970       0x8  INC.o [1]
  .rodata                const       0x3'9978       0x8  INC.o [1]
  .rodata                const       0x3'9980       0x8  INC.o [1]
  .rodata                const       0x3'9988       0x8  INC.o [1]
  .rodata                const       0x3'9990       0x8  INC.o [1]
  .rodata                const       0x3'9998       0x8  INC.o [1]
  .rodata                const       0x3'99a0       0x8  INC.o [1]
  .rodata                const       0x3'99a8       0x8  INC.o [1]
  .rodata                const       0x3'99b0       0x8  INC.o [1]
  .rodata                const       0x3'99b8       0x8  INC.o [1]
  .rodata                const       0x3'99c0       0x8  INC.o [1]
  .rodata                const       0x3'99c8       0x8  INC.o [1]
  .rodata                const       0x3'99d0       0x8  INC.o [1]
  .rodata                const       0x3'99d8       0x8  INC.o [1]
  .rodata                const       0x3'99e0       0x8  INC.o [1]
  .rodata                const       0x3'99e8       0x8  INC.o [1]
  .rodata                const       0x3'99f0       0x8  INC.o [1]
  .rodata                const       0x3'99f8       0x8  INC.o [1]
  .rodata                const       0x3'9a00       0x8  INC.o [1]
  .rodata                const       0x3'9a08       0x8  INC.o [1]
  .rodata                const       0x3'9a10       0x8  INC.o [1]
  .rodata                const       0x3'9a18       0x8  INC.o [1]
  .rodata                const       0x3'9a20       0x8  INC.o [1]
  .rodata                const       0x3'9a28       0x8  INC.o [1]
  .rodata                const       0x3'9a30       0x8  INC.o [1]
  .rodata                const       0x3'9a38       0x8  INC.o [1]
  .rodata                const       0x3'9a40       0x8  INC.o [1]
  .rodata                const       0x3'9a48       0x8  INC.o [1]
  .rodata                const       0x3'9a50       0x8  INC.o [1]
  .rodata                const       0x3'9a58       0x8  INC.o [1]
  .rodata                const       0x3'9a60       0x8  INC.o [1]
  .rodata                const       0x3'9a68       0x8  INC.o [1]
  .rodata                const       0x3'9a70       0x8  INC.o [1]
  .rodata                const       0x3'9a78       0x8  INC.o [1]
  .rodata                const       0x3'9a80       0x8  INC.o [1]
  .rodata                const       0x3'9a88       0x8  INC.o [1]
  .rodata                const       0x3'9a90       0x8  INC.o [1]
  .rodata                const       0x3'9a98       0x8  INC.o [1]
  .rodata                const       0x3'9aa0       0x8  INC.o [1]
  .rodata                const       0x3'9aa8       0x8  INC.o [1]
  .rodata                const       0x3'9ab0       0x8  INC.o [1]
  .rodata                const       0x3'9ab8       0x8  INC.o [1]
  .rodata                const       0x3'9ac0       0x8  INC.o [1]
  .rodata                const       0x3'9ac8       0x8  INC.o [1]
  .rodata                const       0x3'9ad0       0x8  INC.o [1]
  .rodata                const       0x3'9ad8       0x8  INC.o [1]
  .rodata                const       0x3'9ae0       0x8  INC.o [1]
  .rodata                const       0x3'9ae8       0x8  INC.o [1]
  .rodata                const       0x3'9af0       0x8  INC.o [1]
  .rodata                const       0x3'9af8       0x8  INC.o [1]
  .rodata                const       0x3'9b00       0x8  INC.o [1]
  .rodata                const       0x3'9b08       0x8  INC.o [1]
  .rodata                const       0x3'9b10       0x8  INC.o [1]
  .rodata                const       0x3'9b18       0x8  INC.o [1]
  .rodata                const       0x3'9b20       0x8  INC.o [1]
  .rodata                const       0x3'9b28       0x8  INC.o [1]
  .rodata                const       0x3'9b30       0x8  INC.o [1]
  .rodata                const       0x3'9b38       0x8  INC.o [1]
  .rodata                const       0x3'9b40       0x8  INC.o [1]
  .rodata                const       0x3'9b48       0x8  INC.o [1]
  .rodata                const       0x3'9b50       0x8  INC.o [1]
  .rodata                const       0x3'9b58       0x8  INC.o [1]
  .rodata                const       0x3'9b60       0x8  INC.o [1]
  .rodata                const       0x3'9b68       0x8  INC.o [1]
  .rodata                const       0x3'9b70       0x8  INC.o [1]
  .rodata                const       0x3'9b78       0x8  INC.o [1]
  .rodata                const       0x3'9b80       0x8  INC.o [1]
  .rodata                const       0x3'9b88       0x8  INC.o [1]
  .rodata                const       0x3'9b90       0x8  INC.o [1]
  .rodata                const       0x3'9b98       0x8  INC.o [1]
  .rodata                const       0x3'9ba0       0x8  INC.o [1]
  .rodata                const       0x3'9ba8       0x8  INC.o [1]
  .rodata                const       0x3'9bb0       0x8  INC.o [1]
  .rodata                const       0x3'9bb8       0x8  INC.o [1]
  .rodata                const       0x3'9bc0       0x8  INC.o [1]
  .rodata                const       0x3'9bc8       0x8  INC.o [1]
  .rodata                const       0x3'9bd0       0x8  INC.o [1]
  .rodata                const       0x3'9bd8       0x8  INC.o [1]
  .rodata                const       0x3'9be0       0x8  INC.o [1]
  .rodata                const       0x3'9be8       0x8  INC.o [1]
  .rodata                const       0x3'9bf0       0x8  INC.o [1]
  .rodata                const       0x3'9bf8       0x8  INC.o [1]
  .rodata                const       0x3'9c00       0x8  INC.o [1]
  .rodata                const       0x3'9c08       0x8  INC.o [1]
  .rodata                const       0x3'9c10       0x8  INC.o [1]
  .rodata                const       0x3'9c18       0x8  INC.o [1]
  .rodata                const       0x3'9c20       0x8  INC.o [1]
  .rodata                const       0x3'9c28       0x8  INC.o [1]
  .rodata                const       0x3'9c30       0x8  INC.o [1]
  .rodata                const       0x3'9c38       0x8  INC.o [1]
  .rodata                const       0x3'9c40       0x8  INC.o [1]
  .rodata                const       0x3'9c48       0x8  INC.o [1]
  .rodata                const       0x3'9c50       0x8  INC.o [1]
  .rodata                const       0x3'9c58       0x8  INC.o [1]
  .rodata                const       0x3'9c60       0x8  INC.o [1]
  .rodata                const       0x3'9c68       0x8  INC.o [1]
  .rodata                const       0x3'9c70       0x8  INC.o [1]
  .rodata                const       0x3'9c78       0x8  INC.o [1]
  .rodata                const       0x3'9c80       0x8  INC.o [1]
  .rodata                const       0x3'9c88       0x8  INC.o [1]
  .rodata                const       0x3'9c90       0x8  INC.o [1]
  .rodata                const       0x3'9c98       0x8  INC.o [1]
  .rodata                const       0x3'9ca0       0x8  INC.o [1]
  .rodata                const       0x3'9ca8       0x8  INC.o [1]
  .rodata                const       0x3'9cb0       0x8  INC.o [1]
  .rodata                const       0x3'9cb8       0x8  INC.o [1]
  .rodata                const       0x3'9cc0       0x8  INC.o [1]
  .rodata                const       0x3'9cc8       0x8  INC.o [1]
  .rodata                const       0x3'9cd0       0x8  INC.o [1]
  .rodata                const       0x3'9cd8       0x8  INC.o [1]
  .rodata                const       0x3'9ce0       0x8  INC.o [1]
  .rodata                const       0x3'9ce8       0x8  INC.o [1]
  .rodata                const       0x3'9cf0       0x8  INC.o [1]
  .rodata                const       0x3'9cf8       0x8  INC.o [1]
  .rodata                const       0x3'9d00       0x8  INC.o [1]
  .rodata                const       0x3'9d08       0x8  INC.o [1]
  .rodata                const       0x3'9d10       0x8  INC.o [1]
  .rodata                const       0x3'9d18       0x8  INC.o [1]
  .rodata                const       0x3'9d20       0x8  INC.o [1]
  .rodata                const       0x3'9d28       0x8  INC.o [1]
  .rodata                const       0x3'9d30       0x8  INC.o [1]
  .rodata                const       0x3'9d38       0x8  INC.o [1]
  .rodata                const       0x3'9d40       0x8  INC.o [1]
  .rodata                const       0x3'9d48       0x8  INC.o [1]
  .rodata                const       0x3'9d50       0x8  INC.o [1]
  .rodata                const       0x3'9d58       0x8  INC.o [1]
  .rodata                const       0x3'9d60       0x8  INC.o [1]
  .rodata                const       0x3'9d68       0x8  INC.o [1]
  .rodata                const       0x3'9d70       0x8  INC.o [1]
  .rodata                const       0x3'9d78       0x8  INC.o [1]
  .rodata                const       0x3'9d80       0x8  INC.o [1]
  .rodata                const       0x3'9d88       0x8  INC.o [1]
  .rodata                const       0x3'9d90       0x8  INC.o [1]
  .rodata                const       0x3'9d98       0x8  INC.o [1]
  .rodata                const       0x3'9da0       0x8  INC.o [1]
  .rodata                const       0x3'9da8       0x8  INC.o [1]
  .rodata                const       0x3'9db0       0x8  INC.o [1]
  .rodata                const       0x3'9db8       0x8  INC.o [1]
  .rodata                const       0x3'9dc0       0x8  INC.o [1]
  .rodata                const       0x3'9dc8       0x8  INC.o [1]
  .rodata                const       0x3'9dd0       0x8  INC.o [1]
  .rodata                const       0x3'9dd8       0x8  INC.o [1]
  .rodata                const       0x3'9de0       0x8  INC.o [1]
  .rodata                const       0x3'9de8       0x8  INC.o [1]
  .rodata                const       0x3'9df0       0x8  INC.o [1]
  .rodata                const       0x3'9df8       0x8  INC.o [1]
  .rodata                const       0x3'9e00       0x8  INC.o [1]
  .rodata                const       0x3'9e08       0x8  INC.o [1]
  .rodata                const       0x3'9e10       0x8  INC.o [1]
  .rodata                const       0x3'9e18       0x8  INC.o [1]
  .rodata                const       0x3'9e20       0x8  INC.o [1]
  .rodata                const       0x3'9e28       0x8  INC.o [1]
  .rodata                const       0x3'9e30       0x8  INC.o [1]
  .rodata                const       0x3'9e38       0x8  INC.o [1]
  .rodata                const       0x3'9e40       0x8  INC.o [1]
  .rodata                const       0x3'9e48       0x8  INC.o [1]
  .rodata                const       0x3'9e50       0x8  INC.o [1]
  .rodata                const       0x3'9e58       0x8  INC.o [1]
  .rodata                const       0x3'9e60       0x8  INC.o [1]
  .rodata                const       0x3'9e68       0x8  INC.o [1]
  .rodata                const       0x3'9e70       0x8  INC.o [1]
  .rodata                const       0x3'9e78       0x8  INC.o [1]
  .rodata                const       0x3'9e80       0x8  INC.o [1]
  .rodata                const       0x3'9e88       0x8  INC.o [1]
  .rodata                const       0x3'9e90       0x8  INC.o [1]
  .rodata                const       0x3'9e98       0x8  INC.o [1]
  .rodata                const       0x3'9ea0       0x8  INC.o [1]
  .rodata                const       0x3'9ea8       0x8  INC.o [1]
  .rodata                const       0x3'9eb0       0x8  INC.o [1]
  .rodata                const       0x3'9eb8       0x8  INC.o [1]
  .rodata                const       0x3'9ec0       0x8  INC.o [1]
  .rodata                const       0x3'9ec8       0x8  INC.o [1]
  .rodata                const       0x3'9ed0       0x8  INC.o [1]
  .rodata                const       0x3'9ed8       0x8  INC.o [1]
  .rodata                const       0x3'9ee0       0x8  INC.o [1]
  .rodata                const       0x3'9ee8       0x8  INC.o [1]
  .rodata                const       0x3'9ef0       0x8  INC.o [1]
  .rodata                const       0x3'9ef8       0x8  INC.o [1]
  .rodata                const       0x3'9f00       0x8  INC.o [1]
  .rodata                const       0x3'9f08       0x8  INC.o [1]
  .rodata                const       0x3'9f10       0x8  INC.o [1]
  .rodata                const       0x3'9f18       0x8  INC.o [1]
  .rodata                const       0x3'9f20       0x8  INC.o [1]
  .rodata                const       0x3'9f28       0x8  INC.o [1]
  .rodata                const       0x3'9f30       0x8  INC.o [1]
  .rodata                const       0x3'9f38       0x4  INC.o [1]
  .rodata                const       0x3'9f3c       0x4  INC.o [1]
  .rodata                const       0x3'9f40       0x4  INC.o [1]
  .rodata                const       0x3'9f44       0x4  INC.o [1]
  .rodata                const       0x3'9f48       0x4  INC.o [1]
  .rodata                const       0x3'9f4c       0x4  INC.o [1]
  .rodata                const       0x3'9f50       0x4  INC.o [1]
  .rodata                const       0x3'9f54       0x4  INC.o [1]
  .rodata                const       0x3'9f58       0x4  INC.o [1]
  .rodata                const       0x3'9f5c       0x4  INC.o [1]
  .rodata                const       0x3'9f60       0x4  INC.o [1]
  .rodata                const       0x3'9f64       0x4  INC.o [1]
  .rodata                const       0x3'9f68       0x4  INC.o [1]
  .rodata                const       0x3'9f6c       0x4  INC.o [1]
  .rodata                const       0x3'9f70       0x4  INC.o [1]
  .rodata                const       0x3'9f74       0x4  INC.o [1]
  .rodata                const       0x3'9f78       0x4  INC.o [1]
  .rodata                const       0x3'9f7c       0x4  INC.o [1]
  .rodata                const       0x3'9f80       0x4  INC.o [1]
  .rodata                const       0x3'9f84       0x4  INC.o [1]
  .rodata                const       0x3'9f88       0x4  INC.o [1]
  .rodata                const       0x3'9f8c       0x4  INC.o [1]
  .rodata                const       0x3'9f90       0x4  INC.o [1]
  .rodata                const       0x3'9f94       0x4  INC.o [1]
  .rodata                const       0x3'9f98       0x4  INC.o [1]
  .rodata                const       0x3'9f9c       0x4  INC.o [1]
  .rodata                const       0x3'9fa0       0x4  INC.o [1]
  .rodata                const       0x3'9fa4       0x4  INC.o [1]
  .rodata                const       0x3'9fa8       0x4  INC.o [1]
  .rodata                const       0x3'9fac       0x4  INC.o [1]
  .rodata                const       0x3'9fb0       0x4  INC.o [1]
  .rodata                const       0x3'9fb4       0x4  INC.o [1]
  .rodata                const       0x3'9fb8       0x4  INC.o [1]
  .rodata                const       0x3'9fbc       0x4  INC.o [1]
  .rodata                const       0x3'9fc0       0x4  INC.o [1]
  .rodata                const       0x3'9fc4       0x4  INC.o [1]
  .rodata                const       0x3'9fc8       0x4  INC.o [1]
  .rodata                const       0x3'9fcc       0x4  INC.o [1]
  .rodata                const       0x3'9fd0       0x4  INC.o [1]
  .rodata                const       0x3'9fd4       0x4  INC.o [1]
  .rodata                const       0x3'9fd8       0x4  INC.o [1]
  .rodata                const       0x3'9fdc       0x4  INC.o [1]
  .rodata                const       0x3'9fe0       0x4  INC.o [1]
  .rodata                const       0x3'9fe4       0x4  INC.o [1]
  .rodata                const       0x3'9fe8       0x4  INC.o [1]
  .rodata                const       0x3'9fec       0x4  INC.o [1]
  .rodata                const       0x3'9ff0       0x4  INC.o [1]
  .rodata                const       0x3'9ff4       0x4  INC.o [1]
  .rodata                const       0x3'9ff8       0x4  INC.o [1]
  .rodata                const       0x3'9ffc       0x4  INC.o [1]
  .rodata                const       0x3'a000       0x4  INC.o [1]
  .rodata                const       0x3'a004       0x4  INC.o [1]
  .rodata                const       0x3'a008       0x4  INC.o [1]
  .rodata                const       0x3'a00c       0x4  INC.o [1]
  .rodata                const       0x3'a010       0x4  INC.o [1]
  .rodata                const       0x3'a014       0x4  INC.o [1]
  .rodata                const       0x3'a018       0x4  INC.o [1]
  .rodata                const       0x3'a01c       0x4  INC.o [1]
  .rodata                const       0x3'a020       0x4  INC.o [1]
  .rodata                const       0x3'a024       0x4  INC.o [1]
  .rodata                const       0x3'a028       0x4  INC.o [1]
  .rodata                const       0x3'a02c       0x4  INC.o [1]
  .rodata                const       0x3'a030       0x4  INC.o [1]
  .text                  ro code     0x3'a034       0x4  startup_LPC407x_8x_177x_8x.o [1]
  .text                  ro code     0x3'a038       0x4  startup_LPC407x_8x_177x_8x.o [1]
  .text                  ro code     0x3'a03c       0x4  startup_LPC407x_8x_177x_8x.o [1]
  .text                  ro code     0x3'a040       0x4  startup_LPC407x_8x_177x_8x.o [1]
  .text                  ro code     0x3'a044       0x4  startup_LPC407x_8x_177x_8x.o [1]
  .text                  ro code     0x3'a048       0x4  startup_LPC407x_8x_177x_8x.o [1]
  .text                  ro code     0x3'a04c       0x4  startup_LPC407x_8x_177x_8x.o [1]
  .text                  ro code     0x3'a050       0x4  startup_LPC407x_8x_177x_8x.o [1]
  .text                  ro code     0x3'a054       0x4  startup_LPC407x_8x_177x_8x.o [1]
  .text                  ro code     0x3'a058       0x4  startup_LPC407x_8x_177x_8x.o [1]
  .text                  ro code     0x3'a05c       0x4  startup_LPC407x_8x_177x_8x.o [1]
  .text                  ro code     0x3'a060       0x4  startup_LPC407x_8x_177x_8x.o [1]
  .text                  ro code     0x3'a064       0x4  startup_LPC407x_8x_177x_8x.o [1]
  .text                  ro code     0x3'a068       0x4  startup_LPC407x_8x_177x_8x.o [1]
  .text                  ro code     0x3'a06c       0x4  startup_LPC407x_8x_177x_8x.o [1]
  .text                  ro code     0x3'a070       0x4  startup_LPC407x_8x_177x_8x.o [1]
  .text                  ro code     0x3'a074       0x4  startup_LPC407x_8x_177x_8x.o [1]
  .text                  ro code     0x3'a078       0x4  startup_LPC407x_8x_177x_8x.o [1]
  .text                  ro code     0x3'a07c       0x4  startup_LPC407x_8x_177x_8x.o [1]
  .text                  ro code     0x3'a080       0x4  startup_LPC407x_8x_177x_8x.o [1]
  .text                  ro code     0x3'a084       0x4  startup_LPC407x_8x_177x_8x.o [1]
  .text                  ro code     0x3'a088       0x4  startup_LPC407x_8x_177x_8x.o [1]
  .text                  ro code     0x3'a08c       0x4  startup_LPC407x_8x_177x_8x.o [1]
  .text                  ro code     0x3'a090       0x4  startup_LPC407x_8x_177x_8x.o [1]
  .text                  ro code     0x3'a094       0x4  startup_LPC407x_8x_177x_8x.o [1]
  .text                  ro code     0x3'a098       0x4  startup_LPC407x_8x_177x_8x.o [1]
  .text                  ro code     0x3'a09c       0x4  startup_LPC407x_8x_177x_8x.o [1]
  .text                  ro code     0x3'a0a0       0x4  startup_LPC407x_8x_177x_8x.o [1]
  .text                  ro code     0x3'a0a4       0x4  startup_LPC407x_8x_177x_8x.o [1]
  .text                  ro code     0x3'a0a8       0x4  startup_LPC407x_8x_177x_8x.o [1]
  .text                  ro code     0x3'a0ac       0x4  startup_LPC407x_8x_177x_8x.o [1]
  .text                  ro code     0x3'a0b0       0x4  startup_LPC407x_8x_177x_8x.o [1]
  .text                  ro code     0x3'a0b4       0x4  startup_LPC407x_8x_177x_8x.o [1]
  .text                  ro code     0x3'a0b8       0x4  startup_LPC407x_8x_177x_8x.o [1]
  .text                  ro code     0x3'a0bc       0x4  startup_LPC407x_8x_177x_8x.o [1]
  .text                  ro code     0x3'a0c0       0x4  startup_LPC407x_8x_177x_8x.o [1]
  SHT$$PREINIT_ARRAY                 0x3'a0c4       0x0  <Block>
  SHT$$INIT_ARRAY                    0x3'a0c4       0x4  <Block>
    .init_array          const       0x3'a0c4       0x4  INC.o [1]
  __iar_tls$$INIT_ARRAY              0x3'a0c8       0x0  <Block>
  .rodata                const       0x3'a0c8       0x2  INC.o [1]
  .rodata                const       0x3'a0ca       0x2  INC.o [1]
  .rodata                const       0x3'a0cc       0x2  INC.o [1]
  .rodata                const       0x3'a0ce       0x2  INC.o [1]
  .rodata                const       0x3'a0d0       0x2  INC.o [1]
  .rodata                const       0x3'a0d2       0x2  INC.o [1]
  .rodata                const       0x3'a0d4       0x1  INC.o [1]
  .rodata                const       0x3'a0d5       0x1  INC.o [1]
  .rodata                const       0x3'a0d6       0x1  unwind_debug.o [5]
  .rodata                const       0x3'a0d7       0x0  zero_init3.o [4]
  .rodata                const       0x3'a0d7       0x0  rle_init_single.o [4]
                                   - 0x3'a0d7  0x3'9dd7

"P2", part 1 of 3:                                0xd18
  P2-1                            0x1000'0000     0xd18  <Init block>
    .data                inited   0x1000'0000       0x8  INC.o [1]
    .data                inited   0x1000'0008       0x8  INC.o [1]
    .data                inited   0x1000'0010      0x20  INC.o [1]
    .data                inited   0x1000'0030       0x8  INC.o [1]
    .data                inited   0x1000'0038       0x8  INC.o [1]
    .data                inited   0x1000'0040       0xc  INC.o [1]
    .data                inited   0x1000'004c      0x24  INC.o [1]
    .data                inited   0x1000'0070      0x24  INC.o [1]
    .data                inited   0x1000'0094       0xc  INC.o [1]
    .data                inited   0x1000'00a0       0xc  INC.o [1]
    .data                inited   0x1000'00ac       0xc  INC.o [1]
    .data                inited   0x1000'00b8       0xc  INC.o [1]
    .data                inited   0x1000'00c4      0x74  INC.o [1]
    .data                inited   0x1000'0138      0xe8  INC.o [1]
    .data                inited   0x1000'0220     0x510  INC.o [1]
    .data                inited   0x1000'0730     0x4c8  INC.o [1]
    .data                inited   0x1000'0bf8      0x48  INC.o [1]
    .data                inited   0x1000'0c40       0xc  INC.o [1]
    .data                inited   0x1000'0c4c       0xc  INC.o [1]
    .data                inited   0x1000'0c58       0xc  INC.o [1]
    .data                inited   0x1000'0c64       0x4  INC.o [1]
    .data                inited   0x1000'0c68       0x4  INC.o [1]
    .data                inited   0x1000'0c6c       0x4  INC.o [1]
    .data                inited   0x1000'0c70       0x4  INC.o [1]
    .data                inited   0x1000'0c74      0x80  INC.o [1]
    .data                inited   0x1000'0cf4      0x20  INC.o [1]
    .data                inited   0x1000'0d14       0x4  INC.o [1]
                                - 0x1000'0d18     0xd18

"P2", part 2 of 3:                                  0xc
  RAM_region             zero     0x1000'0d18       0x4  INC.o [1]
  RAM_region             zero     0x1000'0d1c       0x2  INC.o [1]
  RAM_region             zero     0x1000'0d1e       0x2  INC.o [1]
  RAM_region             zero     0x1000'0d20       0x1  INC.o [1]
                                - 0x1000'0d21       0x9

"P2", part 3 of 3:                                0x800
  CSTACK                          0x1000'0d28     0x800  <Block>
    CSTACK               uninit   0x1000'0d28     0x800  <Block tail>
                                - 0x1000'1528     0x800

"P4":                                          0x1'4bf4
  .bss                   zero     0x8000'0000    0xfa00  INC.o [1]
  .bss                   zero     0x8000'fa00     0xc20  INC.o [1]
  .bss                   zero     0x8001'0620     0xc20  INC.o [1]
  .bss                   zero     0x8001'1240     0xc20  INC.o [1]
  .bss                   zero     0x8001'1e60     0xc20  INC.o [1]
  .bss                   zero     0x8001'2a80     0x2d8  INC.o [1]
  .bss                   zero     0x8001'2d58     0x218  INC.o [1]
  .bss                   zero     0x8001'2f70     0x204  INC.o [1]
  .bss                   zero     0x8001'3174     0x200  INC.o [1]
  .bss                   zero     0x8001'3374     0x1ec  INC.o [1]
  .bss                   zero     0x8001'3560     0x1e0  INC.o [1]
  .bss                   zero     0x8001'3740     0x134  INC.o [1]
[...]
can_ConfigReg(word)::time2_connect
                        0x8001'4b6c     0x2  Data  Lc  INC.o [1]
can_ConfigReg(word)::time_connect
                        0x8001'4b6a     0x2  Data  Lc  INC.o [1]
can_ConfigReg(word)::trigg_connect
                        0x8001'4be4     0x1  Data  Lc  INC.o [1]
can_aflut               0x8001'4560    0x18  Data  Gb  INC.o [1]
can_config(unsigned char)
                           0x2'1495   0x758  Code  Gb  INC.o [1]
can_dd                  0x8001'4070    0x54  Data  Gb  INC.o [1]
can_deInit(unsigned char)
                           0x2'1c09   0x1e2  Code  Gb  INC.o [1]
can_fifo                0x8001'3dbc    0x80  Data  Gb  INC.o [1]
can_init(unsigned char)
                           0x2'2607    0x36  Code  Gb  INC.o [1]
can_irq_flag            0x8001'49c6     0x2  Data  Gb  INC.o [1]
can_mast_init(unsigned char)
                           0x2'8ac9    0x5c  Code  Gb  INC.o [1]
can_master(byte, byte)::Mtrigg_connect
                        0x8001'4bf1     0x1  Data  Lc  INC.o [1]
can_master(byte, byte)::mark2
                        0x8001'4bf0     0x1  Data  Lc  INC.o [1]
can_master(byte, byte)::time_scan
                        0x8001'4b74     0x2  Data  Lc  INC.o [1]
can_master(byte, byte)::time_scan2
                        0x8001'4b76     0x2  Data  Lc  INC.o [1]
can_master(byte, byte)::trig_scan
                        0x8001'4bed     0x1  Data  Lc  INC.o [1]
can_master(byte, byte)::trig_scan2
                        0x8001'4bef     0x1  Data  Lc  INC.o [1]
can_master(byte, byte)::tst_scan
                        0x8001'4bec     0x1  Data  Lc  INC.o [1]
can_master(byte, byte)::tst_scan2
                        0x8001'4bee     0x1  Data  Lc  INC.o [1]
can_master(unsigned char, unsigned char)
                           0x2'995d   0x1b2  Code  Gb  INC.o [1]
can_md                  0x8001'419c    0x40  Data  Gb  INC.o [1]
can_obj(unsigned short)
                           0x2'12c1     0x6  Code  Gb  INC.o [1]
can_sd                  0x8001'3a90    0xf0  Data  Gb  INC.o [1]
can_slave(unsigned char)
                           0x2'30c3    0x3c  Code  Gb  INC.o [1]
can_slv_init(unsigned char)
                           0x2'263d    0xac  Code  Gb  INC.o [1]
can_test(unsigned char)
                           0x2'1e01   0x1cc  Code  Gb  INC.o [1]
canr                    0x8001'438c    0x2c  Data  Gb  INC.o [1]
cantransfer             0x8001'3174   0x200  Data  Gb  INC.o [1]
ccs                     0x8001'4bc4     0x1  Data  Gb  INC.o [1]
channelsetup            0x8001'3ebc    0x6c  Data  Gb  INC.o [1]
check_msg_time()             0x7371    0xc6  Code  Gb  INC.o [1]
clock_ed                0x8001'4b83     0x1  Data  Gb  INC.o [1]
clock_max               0x8001'4974     0x2  Data  Gb  INC.o [1]
comm_Par                0x8001'4780     0x8  Data  Gb  INC.o [1]
comm_count              0x8001'4bc3     0x1  Data  Gb  INC.o [1]
comm_len                0x8001'4bc2     0x1  Data  Gb  INC.o [1]
comm_word               0x8001'4b04     0x2  Data  Gb  INC.o [1]
comm_word_old           0x8001'4b06     0x2  Data  Gb  INC.o [1]
copy_code_rezerv        0x8001'4ba1     0x1  Data  Gb  INC.o [1]
correct_master_id(unsigned char, canMSG_Fuj *)
                           0x2'8cb9    0x80  Code  Gb  INC.o [1]
count_CAN2_no           0x8001'4bac     0x1  Data  Gb  INC.o [1]
count_dp_wait           0x8001'4b22     0x2  Data  Gb  INC.o [1]
crezerv                    0x3'a0ce     0x2  Data  Lc  INC.o [1]
ctpl                       0x3'77a4    0x14  Data  Lc  INC.o [1]
dIrot                   0x8001'4a0a     0x2  Data  Gb  INC.o [1]
dLdT                    0x8001'483c     0x4  Data  Gb  INC.o [1]
dLrot                   0x8001'4838     0x4  Data  Gb  INC.o [1]
dN_max                  0x8001'481c     0x4  Data  Gb  INC.o [1]
dT_f0                   0x8001'4824     0x4  Data  Gb  INC.o [1]
d_time                  0x8001'46f4     0x8  Data  Gb  INC.o [1]
deltDP                  0x8001'4a1c     0x2  Data  Gb  INC.o [1]
deltDP_r                0x8001'4a1e     0x2  Data  Gb  INC.o [1]
deltDPr                 0x8001'4a2e     0x2  Data  Gb  INC.o [1]
deltTDP_old             0x8001'4a26     0x2  Data  Gb  INC.o [1]
deltTimDP               0x8001'4a1a     0x2  Data  Gb  INC.o [1]
delta_L                 0x8001'4840     0x4  Data  Gb  INC.o [1]
deltwgL                 0x8001'482c     0x4  Data  Gb  INC.o [1]
dfgg                    0x8001'4bad     0x1  Data  Gb  INC.o [1]
dptr                    0x8001'4900     0x4  Data  Gb  INC.o [1]
drad                    0x8001'48b4     0x4  Data  Gb  INC.o [1]
drad0                   0x8001'48b0     0x4  Data  Gb  INC.o [1]
drob_FSk                0x8001'4a66     0x2  Data  Gb  INC.o [1]
dscr_data               0x8001'4154    0x48  Data  Gb  INC.o [1]
dtizm                   0x8001'4960     0x2  Data  Gb  INC.o [1]
emcx                    0x1000'0d18     0x4  Data  Gb  INC.o [1]
errPhi_e                0x8001'4ab4     0x2  Data  Gb  INC.o [1]
exit                       0x3'71bf     0x4  Code  Gb  exit.o [2]
exp                        0x2'f2ad    0x44  Code  Gb  exp64.o [3]
expl                       0x2'f2ad    0x44  Code  Gb  exp64.o [3]
feed_b                  0x8001'4bc1     0x1  Data  Gb  INC.o [1]
flag_net                0x8001'4ba3     0x1  Data  Gb  INC.o [1]
flag_rs485              0x8001'47f4     0x4  Data  Gb  INC.o [1]
flgO                    0x8001'4a44     0x2  Data  Gb  INC.o [1]
flg_RaTe                0x8001'49a6     0x2  Data  Gb  INC.o [1]
fmodf                      0x2'e59d          Code  Gb  fmodf.o [3]
fp_L                    0x8001'4884     0x4  Data  Gb  INC.o [1]
fpu_init()                   0x1185    0x4e  Code  Gb  INC.o [1]
fr2                     0x8001'49fe     0x2  Data  Gb  INC.o [1]
i                       0x8001'4bbd     0x1  Data  Gb  INC.o [1]
i2c_av_addr             0x8001'47e8     0x4  Data  Gb  INC.o [1]
i2c_av_label            0x8001'4b91     0x1  Data  Gb  INC.o [1]
i2c_jrn_addr            0x8001'4908     0x4  Data  Gb  INC.o [1]
i2c_jrn_label           0x8001'4bcb     0x1  Data  Gb  INC.o [1]
i2c_label               0x8001'4b90     0x1  Data  Gb  INC.o [1]
i2c_str                 0x8001'479c     0x4  Data  Gb  INC.o [1]
ind_net1                0x1000'0220   0x510  Data  Gb  INC.o [1]
ind_net2                0x1000'0730   0x4c8  Data  Gb  INC.o [1]
ind_net3                0x1000'0bf8    0x48  Data  Gb  INC.o [1]
ind_reg                    0x3'5480   0x33c  Data  Lc  INC.o [1]
ind_serv                   0x3'658c   0x1b0  Data  Lc  INC.o [1]
init_sifu_epa(unsigned short)
                             0x63c5   0x146  Code  Gb  INC.o [1]
init_syn_epa(unsigned short)
                             0x6315    0x9a  Code  Gb  INC.o [1]
init_var_mtab()            0x2'98cf    0x88  Code  Gb  INC.o [1]
j_ext                   0x8001'490c     0x4  Data  Gb  INC.o [1]
jrn_adr_data            0x8001'4904     0x4  Data  Gb  INC.o [1]
kalman                  0x8001'4578    0x18  Data  Gb  INC.o [1]
l_time                  0x8001'46fc     0x8  Data  Gb  INC.o [1]
label_dat               0x8001'495a     0x2  Data  Gb  INC.o [1]
ldexp                      0x2'f635          Code  Gb  ldexp.o [3]
ldexpl                     0x2'f635          Code  Gb  ldexp.o [3]
led_con                 0x8001'470c     0x8  Data  Gb  INC.o [1]
len_blok                0x8001'48ec     0x4  Data  Gb  INC.o [1]
len_blok_old            0x8001'4b0c     0x2  Data  Gb  INC.o [1]
len_trans               0x8001'48f0     0x4  Data  Gb  INC.o [1]
link_stop_point         0x8001'4b00     0x2  Data  Gb  INC.o [1]
load_obl_ust(unsigned short)
                           0x1'5a31   0x1c4  Code  Gb  INC.o [1]
log                        0x2'f2a9     0x4  Code  Gb  logx64.o [3]
logl                       0x2'f2a9     0x4  Code  Gb  logx64.o [3]
lpoint                  0x8001'4b16     0x2  Data  Gb  INC.o [1]
mRestart_Output()            0x81b1    0x46  Code  Gb  INC.o [1]
m_addr                  0x8001'496a     0x2  Data  Gb  INC.o [1]
m_buff                  0x8001'4610    0x10  Data  Gb  INC.o [1]
m_ch                    0x8001'4b8a     0x1  Data  Gb  INC.o [1]
m_dax                   0x8001'4718     0x8  Data  Gb  INC.o [1]
m_dbx                   0x8001'4720     0x8  Data  Gb  INC.o [1]
m_ext                   0x8001'496c     0x2  Data  Gb  INC.o [1]
m_index                 0x8001'4966     0x2  Data  Gb  INC.o [1]
m_lext                  0x8001'47c8     0x4  Data  Gb  INC.o [1]
m_old                   0x8001'496e     0x2  Data  Gb  INC.o [1]
m_time                  0x8001'4968     0x2  Data  Gb  INC.o [1]
main                       0x1'a055   0x4ee  Code  Gb  INC.o [1]
mask_predupr            0x8001'487c     0x4  Data  Gb  INC.o [1]
mask_predupr2           0x8001'4880     0x4  Data  Gb  INC.o [1]
mask_service            0x8001'47c0     0x4  Data  Gb  INC.o [1]
mask_service2           0x8001'47c4     0x4  Data  Gb  INC.o [1]
master_break(Abonent_form *, unsigned char, unsigned char)
                           0x2'9705   0x1c8  Code  Gb  INC.o [1]
master_read(char *, Abonent_form *, unsigned char)
                           0x2'8e19   0x616  Code  Gb  INC.o [1]
mco_vkl                 0x8001'4ba5     0x1  Data  Gb  INC.o [1]
modbus_slave(Tmodbus_packet *, Tmodbus_packet *)
                           0x2'9e9d   0x5d0  Code  Gb  INC.o [1]
modff                      0x2'ede5          Code  Gb  modff.o [3]
monitor_rmsg            0x8001'4500    0x20  Data  Gb  INC.o [1]
msg_av                  0x8001'43e0    0x28  Data  Gb  INC.o [1]
msg_buf                 0x8001'44a0    0x20  Data  Gb  INC.o [1]
msg_reg                 0x8001'43b8    0x28  Data  Gb  INC.o [1]
nFrot                   0x8001'48dc     0x4  Data  Gb  INC.o [1]
n_clock                 0x8001'4972     0x2  Data  Gb  INC.o [1]
newFrame                0x8001'49d6     0x2  Data  Gb  INC.o [1]
newbyte                 0x8001'49d8     0x2  Data  Gb  INC.o [1]
nuk                     0x8001'4bbe     0x1  Data  Gb  INC.o [1]
nuk_max                 0x8001'4bc0     0x1  Data  Gb  INC.o [1]
numb_line               0x8001'48e8     0x4  Data  Gb  INC.o [1]
numb_text               0x8001'4af6     0x2  Data  Gb  INC.o [1]
obj_ConfigReg(unsigned short)
                           0x1'8d89    0x86  Code  Gb  INC.o [1]
output_ch()                  0xa9bf    0x1e  Code  Gb  INC.o [1]
output_str()                 0xaa39    0x48  Code  Gb  INC.o [1]
pCANTransfer            0x8001'47f0     0x4  Data  Gb  INC.o [1]
pFE                     0x8001'4bb9     0x1  Data  Gb  INC.o [1]
pGPDMACh                0x1000'0cf4    0x20  Data  Gb  INC.o [1]
pdf(unsigned short, unsigned short)
                           0x1'70f1    0xcc  Code  Gb  INC.o [1]
pdf_drv_data            0x8001'4670    0x10  Data  Gb  INC.o [1]
pdf_drv_init(unsigned short)
                           0x1'6fad    0xd4  Code  Gb  INC.o [1]
pdf_init()                 0x1'70a1     0xa  Code  Gb  INC.o [1]
pdf_input()                0x1'70ab    0x42  Code  Gb  INC.o [1]
pdf_input()::PDF_time   0x8001'4b68     0x2  Data  Lc  INC.o [1]
ppg_dut                 0x8001'45c0    0x14  Data  Gb  INC.o [1]
pr                      0x8001'47a0     0x4  Data  Gb  INC.o [1]
print_message(MSG_reg *)
                             0x69e5   0x988  Code  Gb  INC.o [1]
priznak_CAN2_no         0x8001'4bab     0x1  Data  Gb  INC.o [1]
r1                      0x8001'48b8     0x4  Data  Gb  INC.o [1]
r2                      0x8001'48bc     0x4  Data  Gb  INC.o [1]
read_data               0x8001'40c4    0x48  Data  Gb  INC.o [1]
read_dscr(unsigned char, Abonent_form *, unsigned char)
                           0x2'9445   0x2c0  Code  Gb  INC.o [1]
read_rezerv()              0x1'7f21     0x6  Code  Gb  INC.o [1]
read_ssio(LPC_SSP_TypeDef *)
                             0x8811    0x10  Code  Gb  INC.o [1]
read_write_ssio(LPC_SSP_TypeDef *, unsigned short)
                             0x8833    0x14  Code  Gb  INC.o [1]
request                 0x8000'fa00   0xc20  Data  Gb  INC.o [1]
rmb                     0x8001'1240   0xc20  Data  Gb  INC.o [1]
s_ax                    0x8001'499e     0x2  Data  Gb  INC.o [1]
s_cx                    0x8001'49a0     0x2  Data  Gb  INC.o [1]
s_lbx                   0x8001'47ec     0x4  Data  Gb  INC.o [1]
s_short                 0x8001'4298    0x38  Data  Gb  INC.o [1]
s_tx                    0x8001'4330    0x30  Data  Gb  INC.o [1]
sbh                     0x8001'4bc8     0x1  Data  Gb  INC.o [1]
scalbln                    0x2'f635          Code  Gb  ldexp.o [3]
scalblnl                   0x2'f635          Code  Gb  ldexp.o [3]
scalbn                     0x2'f635          Code  Gb  ldexp.o [3]
scalbnl                    0x2'f635          Code  Gb  ldexp.o [3]
seek_index(unsigned char, char *)
                           0x2'2781    0x58  Code  Gb  INC.o [1]
setTypeUst()               0x1'59a9    0x82  Code  Gb  INC.o [1]
sifu_rot()                   0xdf85   0x340  Code  Gb  INC.o [1]
sio_start()                  0x8775    0x70  Code  Gb  INC.o [1]
sl_cond_old             0x8001'49ea     0x2  Data  Gb  INC.o [1]
sl_d                    0x8001'4300    0x30  Data  Gb  INC.o [1]
sld_cw                  0x8001'4b08     0x2  Data  Gb  INC.o [1]
sld_max                 0x8001'49e6     0x2  Data  Gb  INC.o [1]
sld_min                 0x8001'49e8     0x2  Data  Gb  INC.o [1]
sled                    0x8001'3740   0x134  Data  Gb  INC.o [1]
smb                     0x8001'1e60   0xc20  Data  Gb  INC.o [1]
ssio_busy               0x8001'4bb6     0x1  Data  Gb  INC.o [1]
state_rs                0x8001'49d0     0x2  Data  Gb  INC.o [1]
stb_ADC_masht              0x3'5100   0x380  Data  Lc  INC.o [1]
stb_NL                     0x3'2e68   0x6c8  Data  Lc  INC.o [1]
stb_avar                   0x3'5d58   0x230  Data  Lc  INC.o [1]
stb_masht                  0x3'5ab8   0x2a0  Data  Lc  INC.o [1]
stb_net1                   0x3'6e58    0x38  Data  Lc  INC.o [1]
stb_net2                   0x3'44b0   0x428  Data  Lc  INC.o [1]
stb_net3                   0x3'6cb8    0x70  Data  Lc  INC.o [1]
stb_net4                   0x3'6ac0    0xa8  Data  Lc  INC.o [1]
stb_obj                    0x3'6a18    0xa8  Data  Lc  INC.o [1]
stb_reg                    0x3'3bb8   0x4d0  Data  Lc  INC.o [1]
stb_serv                   0x3'4d10   0x3f0  Data  Lc  INC.o [1]
stb_shtat                  0x3'4088   0x428  Data  Lc  INC.o [1]
stop_point              0x8001'4b94     0x1  Data  Gb  INC.o [1]
stop_point1             0x8001'4b95     0x1  Data  Gb  INC.o [1]
stop_pointD             0x8001'4b9c     0x1  Data  Gb  INC.o [1]
stop_pointD1            0x8001'4b9d     0x1  Data  Gb  INC.o [1]
stop_pointP             0x8001'4b9a     0x1  Data  Gb  INC.o [1]
stop_pointP1            0x8001'4b9b     0x1  Data  Gb  INC.o [1]
stop_pointR             0x8001'4b9e     0x1  Data  Gb  INC.o [1]
stop_pointR1            0x8001'4b9f     0x1  Data  Gb  INC.o [1]
stop_pointS             0x8001'4b96     0x1  Data  Gb  INC.o [1]
stop_pointS1            0x8001'4b97     0x1  Data  Gb  INC.o [1]
stop_pointV             0x8001'4b98     0x1  Data  Gb  INC.o [1]
stop_pointV1            0x8001'4b99     0x1  Data  Gb  INC.o [1]
str_addr                0x8001'47e0     0x4  Data  Gb  INC.o [1]
svar                       0x3'9298    0x10  Data  Lc  INC.o [1]
t_abDev1                0x8001'4430    0x28  Data  Gb  INC.o [1]
t_abDev21               0x8001'45fc    0x14  Data  Gb  INC.o [1]
t_clock                 0x8001'4970     0x2  Data  Gb  INC.o [1]
tab_ab                     0x3'721c    0x18  Data  Lc  INC.o [1]
test_receive_msg(unsigned char, canMSG_Fuj *)
                           0x2'8bf7    0x28  Code  Gb  INC.o [1]
time_Id_max             0x8001'4a8a     0x2  Data  Gb  INC.o [1]
time_Integr             0x8001'4a4c     0x2  Data  Gb  INC.o [1]
time_Prinud             0x8001'4ac2     0x2  Data  Gb  INC.o [1]
time_Reg                0x8001'4a4a     0x2  Data  Gb  INC.o [1]
time_Store              0x8001'4b34     0x2  Data  Gb  INC.o [1]
time_Svet               0x8001'4964     0x2  Data  Gb  INC.o [1]
time_VR1                0x8001'4bae     0x1  Data  Gb  INC.o [1]
time_izm                0x8001'4ab8     0x2  Data  Gb  INC.o [1]
time_math               0x8001'4aba     0x2  Data  Gb  INC.o [1]
time_zar                0x8001'4abc     0x2  Data  Gb  INC.o [1]
timer_dp_wait           0x8001'4b20     0x2  Data  Gb  INC.o [1]
tpl                     0x8001'4540    0x20  Data  Gb  INC.o [1]
trans_blok              0x8001'4b02     0x2  Data  Gb  INC.o [1]
trg_MinRT               0x8001'49f6     0x2  Data  Gb  INC.o [1]
trg_time                0x8001'4bc7     0x1  Data  Gb  INC.o [1]
trig                    0x8001'498c     0x2  Data  Gb  INC.o [1]
trig_Priv_TZ            0x8001'4ba9     0x1  Data  Gb  INC.o [1]
trig_Privyazk_TZ        0x8001'4baa     0x1  Data  Gb  INC.o [1]
trig_first_raschet      0x8001'4aae     0x2  Data  Gb  INC.o [1]
tx                      0x8001'4962     0x2  Data  Gb  INC.o [1]
tx_addr                 0x8001'4770     0x8  Data  Gb  INC.o [1]
tzisk                   0x8001'4a94     0x2  Data  Gb  INC.o [1]
u_Clock                    0x3'7064    0x20  Data  Lc  INC.o [1]
upr_ax                  0x8001'4a78     0x2  Data  Gb  INC.o [1]
upr_bx                  0x8001'4a7a     0x2  Data  Gb  INC.o [1]
upr_label               0x8001'4a76     0x2  Data  Gb  INC.o [1]
upr_time                0x8001'4a7c     0x2  Data  Gb  INC.o [1]
var_tab1                   0x3'0650   0xe4c  Data  Lc  INC.o [1]
virtual_can_sd          0x8001'3fa0    0x78  Data  Gb  INC.o [1]
virtual_svar               0x3'9f30     0x8  Data  Lc  INC.o [1]
watchdog_init(unsigned short)
                              0xd13    0x4a  Code  Gb  INC.o [1]
watchdog_reset()              0xd89     0x8  Code  Gb  INC.o [1]
wgL_dp                  0x8001'4a12     0x2  Data  Gb  INC.o [1]
wgL_rn                  0x8001'4a16     0x2  Data  Gb  INC.o [1]
wgL_rn_old              0x8001'4a14     0x2  Data  Gb  INC.o [1]
wgL_rot                 0x8001'4a10     0x2  Data  Gb  INC.o [1]
wr_Diskr                0x8001'4b0a     0x2  Data  Gb  INC.o [1]
write_ssio(LPC_SSP_TypeDef *, unsigned short)
                             0x8821    0x12  Code  Gb  INC.o [1]
xClock(I2C_time *)           0xc5f9   0x402  Code  Gb  INC.o [1]
xClock_ust(I2C_time *)       0xcac9   0xc52  Code  Gb  INC.o [1]
xClock_ust(I2C_time *)::R_WSTime_On
                        0x8001'4b40     0x2  Data  Lc  INC.o [1]
xClock_ust(I2C_time *)::WTime
                        0x8001'4b42     0x2  Data  Lc  INC.o [1]
xClock_ust(I2C_time *)::s_time
                        0x8001'4790     0x8  Data  Lc  INC.o [1]
xOvr_Time_Schet(I2C_time *)
                             0x1f9d    0x6e  Code  Gb  INC.o [1]
xRd_wr_ust(unsigned short, unsigned short, unsigned short)
                           0x1'5cd3   0x354  Code  Gb  INC.o [1]
xSave_Ust(byte)::Label_ust
                        0x8001'4bdc     0x1  Data  Lc  INC.o [1]
xSave_Ust(byte)::cWrite_ust
                        0x8001'4bdd     0x1  Data  Lc  INC.o [1]
xSave_Ust(byte)::copy_obl
                        0x8001'4bde     0x1  Data  Lc  INC.o [1]
xSave_Ust(unsigned char)
                           0x1'65e9   0x33a  Code  Gb  INC.o [1]
xSleep(char, Sleep_data *, short)
                           0x2'8b25    0x50  Code  Gb  INC.o [1]
xadr_obl_ust(unsigned short, unsigned short)
                           0x1'5bf5    0x7a  Code  Gb  INC.o [1]
zad_res                 0x8001'46c8     0xc  Data  Gb  INC.o [1]
zeds                    0x8001'4a92     0x2  Data  Gb  INC.o [1]
zi_rs                   0x8001'4258    0x40  Data  Gb  INC.o [1]
zskmax                  0x8001'4a96     0x2  Data  Gb  INC.o [1]


[1] = C:\project_Ger_ATK.cm3\KTE\AD_ROT\ATK_ROT\PRJ.CM3\Debug\Obj
[2] = dl7M_tln.a
[3] = m7M_tls.a
[4] = rt7M_tl.a
[5] = shb_l.a

  194'666 bytes of readonly  code memory
   42'947 bytes of readonly  data memory
   90'389 bytes of readwrite data memory (+ 524'288 absolute)

Errors: none
Warnings: none
