###############################################################################
#
# IAR ELF Linker V9.20.4.327/W64 for ARM                  29/Aug/2025  09:43:15
# Copyright 2007-2022 IAR Systems AB.
#
#    Output file  =
#        C:\project_Ger_ATK.cm3\KTE\AD_ROT\ATK_ROT\PRJ.CM3\Debug\Exe\c.out_nochecksum
#    Map file     =
#        C:\project_Ger_ATK.cm3\KTE\AD_ROT\ATK_ROT\PRJ.CM3\Debug\List\c.map
#    Command line =
#        -f
#        C:\project_Ger_ATK.cm3\KTE\AD_ROT\ATK_ROT\PRJ.CM3\Debug\Exe\c.out_nochecksum.rsp
#        (C:\project_Ger_ATK.cm3\KTE\AD_ROT\ATK_ROT\PRJ.CM3\Debug\Obj\INC.o
#        C:\project_Ger_ATK.cm3\KTE\AD_ROT\ATK_ROT\PRJ.CM3\Debug\Obj\startup_LPC407x_8x_177x_8x.o
#        --no_out_extension -o
#        C:\project_Ger_ATK.cm3\KTE\AD_ROT\ATK_ROT\PRJ.CM3\Debug\Exe\c.out_nochecksum
#        --redirect _Printf=_PrintfFullNoMb --redirect _Scanf=_ScanfFullNoMb
#        --map
#        C:\project_Ger_ATK.cm3\KTE\AD_ROT\ATK_ROT\PRJ.CM3\Debug\List\c.map
#        --config
#        C:\project_Ger_ATK.cm3\KTE\AD_ROT\ATK_ROT\PRJ.CM3\..\..\..\..\STANDART\CM\ldscript_irom_iar.icf
#        --semihosting --entry __iar_program_start --vfe --text_out locale)
#
###############################################################################

*******************************************************************************
*** RUNTIME MODEL ATTRIBUTES
***

CppFlavor                     = *
__CPP_Exceptions              = Disabled
__CPP_Language                = C++14
__CPP_Library                 = DLib
__CPP_Runtime                 = 1
__SystemLibrary               = DLib
__dlib_dynamic_initialization = normal
__dlib_version                = 6


*******************************************************************************
*** HEAP SELECTION
***

The basic heap was selected because no calls to memory allocation
functions were found in the application outside of system library
functions, and there are calls to deallocation functions in the
application.


*******************************************************************************
*** PLACEMENT SUMMARY
***

"A0":  place at address 0x0 { section .intvec };
"A1":  place at address 0x2fc { section CRPKEY };
"P1":  place in [from 0x0 to 0x7'ffff] { ro };
define block CSTACK with size = 2K, alignment = 8 { };
define block HEAP with size = 512, alignment = 8 { };
"P2":  place in [from 0x1000'0000 to 0x1000'ffff] {
          rw, block CSTACK, block HEAP };
"P4":  place in [from 0x8000'0000 to 0x800f'ffff] { section .bss };
initialize by copy with packing = zeros { rw };

No sections matched the following patterns:

  section .noinit  in "P5"
  section USB_RAM  in "P3"


  Section                Kind         Address      Size  Object
  -------                ----         -------      ----  ------
"A0":                                              0xe4
  .intvec                ro code          0x0      0xe4  startup_LPC407x_8x_177x_8x.o [1]
                                       - 0xe4      0xe4

"P1", part 1 of 2:                                0x16e
  .text                  ro code         0xe4      0x3a  rle_init_single.o [4]
  .text                  ro code        0x120      0xa6  ABImemcpy.o [4]
  .text                  ro code        0x1c6      0x1c  INC.o [1]
  .rodata                const          0x1e2       0x2  INC.o [1]
  .text                  ro code        0x1e4      0x48  FltToDbl.o [3]
  .rodata                const          0x22c       0x2  INC.o [1]
  .text                  ro code        0x230      0x22  DblToU32.o [3]
                                      - 0x252     0x16e

"A1":                                               0x4
  CRPKEY                 ro code        0x2fc       0x4  startup_LPC407x_8x_177x_8x.o [1]
                                      - 0x300       0x4

"P1", part 2 of 2:                             0x3'9331
  .text                  ro code        0x300  0x2'd81a  INC.o [1]
  .text                  ro code     0x2'db1c     0x25e  DblAddSub.o [3]
  .text                  ro code     0x2'dd7a      0x3c  INC.o [1]
  .rodata                const       0x2'ddb6       0x2  INC.o [1]
  .text                  ro code     0x2'ddb8      0xcc  fmodf.o [3]
  .text                  ro code     0x2'de84      0x22  S32ToDbl.o [3]
  .rodata                const       0x2'dea6       0x2  INC.o [1]
  .text                  ro code     0x2'dea8      0x1c  U32ToDbl.o [3]
  .text                  ro code     0x2'dec4      0x34  DblCmpGe.o [3]
  .text                  ro code     0x2'def8     0x1aa  DblMul.o [3]
  .rodata                const       0x2'e0a2       0x2  INC.o [1]
  .text                  ro code     0x2'e0a4     0x246  DblDiv.o [3]
  .rodata                const       0x2'e2ea       0x2  INC.o [1]
  .text                  ro code     0x2'e2ec      0x36  DblToS32.o [3]
  .rodata                const       0x2'e322       0x2  INC.o [1]
  .text                  ro code     0x2'e324      0x34  DblCmpLe.o [3]
  .text                  ro code     0x2'e358      0x68  DblToFlt.o [3]
  .text                  ro code     0x2'e3c0      0x20  DblCmpEq.o [3]
  .text                  ro code     0x2'e3e0     0x230  I64DivMod.o [4]
  .text                  ro code     0x2'e610      0x60  modff.o [3]
  .text                  ro code     0x2'e670      0x4e  INC.o [1]
  .text                  ro code     0x2'e6be      0x28  INC.o [1]
  .text                  ro code     0x2'e6e6       0x4  INC.o [1]
  .rodata                const       0x2'e6ea       0x2  INC.o [1]
  .text                  ro code     0x2'e6ec      0x48  atanf.o [3]
  .text                  ro code     0x2'e734      0x1e  math_wrappers64.o [3]
  .rodata                const       0x2'e752       0x2  INC.o [1]
  .text                  ro code     0x2'e754       0x2  I64DivZer.o [4]
  .rodata                const       0x2'e756       0x2  INC.o [1]
  .text                  ro code     0x2'e758      0xa4  xatanf.o [3]
  .text                  ro code     0x2'e7fc     0x2dc  logx64.o [3]
  .text                  ro code     0x2'ead8      0x44  exp64.o [3]
  .text                  ro code     0x2'eb1c      0x70  frexp.o [3]
  .text                  ro code     0x2'eb8c     0x2d4  iar_Exp64.o [3]
  .text                  ro code     0x2'ee60     0x13a  ldexp.o [3]
  .rodata                const       0x2'ef9a       0x2  INC.o [1]
  .rodata                const       0x2'ef9c     0xf40  INC.o [1]
  .rodata                const       0x2'fedc     0xe4c  INC.o [1]
  .rodata                const       0x3'0d28     0xd80  INC.o [1]
  Initializer bytes      const       0x3'1aa8     0xc1e  <for P2-1> (used: 0xc01)
  .rodata                const       0x3'26c6       0x2  INC.o [1]
  .rodata                const       0x3'26c8     0x6c8  INC.o [1]
  .rodata                const       0x3'2d90     0x688  INC.o [1]
  .rodata                const       0x3'3418     0x428  INC.o [1]
  .rodata                const       0x3'3840     0x428  INC.o [1]
  .rodata                const       0x3'3c68     0x414  INC.o [1]
  .rodata                const       0x3'407c      0x2c  INC.o [1]
  .rodata                const       0x3'40a8     0x3f0  INC.o [1]
  .rodata                const       0x3'4498     0x380  INC.o [1]
  .rodata                const       0x3'4818     0x310  INC.o [1]
  .rodata                const       0x3'4b28     0x2d8  INC.o [1]
  .rodata                const       0x3'4e00     0x2d0  INC.o [1]
  .rodata                const       0x3'50d0     0x2a0  INC.o [1]
  .rodata                const       0x3'5370     0x230  INC.o [1]
  .rodata                const       0x3'55a0     0x218  INC.o [1]
  .rodata                const       0x3'57b8     0x200  INC.o [1]
  .rodata                const       0x3'59b8     0x1ec  INC.o [1]
  .rodata                const       0x3'5ba4     0x1b0  INC.o [1]
  .rodata                const       0x3'5d54     0x134  INC.o [1]
  .rodata                const       0x3'5e88      0xe8  INC.o [1]
  .rodata                const       0x3'5f70      0xc0  INC.o [1]
  .rodata                const       0x3'6030      0xa8  INC.o [1]
  .rodata                const       0x3'60d8      0xa8  INC.o [1]
  .rodata                const       0x3'6180      0x9c  INC.o [1]
  .rodata                const       0x3'621c      0x98  INC.o [1]
  .rodata                const       0x3'62b4      0x24  INC.o [1]
  .rodata                const       0x3'62d8      0x70  INC.o [1]
  .rodata                const       0x3'6348      0x60  INC.o [1]
  .rodata                const       0x3'63a8      0x48  INC.o [1]
  .rodata                const       0x3'63f0      0x40  INC.o [1]
  .rodata                const       0x3'6430      0x38  INC.o [1]
  .text                  ro code     0x3'6468      0x38  zero_init3.o [4]
  .rodata                const       0x3'64a0      0x30  INC.o [1]
  .rodata                const       0x3'64d0      0x30  INC.o [1]
  .rodata                const       0x3'6500      0x30  INC.o [1]
  .rodata                const       0x3'6530      0x28  INC.o [1]
  .rodata                const       0x3'6558      0x28  INC.o [1]
  .text                  ro code     0x3'6580      0x28  data_init.o [4]
  .rodata                const       0x3'65a8      0x24  INC.o [1]
  .text                  ro code     0x3'65cc      0x22  fpinit_M.o [3]
  .iar.init_table        const       0x3'65f0      0x2c  - Linker created -
  .rodata                const       0x3'661c       0x2  INC.o [1]
  .rodata                const       0x3'6620      0x20  INC.o [1]
  .rodata                const       0x3'6640      0x20  INC.o [1]
  .rodata                const       0x3'6660      0x20  INC.o [1]
  .rodata                const       0x3'6680      0x20  INC.o [1]
  .rodata                const       0x3'66a0      0x20  INC.o [1]
  .rodata                const       0x3'66c0      0x20  INC.o [1]
  .rodata                const       0x3'66e0      0x20  INC.o [1]
  .rodata                const       0x3'6700      0x20  INC.o [1]
  .rodata                const       0x3'6720      0x20  INC.o [1]
  .rodata                const       0x3'6740      0x20  INC.o [1]
  .text                  ro code     0x3'6760      0x20  cmain_call_ctors.o [4]
  .text                  ro code     0x3'6780      0x18  cppinit.o [2]
  .text                  ro code     0x3'6798      0x1e  cmain.o [4]
  .text                  ro code     0x3'67b6       0x4  low_level_init.o [2]
  .text                  ro code     0x3'67ba       0x4  exit.o [2]
  .rodata                const       0x3'67be       0x2  INC.o [1]
  .text                  ro code     0x3'67c0       0xa  cexit.o [4]
  .rodata                const       0x3'67ca       0x2  INC.o [1]
  .text                  ro code     0x3'67cc      0x14  exit.o [5]
  .rodata                const       0x3'67e0      0x1c  INC.o [1]
  .rodata                const       0x3'67fc      0x1c  INC.o [1]
  .text                  ro code     0x3'6818      0x1c  cstartup_M.o [4]
  .rodata                const       0x3'6834      0x18  INC.o [1]
  .rodata                const       0x3'684c      0x18  INC.o [1]
  .rodata                const       0x3'6864      0x18  INC.o [1]
  .rodata                const       0x3'687c      0x18  INC.o [1]
  .rodata                const       0x3'6894      0x14  INC.o [1]
  .rodata                const       0x3'68a8      0x14  INC.o [1]
  .rodata                const       0x3'68bc      0x14  INC.o [1]
  .rodata                const       0x3'68d0      0x14  INC.o [1]
  .rodata                const       0x3'68e4      0x14  INC.o [1]
  .rodata                const       0x3'68f8      0x14  INC.o [1]
  .rodata                const       0x3'690c      0x14  INC.o [1]
  .rodata                const       0x3'6920      0x14  INC.o [1]
  .rodata                const       0x3'6934      0x14  INC.o [1]
  .rodata                const       0x3'6948      0x14  INC.o [1]
  .rodata                const       0x3'695c      0x14  INC.o [1]
  .rodata                const       0x3'6970      0x14  INC.o [1]
  .rodata                const       0x3'6984      0x14  INC.o [1]
  .rodata                const       0x3'6998      0x14  INC.o [1]
  .rodata                const       0x3'69ac      0x14  INC.o [1]
  .rodata                const       0x3'69c0      0x14  INC.o [1]
  .rodata                const       0x3'69d4      0x14  INC.o [1]
  .rodata                const       0x3'69e8      0x14  INC.o [1]
  .rodata                const       0x3'69fc      0x14  INC.o [1]
  .rodata                const       0x3'6a10      0x14  INC.o [1]
  .rodata                const       0x3'6a24      0x14  INC.o [1]
  .rodata                const       0x3'6a38      0x14  INC.o [1]
  .rodata                const       0x3'6a4c      0x14  INC.o [1]
  .rodata                const       0x3'6a60      0x14  INC.o [1]
  .rodata                const       0x3'6a74      0x14  INC.o [1]
  .rodata                const       0x3'6a88      0x14  INC.o [1]
  .rodata                const       0x3'6a9c      0x14  INC.o [1]
  .rodata                const       0x3'6ab0      0x14  INC.o [1]
  .rodata                const       0x3'6ac4      0x14  INC.o [1]
  .rodata                const       0x3'6ad8      0x14  INC.o [1]
  .rodata                const       0x3'6aec      0x14  INC.o [1]
  .rodata                const       0x3'6b00      0x14  INC.o [1]
  .rodata                const       0x3'6b14      0x14  INC.o [1]
  .rodata                const       0x3'6b28      0x14  INC.o [1]
  .rodata                const       0x3'6b3c      0x14  INC.o [1]
  .rodata                const       0x3'6b50      0x14  INC.o [1]
  .rodata                const       0x3'6b64      0x14  INC.o [1]
  .rodata                const       0x3'6b78      0x14  INC.o [1]
  .rodata                const       0x3'6b8c      0x14  INC.o [1]
  .rodata                const       0x3'6ba0      0x14  INC.o [1]
  .rodata                const       0x3'6bb4      0x14  INC.o [1]
  .rodata                const       0x3'6bc8      0x14  INC.o [1]
  .rodata                const       0x3'6bdc      0x14  INC.o [1]
  .rodata                const       0x3'6bf0      0x14  INC.o [1]
  .rodata                const       0x3'6c04      0x14  INC.o [1]
  .rodata                const       0x3'6c18      0x14  INC.o [1]
  .rodata                const       0x3'6c2c      0x14  INC.o [1]
  .rodata                const       0x3'6c40      0x14  INC.o [1]
  .rodata                const       0x3'6c54      0x14  INC.o [1]
  .rodata                const       0x3'6c68      0x14  INC.o [1]
  .rodata                const       0x3'6c7c      0x14  INC.o [1]
  .rodata                const       0x3'6c90      0x14  INC.o [1]
  .rodata                const       0x3'6ca4      0x14  INC.o [1]
  .rodata                const       0x3'6cb8      0x14  INC.o [1]
  .rodata                const       0x3'6ccc      0x14  INC.o [1]
  .rodata                const       0x3'6ce0      0x14  INC.o [1]
  .rodata                const       0x3'6cf4      0x14  INC.o [1]
  .rodata                const       0x3'6d08      0x14  INC.o [1]
  .rodata                const       0x3'6d1c      0x14  INC.o [1]
  .rodata                const       0x3'6d30      0x14  INC.o [1]
  .rodata                const       0x3'6d44      0x14  INC.o [1]
  .rodata                const       0x3'6d58      0x14  INC.o [1]
  .rodata                const       0x3'6d6c      0x14  INC.o [1]
  .rodata                const       0x3'6d80      0x14  INC.o [1]
  .rodata                const       0x3'6d94      0x14  INC.o [1]
  .rodata                const       0x3'6da8      0x14  INC.o [1]
  .rodata                const       0x3'6dbc      0x14  INC.o [1]
  .rodata                const       0x3'6dd0      0x10  INC.o [1]
  .rodata                const       0x3'6de0      0x10  INC.o [1]
  .rodata                const       0x3'6df0      0x10  INC.o [1]
  .rodata                const       0x3'6e00      0x10  INC.o [1]
  .rodata                const       0x3'6e10      0x10  INC.o [1]
  .rodata                const       0x3'6e20      0x10  INC.o [1]
  .rodata                const       0x3'6e30      0x10  INC.o [1]
  .rodata                const       0x3'6e40      0x10  INC.o [1]
  .rodata                const       0x3'6e50      0x10  INC.o [1]
  .rodata                const       0x3'6e60      0x10  INC.o [1]
  .rodata                const       0x3'6e70      0x10  INC.o [1]
  .rodata                const       0x3'6e80      0x10  INC.o [1]
  .rodata                const       0x3'6e90      0x10  INC.o [1]
  .rodata                const       0x3'6ea0      0x10  INC.o [1]
  .rodata                const       0x3'6eb0      0x10  INC.o [1]
  .rodata                const       0x3'6ec0      0x10  INC.o [1]
  .rodata                const       0x3'6ed0      0x10  INC.o [1]
  .rodata                const       0x3'6ee0      0x10  INC.o [1]
  .rodata                const       0x3'6ef0      0x10  INC.o [1]
  .rodata                const       0x3'6f00      0x10  INC.o [1]
  .rodata                const       0x3'6f10      0x10  INC.o [1]
  .rodata                const       0x3'6f20      0x10  INC.o [1]
  .rodata                const       0x3'6f30      0x10  INC.o [1]
  .rodata                const       0x3'6f40      0x10  INC.o [1]
  .rodata                const       0x3'6f50      0x10  INC.o [1]
  .rodata                const       0x3'6f60      0x10  INC.o [1]
  .rodata                const       0x3'6f70      0x10  INC.o [1]
  .rodata                const       0x3'6f80      0x10  INC.o [1]
  .rodata                const       0x3'6f90      0x10  INC.o [1]
  .rodata                const       0x3'6fa0      0x10  INC.o [1]
  .rodata                const       0x3'6fb0      0x10  INC.o [1]
  .rodata                const       0x3'6fc0      0x10  INC.o [1]
  .rodata                const       0x3'6fd0      0x10  INC.o [1]
  .rodata                const       0x3'6fe0      0x10  INC.o [1]
  .rodata                const       0x3'6ff0      0x10  INC.o [1]
  .rodata                const       0x3'7000      0x10  INC.o [1]
  .rodata                const       0x3'7010      0x10  INC.o [1]
  .rodata                const       0x3'7020      0x10  INC.o [1]
  .rodata                const       0x3'7030      0x10  INC.o [1]
  .rodata                const       0x3'7040      0x10  INC.o [1]
  .rodata                const       0x3'7050      0x10  INC.o [1]
  .rodata                const       0x3'7060      0x10  INC.o [1]
  .rodata                const       0x3'7070      0x10  INC.o [1]
  .rodata                const       0x3'7080      0x10  INC.o [1]
  .rodata                const       0x3'7090      0x10  INC.o [1]
  .rodata                const       0x3'70a0      0x10  INC.o [1]
  .rodata                const       0x3'70b0      0x10  INC.o [1]
  .rodata                const       0x3'70c0      0x10  INC.o [1]
  .rodata                const       0x3'70d0      0x10  INC.o [1]
  .rodata                const       0x3'70e0      0x10  INC.o [1]
  .rodata                const       0x3'70f0      0x10  INC.o [1]
  .rodata                const       0x3'7100      0x10  INC.o [1]
  .rodata                const       0x3'7110      0x10  INC.o [1]
  .rodata                const       0x3'7120      0x10  INC.o [1]
  .rodata                const       0x3'7130      0x10  INC.o [1]
  .rodata                const       0x3'7140      0x10  INC.o [1]
  .rodata                const       0x3'7150      0x10  INC.o [1]
  .rodata                const       0x3'7160      0x10  INC.o [1]
  .rodata                const       0x3'7170      0x10  INC.o [1]
  .rodata                const       0x3'7180      0x10  INC.o [1]
  .rodata                const       0x3'7190      0x10  INC.o [1]
  .rodata                const       0x3'71a0      0x10  INC.o [1]
  .rodata                const       0x3'71b0      0x10  INC.o [1]
  .rodata                const       0x3'71c0      0x10  INC.o [1]
  .rodata                const       0x3'71d0      0x10  INC.o [1]
  .rodata                const       0x3'71e0      0x10  INC.o [1]
  .rodata                const       0x3'71f0      0x10  INC.o [1]
  .rodata                const       0x3'7200      0x10  INC.o [1]
  .rodata                const       0x3'7210      0x10  INC.o [1]
  .rodata                const       0x3'7220      0x10  INC.o [1]
  .rodata                const       0x3'7230      0x10  INC.o [1]
  .rodata                const       0x3'7240      0x10  INC.o [1]
  .rodata                const       0x3'7250      0x10  INC.o [1]
  .rodata                const       0x3'7260      0x10  INC.o [1]
  .rodata                const       0x3'7270      0x10  INC.o [1]
  .rodata                const       0x3'7280      0x10  INC.o [1]
  .rodata                const       0x3'7290      0x10  INC.o [1]
  .rodata                const       0x3'72a0      0x10  INC.o [1]
  .rodata                const       0x3'72b0      0x10  INC.o [1]
  .rodata                const       0x3'72c0      0x10  INC.o [1]
  .rodata                const       0x3'72d0      0x10  INC.o [1]
  .rodata                const       0x3'72e0      0x10  INC.o [1]
  .rodata                const       0x3'72f0      0x10  INC.o [1]
  .rodata                const       0x3'7300      0x10  INC.o [1]
  .rodata                const       0x3'7310      0x10  INC.o [1]
  .rodata                const       0x3'7320      0x10  INC.o [1]
  .rodata                const       0x3'7330      0x10  INC.o [1]
  .rodata                const       0x3'7340      0x10  INC.o [1]
  .rodata                const       0x3'7350      0x10  INC.o [1]
  .rodata                const       0x3'7360      0x10  INC.o [1]
  .rodata                const       0x3'7370      0x10  INC.o [1]
  .rodata                const       0x3'7380      0x10  INC.o [1]
  .rodata                const       0x3'7390      0x10  INC.o [1]
  .rodata                const       0x3'73a0      0x10  INC.o [1]
  .rodata                const       0x3'73b0      0x10  INC.o [1]
  .rodata                const       0x3'73c0      0x10  INC.o [1]
  .rodata                const       0x3'73d0      0x10  INC.o [1]
  .rodata                const       0x3'73e0      0x10  INC.o [1]
  .rodata                const       0x3'73f0      0x10  INC.o [1]
  .rodata                const       0x3'7400      0x10  INC.o [1]
  .rodata                const       0x3'7410      0x10  INC.o [1]
  .rodata                const       0x3'7420      0x10  INC.o [1]
  .rodata                const       0x3'7430      0x10  INC.o [1]
  .rodata                const       0x3'7440      0x10  INC.o [1]
  .rodata                const       0x3'7450      0x10  INC.o [1]
  .rodata                const       0x3'7460      0x10  INC.o [1]
  .rodata                const       0x3'7470      0x10  INC.o [1]
  .rodata                const       0x3'7480      0x10  INC.o [1]
  .rodata                const       0x3'7490      0x10  INC.o [1]
  .rodata                const       0x3'74a0      0x10  INC.o [1]
  .rodata                const       0x3'74b0      0x10  INC.o [1]
  .rodata                const       0x3'74c0      0x10  INC.o [1]
  .rodata                const       0x3'74d0      0x10  INC.o [1]
  .rodata                const       0x3'74e0      0x10  INC.o [1]
  .rodata                const       0x3'74f0      0x10  INC.o [1]
  .rodata                const       0x3'7500      0x10  INC.o [1]
  .rodata                const       0x3'7510      0x10  INC.o [1]
  .rodata                const       0x3'7520      0x10  INC.o [1]
  .rodata                const       0x3'7530      0x10  INC.o [1]
  .rodata                const       0x3'7540      0x10  INC.o [1]
  .rodata                const       0x3'7550      0x10  INC.o [1]
  .rodata                const       0x3'7560      0x10  INC.o [1]
  .rodata                const       0x3'7570      0x10  INC.o [1]
  .rodata                const       0x3'7580      0x10  INC.o [1]
  .rodata                const       0x3'7590      0x10  INC.o [1]
  .rodata                const       0x3'75a0      0x10  INC.o [1]
  .rodata                const       0x3'75b0      0x10  INC.o [1]
  .rodata                const       0x3'75c0      0x10  INC.o [1]
  .rodata                const       0x3'75d0      0x10  INC.o [1]
  .rodata                const       0x3'75e0      0x10  INC.o [1]
  .rodata                const       0x3'75f0      0x10  INC.o [1]
  .rodata                const       0x3'7600      0x10  INC.o [1]
  .rodata                const       0x3'7610      0x10  INC.o [1]
  .rodata                const       0x3'7620      0x10  INC.o [1]
  .rodata                const       0x3'7630      0x10  INC.o [1]
  .rodata                const       0x3'7640      0x10  INC.o [1]
  .rodata                const       0x3'7650      0x10  INC.o [1]
  .rodata                const       0x3'7660      0x10  INC.o [1]
  .rodata                const       0x3'7670      0x10  INC.o [1]
  .rodata                const       0x3'7680      0x10  INC.o [1]
  .rodata                const       0x3'7690      0x10  INC.o [1]
  .rodata                const       0x3'76a0      0x10  INC.o [1]
  .rodata                const       0x3'76b0      0x10  INC.o [1]
  .rodata                const       0x3'76c0      0x10  INC.o [1]
  .rodata                const       0x3'76d0      0x10  INC.o [1]
  .rodata                const       0x3'76e0      0x10  INC.o [1]
  .rodata                const       0x3'76f0      0x10  INC.o [1]
  .rodata                const       0x3'7700      0x10  INC.o [1]
  .rodata                const       0x3'7710      0x10  INC.o [1]
  .rodata                const       0x3'7720      0x10  INC.o [1]
  .rodata                const       0x3'7730      0x10  INC.o [1]
  .rodata                const       0x3'7740      0x10  INC.o [1]
  .rodata                const       0x3'7750      0x10  INC.o [1]
  .rodata                const       0x3'7760      0x10  INC.o [1]
  .rodata                const       0x3'7770      0x10  INC.o [1]
  .rodata                const       0x3'7780      0x10  INC.o [1]
  .rodata                const       0x3'7790      0x10  INC.o [1]
  .rodata                const       0x3'77a0      0x10  INC.o [1]
  .rodata                const       0x3'77b0      0x10  INC.o [1]
  .rodata                const       0x3'77c0      0x10  INC.o [1]
  .rodata                const       0x3'77d0      0x10  INC.o [1]
  .rodata                const       0x3'77e0      0x10  INC.o [1]
  .rodata                const       0x3'77f0      0x10  INC.o [1]
  .rodata                const       0x3'7800      0x10  INC.o [1]
  .rodata                const       0x3'7810      0x10  INC.o [1]
  .rodata                const       0x3'7820      0x10  INC.o [1]
  .rodata                const       0x3'7830      0x10  INC.o [1]
  .rodata                const       0x3'7840      0x10  INC.o [1]
  .rodata                const       0x3'7850      0x10  INC.o [1]
  .rodata                const       0x3'7860      0x10  INC.o [1]
  .rodata                const       0x3'7870      0x10  INC.o [1]
  .rodata                const       0x3'7880      0x10  INC.o [1]
  .rodata                const       0x3'7890      0x10  INC.o [1]
  .rodata                const       0x3'78a0      0x10  INC.o [1]
  .rodata                const       0x3'78b0      0x10  INC.o [1]
  .rodata                const       0x3'78c0      0x10  INC.o [1]
  .rodata                const       0x3'78d0      0x10  INC.o [1]
  .rodata                const       0x3'78e0      0x10  INC.o [1]
  .rodata                const       0x3'78f0      0x10  INC.o [1]
  .rodata                const       0x3'7900      0x10  INC.o [1]
  .rodata                const       0x3'7910      0x10  INC.o [1]
  .rodata                const       0x3'7920      0x10  INC.o [1]
  .rodata                const       0x3'7930      0x10  INC.o [1]
  .rodata                const       0x3'7940      0x10  INC.o [1]
  .rodata                const       0x3'7950      0x10  INC.o [1]
  .rodata                const       0x3'7960      0x10  INC.o [1]
  .rodata                const       0x3'7970      0x10  INC.o [1]
  .rodata                const       0x3'7980      0x10  INC.o [1]
  .rodata                const       0x3'7990      0x10  INC.o [1]
  .rodata                const       0x3'79a0      0x10  INC.o [1]
  .rodata                const       0x3'79b0      0x10  INC.o [1]
  .rodata                const       0x3'79c0      0x10  INC.o [1]
  .rodata                const       0x3'79d0      0x10  INC.o [1]
  .rodata                const       0x3'79e0      0x10  INC.o [1]
  .rodata                const       0x3'79f0      0x10  INC.o [1]
  .rodata                const       0x3'7a00      0x10  INC.o [1]
  .rodata                const       0x3'7a10      0x10  INC.o [1]
  .rodata                const       0x3'7a20      0x10  INC.o [1]
  .rodata                const       0x3'7a30      0x10  INC.o [1]
  .rodata                const       0x3'7a40      0x10  INC.o [1]
  .rodata                const       0x3'7a50      0x10  INC.o [1]
  .rodata                const       0x3'7a60      0x10  INC.o [1]
  .rodata                const       0x3'7a70      0x10  INC.o [1]
  .rodata                const       0x3'7a80      0x10  INC.o [1]
  .rodata                const       0x3'7a90      0x10  INC.o [1]
  .rodata                const       0x3'7aa0      0x10  INC.o [1]
  .rodata                const       0x3'7ab0      0x10  INC.o [1]
  .rodata                const       0x3'7ac0      0x10  INC.o [1]
  .rodata                const       0x3'7ad0      0x10  INC.o [1]
  .rodata                const       0x3'7ae0      0x10  INC.o [1]
  .rodata                const       0x3'7af0      0x10  INC.o [1]
  .rodata                const       0x3'7b00      0x10  INC.o [1]
  .rodata                const       0x3'7b10      0x10  INC.o [1]
  .rodata                const       0x3'7b20      0x10  INC.o [1]
  .rodata                const       0x3'7b30      0x10  INC.o [1]
  .rodata                const       0x3'7b40      0x10  INC.o [1]
  .rodata                const       0x3'7b50      0x10  INC.o [1]
  .rodata                const       0x3'7b60      0x10  INC.o [1]
  .rodata                const       0x3'7b70      0x10  INC.o [1]
  .rodata                const       0x3'7b80      0x10  INC.o [1]
  .rodata                const       0x3'7b90      0x10  INC.o [1]
  .rodata                const       0x3'7ba0      0x10  INC.o [1]
  .rodata                const       0x3'7bb0      0x10  INC.o [1]
  .rodata                const       0x3'7bc0      0x10  INC.o [1]
  .rodata                const       0x3'7bd0      0x10  INC.o [1]
  .rodata                const       0x3'7be0      0x10  INC.o [1]
  .rodata                const       0x3'7bf0      0x10  INC.o [1]
  .rodata                const       0x3'7c00      0x10  INC.o [1]
  .rodata                const       0x3'7c10      0x10  INC.o [1]
  .rodata                const       0x3'7c20      0x10  INC.o [1]
  .rodata                const       0x3'7c30      0x10  INC.o [1]
  .rodata                const       0x3'7c40      0x10  INC.o [1]
  .rodata                const       0x3'7c50      0x10  INC.o [1]
  .rodata                const       0x3'7c60      0x10  INC.o [1]
  .rodata                const       0x3'7c70      0x10  INC.o [1]
  .rodata                const       0x3'7c80      0x10  INC.o [1]
  .rodata                const       0x3'7c90      0x10  INC.o [1]
  .rodata                const       0x3'7ca0      0x10  INC.o [1]
  .rodata                const       0x3'7cb0      0x10  INC.o [1]
  .rodata                const       0x3'7cc0      0x10  INC.o [1]
  .rodata                const       0x3'7cd0      0x10  INC.o [1]
  .rodata                const       0x3'7ce0      0x10  INC.o [1]
  .rodata                const       0x3'7cf0      0x10  INC.o [1]
  .rodata                const       0x3'7d00      0x10  INC.o [1]
  .rodata                const       0x3'7d10      0x10  INC.o [1]
  .rodata                const       0x3'7d20      0x10  INC.o [1]
  .rodata                const       0x3'7d30      0x10  INC.o [1]
  .rodata                const       0x3'7d40      0x10  INC.o [1]
  .rodata                const       0x3'7d50      0x10  INC.o [1]
  .rodata                const       0x3'7d60      0x10  INC.o [1]
  .rodata                const       0x3'7d70      0x10  INC.o [1]
  .rodata                const       0x3'7d80      0x10  INC.o [1]
  .rodata                const       0x3'7d90      0x10  INC.o [1]
  .rodata                const       0x3'7da0      0x10  INC.o [1]
  .rodata                const       0x3'7db0      0x10  INC.o [1]
  .rodata                const       0x3'7dc0      0x10  INC.o [1]
  .rodata                const       0x3'7dd0      0x10  INC.o [1]
  .rodata                const       0x3'7de0      0x10  INC.o [1]
  .rodata                const       0x3'7df0      0x10  INC.o [1]
  .rodata                const       0x3'7e00      0x10  INC.o [1]
  .rodata                const       0x3'7e10      0x10  INC.o [1]
  .rodata                const       0x3'7e20      0x10  INC.o [1]
  .rodata                const       0x3'7e30      0x10  INC.o [1]
  .rodata                const       0x3'7e40      0x10  INC.o [1]
  .rodata                const       0x3'7e50      0x10  INC.o [1]
  .rodata                const       0x3'7e60      0x10  INC.o [1]
  .rodata                const       0x3'7e70      0x10  INC.o [1]
  .rodata                const       0x3'7e80      0x10  INC.o [1]
  .rodata                const       0x3'7e90      0x10  INC.o [1]
  .rodata                const       0x3'7ea0      0x10  INC.o [1]
  .rodata                const       0x3'7eb0      0x10  INC.o [1]
  .rodata                const       0x3'7ec0      0x10  INC.o [1]
  .rodata                const       0x3'7ed0      0x10  INC.o [1]
  .rodata                const       0x3'7ee0      0x10  INC.o [1]
  .rodata                const       0x3'7ef0      0x10  INC.o [1]
  .rodata                const       0x3'7f00      0x10  INC.o [1]
  .rodata                const       0x3'7f10      0x10  INC.o [1]
  .rodata                const       0x3'7f20      0x10  INC.o [1]
  .rodata                const       0x3'7f30      0x10  INC.o [1]
  .rodata                const       0x3'7f40      0x10  INC.o [1]
  .rodata                const       0x3'7f50      0x10  INC.o [1]
  .rodata                const       0x3'7f60      0x10  INC.o [1]
  .rodata                const       0x3'7f70      0x10  INC.o [1]
  .rodata                const       0x3'7f80      0x10  INC.o [1]
  .rodata                const       0x3'7f90      0x10  INC.o [1]
  .rodata                const       0x3'7fa0      0x10  INC.o [1]
  .rodata                const       0x3'7fb0      0x10  INC.o [1]
  .rodata                const       0x3'7fc0      0x10  INC.o [1]
  .rodata                const       0x3'7fd0      0x10  INC.o [1]
  .rodata                const       0x3'7fe0      0x10  INC.o [1]
  .rodata                const       0x3'7ff0      0x10  INC.o [1]
  .rodata                const       0x3'8000      0x10  INC.o [1]
  .rodata                const       0x3'8010      0x10  INC.o [1]
  .rodata                const       0x3'8020      0x10  INC.o [1]
  .rodata                const       0x3'8030      0x10  INC.o [1]
  .rodata                const       0x3'8040      0x10  INC.o [1]
  .rodata                const       0x3'8050      0x10  INC.o [1]
  .rodata                const       0x3'8060      0x10  INC.o [1]
  .rodata                const       0x3'8070      0x10  INC.o [1]
  .rodata                const       0x3'8080      0x10  INC.o [1]
  .rodata                const       0x3'8090      0x10  INC.o [1]
  .rodata                const       0x3'80a0      0x10  INC.o [1]
  .rodata                const       0x3'80b0      0x10  INC.o [1]
  .rodata                const       0x3'80c0      0x10  INC.o [1]
  .rodata                const       0x3'80d0      0x10  INC.o [1]
  .rodata                const       0x3'80e0      0x10  INC.o [1]
  .rodata                const       0x3'80f0      0x10  INC.o [1]
  .rodata                const       0x3'8100      0x10  INC.o [1]
  .rodata                const       0x3'8110      0x10  INC.o [1]
  .rodata                const       0x3'8120      0x10  INC.o [1]
  .rodata                const       0x3'8130      0x10  INC.o [1]
  .rodata                const       0x3'8140      0x10  INC.o [1]
  .rodata                const       0x3'8150      0x10  INC.o [1]
  .rodata                const       0x3'8160      0x10  INC.o [1]
  .rodata                const       0x3'8170      0x10  INC.o [1]
  .rodata                const       0x3'8180      0x10  INC.o [1]
  .rodata                const       0x3'8190      0x10  INC.o [1]
  .rodata                const       0x3'81a0      0x10  INC.o [1]
  .rodata                const       0x3'81b0      0x10  INC.o [1]
  .rodata                const       0x3'81c0      0x10  INC.o [1]
  .rodata                const       0x3'81d0      0x10  INC.o [1]
  .rodata                const       0x3'81e0      0x10  INC.o [1]
  .rodata                const       0x3'81f0      0x10  INC.o [1]
  .rodata                const       0x3'8200      0x10  INC.o [1]
  .rodata                const       0x3'8210      0x10  INC.o [1]
  .rodata                const       0x3'8220      0x10  INC.o [1]
  .rodata                const       0x3'8230      0x10  INC.o [1]
  .rodata                const       0x3'8240      0x10  INC.o [1]
  .rodata                const       0x3'8250      0x10  INC.o [1]
  .rodata                const       0x3'8260      0x10  INC.o [1]
  .rodata                const       0x3'8270      0x10  INC.o [1]
  .rodata                const       0x3'8280      0x10  INC.o [1]
  .rodata                const       0x3'8290      0x10  INC.o [1]
  .rodata                const       0x3'82a0      0x10  INC.o [1]
  .rodata                const       0x3'82b0      0x10  INC.o [1]
  .rodata                const       0x3'82c0      0x10  INC.o [1]
  .rodata                const       0x3'82d0      0x10  INC.o [1]
  .rodata                const       0x3'82e0      0x10  INC.o [1]
  .rodata                const       0x3'82f0      0x10  INC.o [1]
  .rodata                const       0x3'8300      0x10  INC.o [1]
  .rodata                const       0x3'8310      0x10  INC.o [1]
  .rodata                const       0x3'8320      0x10  INC.o [1]
  .rodata                const       0x3'8330      0x10  INC.o [1]
  .rodata                const       0x3'8340      0x10  INC.o [1]
  .rodata                const       0x3'8350      0x10  INC.o [1]
  .rodata                const       0x3'8360      0x10  INC.o [1]
  .rodata                const       0x3'8370      0x10  INC.o [1]
  .rodata                const       0x3'8380      0x10  INC.o [1]
  .rodata                const       0x3'8390      0x10  INC.o [1]
  .rodata                const       0x3'83a0      0x10  INC.o [1]
  .rodata                const       0x3'83b0      0x10  INC.o [1]
  .rodata                const       0x3'83c0      0x10  INC.o [1]
  .rodata                const       0x3'83d0      0x10  INC.o [1]
  .rodata                const       0x3'83e0      0x10  INC.o [1]
  .rodata                const       0x3'83f0      0x10  INC.o [1]
  .rodata                const       0x3'8400      0x10  INC.o [1]
  .rodata                const       0x3'8410      0x10  INC.o [1]
  .rodata                const       0x3'8420      0x10  INC.o [1]
  .rodata                const       0x3'8430      0x10  INC.o [1]
  .rodata                const       0x3'8440      0x10  INC.o [1]
  .rodata                const       0x3'8450      0x10  INC.o [1]
  .rodata                const       0x3'8460      0x10  INC.o [1]
  .rodata                const       0x3'8470      0x10  INC.o [1]
  .rodata                const       0x3'8480      0x10  INC.o [1]
  .rodata                const       0x3'8490      0x10  INC.o [1]
  .rodata                const       0x3'84a0      0x10  INC.o [1]
  .rodata                const       0x3'84b0      0x10  INC.o [1]
  .rodata                const       0x3'84c0      0x10  INC.o [1]
  .rodata                const       0x3'84d0      0x10  INC.o [1]
  .rodata                const       0x3'84e0      0x10  INC.o [1]
  .rodata                const       0x3'84f0      0x10  INC.o [1]
  .rodata                const       0x3'8500      0x10  INC.o [1]
  .rodata                const       0x3'8510      0x10  INC.o [1]
  .rodata                const       0x3'8520      0x10  INC.o [1]
  .rodata                const       0x3'8530      0x10  INC.o [1]
  .rodata                const       0x3'8540      0x10  INC.o [1]
  .rodata                const       0x3'8550      0x10  INC.o [1]
  .rodata                const       0x3'8560      0x10  INC.o [1]
  .rodata                const       0x3'8570      0x10  INC.o [1]
  .rodata                const       0x3'8580      0x10  INC.o [1]
  .rodata                const       0x3'8590      0x10  INC.o [1]
  .rodata                const       0x3'85a0      0x10  INC.o [1]
  .rodata                const       0x3'85b0      0x10  INC.o [1]
  .rodata                const       0x3'85c0      0x10  INC.o [1]
  .rodata                const       0x3'85d0      0x10  INC.o [1]
  .rodata                const       0x3'85e0      0x10  INC.o [1]
  .rodata                const       0x3'85f0      0x10  INC.o [1]
  .rodata                const       0x3'8600      0x10  INC.o [1]
  .rodata                const       0x3'8610      0x10  INC.o [1]
  .rodata                const       0x3'8620      0x10  INC.o [1]
  .rodata                const       0x3'8630      0x10  INC.o [1]
  .rodata                const       0x3'8640      0x10  INC.o [1]
  .rodata                const       0x3'8650      0x10  INC.o [1]
  .rodata                const       0x3'8660      0x10  INC.o [1]
  .rodata                const       0x3'8670      0x10  INC.o [1]
  .rodata                const       0x3'8680      0x10  INC.o [1]
  .rodata                const       0x3'8690      0x10  INC.o [1]
  .rodata                const       0x3'86a0      0x10  INC.o [1]
  .rodata                const       0x3'86b0      0x10  INC.o [1]
  .rodata                const       0x3'86c0      0x10  INC.o [1]
  .rodata                const       0x3'86d0      0x10  INC.o [1]
  .rodata                const       0x3'86e0      0x10  INC.o [1]
  .rodata                const       0x3'86f0      0x10  INC.o [1]
  .rodata                const       0x3'8700      0x10  INC.o [1]
  .rodata                const       0x3'8710      0x10  INC.o [1]
  .rodata                const       0x3'8720      0x10  INC.o [1]
  .rodata                const       0x3'8730      0x10  INC.o [1]
  .rodata                const       0x3'8740      0x10  INC.o [1]
  .rodata                const       0x3'8750      0x10  INC.o [1]
  .rodata                const       0x3'8760      0x10  INC.o [1]
  .rodata                const       0x3'8770      0x10  INC.o [1]
  .rodata                const       0x3'8780      0x10  INC.o [1]
  .rodata                const       0x3'8790      0x10  INC.o [1]
  .rodata                const       0x3'87a0      0x10  INC.o [1]
  .rodata                const       0x3'87b0      0x10  INC.o [1]
  .rodata                const       0x3'87c0      0x10  INC.o [1]
  .rodata                const       0x3'87d0      0x10  INC.o [1]
  .rodata                const       0x3'87e0      0x10  INC.o [1]
  .rodata                const       0x3'87f0      0x10  INC.o [1]
  .rodata                const       0x3'8800      0x10  INC.o [1]
  .rodata                const       0x3'8810      0x10  INC.o [1]
  .text                  ro code     0x3'8820      0x10  startup_LPC407x_8x_177x_8x.o [1]
  .rodata                const       0x3'8830       0xc  INC.o [1]
  .rodata                const       0x3'883c       0xc  INC.o [1]
  .rodata                const       0x3'8848       0xc  INC.o [1]
  .rodata                const       0x3'8854       0xc  INC.o [1]
  .rodata                const       0x3'8860       0xc  INC.o [1]
  .rodata                const       0x3'886c       0xc  INC.o [1]
  .rodata                const       0x3'8878       0xc  INC.o [1]
  .rodata                const       0x3'8884       0xc  INC.o [1]
  .rodata                const       0x3'8890       0xc  INC.o [1]
  .rodata                const       0x3'889c       0xc  INC.o [1]
  .rodata                const       0x3'88a8       0xc  INC.o [1]
  .rodata                const       0x3'88b4       0xc  INC.o [1]
  .rodata                const       0x3'88c0       0xc  INC.o [1]
  .rodata                const       0x3'88cc       0xc  INC.o [1]
  .rodata                const       0x3'88d8       0xc  INC.o [1]
  .rodata                const       0x3'88e4       0xc  INC.o [1]
  .rodata                const       0x3'88f0       0xc  INC.o [1]
  .rodata                const       0x3'88fc       0xc  INC.o [1]
  .rodata                const       0x3'8908       0xc  INC.o [1]
  .rodata                const       0x3'8914       0xc  INC.o [1]
  .rodata                const       0x3'8920       0xc  INC.o [1]
  .rodata                const       0x3'892c       0xc  INC.o [1]
  .rodata                const       0x3'8938       0xc  INC.o [1]
  .rodata                const       0x3'8944       0xc  INC.o [1]
  .rodata                const       0x3'8950       0xc  INC.o [1]
  .rodata                const       0x3'895c       0xc  INC.o [1]
  .rodata                const       0x3'8968       0xc  INC.o [1]
  .rodata                const       0x3'8974       0xc  INC.o [1]
  .rodata                const       0x3'8980       0xc  INC.o [1]
  .rodata                const       0x3'898c       0xc  INC.o [1]
  .rodata                const       0x3'8998       0xc  INC.o [1]
  .rodata                const       0x3'89a4       0xc  INC.o [1]
  .rodata                const       0x3'89b0       0xc  INC.o [1]
  .rodata                const       0x3'89bc       0xc  INC.o [1]
  .rodata                const       0x3'89c8       0xc  INC.o [1]
  .rodata                const       0x3'89d4       0xc  INC.o [1]
  .rodata                const       0x3'89e0       0xc  INC.o [1]
  .rodata                const       0x3'89ec       0xc  INC.o [1]
  .rodata                const       0x3'89f8       0xc  INC.o [1]
  .rodata                const       0x3'8a04       0xc  INC.o [1]
  .rodata                const       0x3'8a10       0xc  INC.o [1]
  .rodata                const       0x3'8a1c       0xc  INC.o [1]
  .rodata                const       0x3'8a28       0xc  INC.o [1]
  .rodata                const       0x3'8a34       0xc  INC.o [1]
  .rodata                const       0x3'8a40       0xc  INC.o [1]
  .rodata                const       0x3'8a4c       0xc  INC.o [1]
  .rodata                const       0x3'8a58       0xc  INC.o [1]
  .rodata                const       0x3'8a64       0xc  INC.o [1]
  .rodata                const       0x3'8a70       0xc  INC.o [1]
  .rodata                const       0x3'8a7c       0xc  INC.o [1]
  .rodata                const       0x3'8a88       0xc  INC.o [1]
  .rodata                const       0x3'8a94       0xc  INC.o [1]
  .rodata                const       0x3'8aa0       0xc  INC.o [1]
  .rodata                const       0x3'8aac       0xc  INC.o [1]
  .rodata                const       0x3'8ab8       0xc  INC.o [1]
  .rodata                const       0x3'8ac4       0xc  INC.o [1]
  .rodata                const       0x3'8ad0       0xc  INC.o [1]
  .rodata                const       0x3'8adc       0xc  INC.o [1]
  .rodata                const       0x3'8ae8       0xc  INC.o [1]
  .rodata                const       0x3'8af4       0xc  INC.o [1]
  .rodata                const       0x3'8b00       0xc  INC.o [1]
  .rodata                const       0x3'8b0c       0xc  INC.o [1]
  .rodata                const       0x3'8b18       0xc  INC.o [1]
  .rodata                const       0x3'8b24       0xc  INC.o [1]
  .rodata                const       0x3'8b30       0xc  INC.o [1]
  .rodata                const       0x3'8b3c       0xc  INC.o [1]
  .rodata                const       0x3'8b48       0xc  INC.o [1]
  .rodata                const       0x3'8b54       0xc  INC.o [1]
  .rodata                const       0x3'8b60       0xc  INC.o [1]
  .rodata                const       0x3'8b6c       0xc  INC.o [1]
  .rodata                const       0x3'8b78       0xc  INC.o [1]
  .rodata                const       0x3'8b84       0xc  INC.o [1]
  .rodata                const       0x3'8b90       0xc  INC.o [1]
  .rodata                const       0x3'8b9c       0xc  INC.o [1]
  .rodata                const       0x3'8ba8       0xc  INC.o [1]
  .rodata                const       0x3'8bb4       0xc  INC.o [1]
  .rodata                const       0x3'8bc0       0xc  INC.o [1]
  .rodata                const       0x3'8bcc       0xc  INC.o [1]
  .rodata                const       0x3'8bd8       0xc  INC.o [1]
  .rodata                const       0x3'8be4       0xc  INC.o [1]
  .rodata                const       0x3'8bf0       0xc  INC.o [1]
  .rodata                const       0x3'8bfc       0xc  INC.o [1]
  .rodata                const       0x3'8c08       0xc  INC.o [1]
  .rodata                const       0x3'8c14       0xc  INC.o [1]
  .rodata                const       0x3'8c20       0xc  INC.o [1]
  .rodata                const       0x3'8c2c       0xc  INC.o [1]
  .rodata                const       0x3'8c38       0xc  INC.o [1]
  .rodata                const       0x3'8c44       0xc  INC.o [1]
  .rodata                const       0x3'8c50       0xc  INC.o [1]
  .rodata                const       0x3'8c5c       0xc  INC.o [1]
  .rodata                const       0x3'8c68       0xc  INC.o [1]
  .rodata                const       0x3'8c74       0xc  INC.o [1]
  .rodata                const       0x3'8c80       0xc  INC.o [1]
  .rodata                const       0x3'8c8c       0xc  INC.o [1]
  .rodata                const       0x3'8c98       0xc  INC.o [1]
  .rodata                const       0x3'8ca4       0xc  INC.o [1]
  .rodata                const       0x3'8cb0       0xc  INC.o [1]
  .rodata                const       0x3'8cbc       0xc  INC.o [1]
  .rodata                const       0x3'8cc8       0xc  INC.o [1]
  .rodata                const       0x3'8cd4       0xc  INC.o [1]
  .rodata                const       0x3'8ce0       0xc  INC.o [1]
  .rodata                const       0x3'8cec       0xc  INC.o [1]
  .rodata                const       0x3'8cf8       0xc  INC.o [1]
  .rodata                const       0x3'8d04       0xc  INC.o [1]
  .rodata                const       0x3'8d10       0xc  INC.o [1]
  .rodata                const       0x3'8d1c       0xc  INC.o [1]
  .rodata                const       0x3'8d28       0x8  INC.o [1]
  .rodata                const       0x3'8d30       0x8  INC.o [1]
  .rodata                const       0x3'8d38       0x8  INC.o [1]
  .rodata                const       0x3'8d40       0x8  INC.o [1]
  .rodata                const       0x3'8d48       0x8  INC.o [1]
  .rodata                const       0x3'8d50       0x8  INC.o [1]
  .rodata                const       0x3'8d58       0x8  INC.o [1]
  .rodata                const       0x3'8d60       0x8  INC.o [1]
  .rodata                const       0x3'8d68       0x8  INC.o [1]
  .rodata                const       0x3'8d70       0x8  INC.o [1]
  .rodata                const       0x3'8d78       0x8  INC.o [1]
  .rodata                const       0x3'8d80       0x8  INC.o [1]
  .rodata                const       0x3'8d88       0x8  INC.o [1]
  .rodata                const       0x3'8d90       0x8  INC.o [1]
  .rodata                const       0x3'8d98       0x8  INC.o [1]
  .rodata                const       0x3'8da0       0x8  INC.o [1]
  .rodata                const       0x3'8da8       0x8  INC.o [1]
  .rodata                const       0x3'8db0       0x8  INC.o [1]
  .rodata                const       0x3'8db8       0x8  INC.o [1]
  .rodata                const       0x3'8dc0       0x8  INC.o [1]
  .rodata                const       0x3'8dc8       0x8  INC.o [1]
  .rodata                const       0x3'8dd0       0x8  INC.o [1]
  .rodata                const       0x3'8dd8       0x8  INC.o [1]
  .rodata                const       0x3'8de0       0x8  INC.o [1]
  .rodata                const       0x3'8de8       0x8  INC.o [1]
  .rodata                const       0x3'8df0       0x8  INC.o [1]
  .rodata                const       0x3'8df8       0x8  INC.o [1]
  .rodata                const       0x3'8e00       0x8  INC.o [1]
  .rodata                const       0x3'8e08       0x8  INC.o [1]
  .rodata                const       0x3'8e10       0x8  INC.o [1]
  .rodata                const       0x3'8e18       0x8  INC.o [1]
  .rodata                const       0x3'8e20       0x8  INC.o [1]
  .rodata                const       0x3'8e28       0x8  INC.o [1]
  .rodata                const       0x3'8e30       0x8  INC.o [1]
  .rodata                const       0x3'8e38       0x8  INC.o [1]
  .rodata                const       0x3'8e40       0x8  INC.o [1]
  .rodata                const       0x3'8e48       0x8  INC.o [1]
  .rodata                const       0x3'8e50       0x8  INC.o [1]
  .rodata                const       0x3'8e58       0x8  INC.o [1]
  .rodata                const       0x3'8e60       0x8  INC.o [1]
  .rodata                const       0x3'8e68       0x8  INC.o [1]
  .rodata                const       0x3'8e70       0x8  INC.o [1]
  .rodata                const       0x3'8e78       0x8  INC.o [1]
  .rodata                const       0x3'8e80       0x8  INC.o [1]
  .rodata                const       0x3'8e88       0x8  INC.o [1]
  .rodata                const       0x3'8e90       0x8  INC.o [1]
  .rodata                const       0x3'8e98       0x8  INC.o [1]
  .rodata                const       0x3'8ea0       0x8  INC.o [1]
  .rodata                const       0x3'8ea8       0x8  INC.o [1]
  .rodata                const       0x3'8eb0       0x8  INC.o [1]
  .rodata                const       0x3'8eb8       0x8  INC.o [1]
  .rodata                const       0x3'8ec0       0x8  INC.o [1]
  .rodata                const       0x3'8ec8       0x8  INC.o [1]
  .rodata                const       0x3'8ed0       0x8  INC.o [1]
  .rodata                const       0x3'8ed8       0x8  INC.o [1]
  .rodata                const       0x3'8ee0       0x8  INC.o [1]
  .rodata                const       0x3'8ee8       0x8  INC.o [1]
  .rodata                const       0x3'8ef0       0x8  INC.o [1]
  .rodata                const       0x3'8ef8       0x8  INC.o [1]
  .rodata                const       0x3'8f00       0x8  INC.o [1]
  .rodata                const       0x3'8f08       0x8  INC.o [1]
  .rodata                const       0x3'8f10       0x8  INC.o [1]
  .rodata                const       0x3'8f18       0x8  INC.o [1]
  .rodata                const       0x3'8f20       0x8  INC.o [1]
  .rodata                const       0x3'8f28       0x8  INC.o [1]
  .rodata                const       0x3'8f30       0x8  INC.o [1]
  .rodata                const       0x3'8f38       0x8  INC.o [1]
  .rodata                const       0x3'8f40       0x8  INC.o [1]
  .rodata                const       0x3'8f48       0x8  INC.o [1]
  .rodata                const       0x3'8f50       0x8  INC.o [1]
  .rodata                const       0x3'8f58       0x8  INC.o [1]
  .rodata                const       0x3'8f60       0x8  INC.o [1]
  .rodata                const       0x3'8f68       0x8  INC.o [1]
  .rodata                const       0x3'8f70       0x8  INC.o [1]
  .rodata                const       0x3'8f78       0x8  INC.o [1]
  .rodata                const       0x3'8f80       0x8  INC.o [1]
  .rodata                const       0x3'8f88       0x8  INC.o [1]
  .rodata                const       0x3'8f90       0x8  INC.o [1]
  .rodata                const       0x3'8f98       0x8  INC.o [1]
  .rodata                const       0x3'8fa0       0x8  INC.o [1]
  .rodata                const       0x3'8fa8       0x8  INC.o [1]
  .rodata                const       0x3'8fb0       0x8  INC.o [1]
  .rodata                const       0x3'8fb8       0x8  INC.o [1]
  .rodata                const       0x3'8fc0       0x8  INC.o [1]
  .rodata                const       0x3'8fc8       0x8  INC.o [1]
  .rodata                const       0x3'8fd0       0x8  INC.o [1]
  .rodata                const       0x3'8fd8       0x8  INC.o [1]
  .rodata                const       0x3'8fe0       0x8  INC.o [1]
  .rodata                const       0x3'8fe8       0x8  INC.o [1]
  .rodata                const       0x3'8ff0       0x8  INC.o [1]
  .rodata                const       0x3'8ff8       0x8  INC.o [1]
  .rodata                const       0x3'9000       0x8  INC.o [1]
  .rodata                const       0x3'9008       0x8  INC.o [1]
  .rodata                const       0x3'9010       0x8  INC.o [1]
  .rodata                const       0x3'9018       0x8  INC.o [1]
  .rodata                const       0x3'9020       0x8  INC.o [1]
  .rodata                const       0x3'9028       0x8  INC.o [1]
  .rodata                const       0x3'9030       0x8  INC.o [1]
  .rodata                const       0x3'9038       0x8  INC.o [1]
  .rodata                const       0x3'9040       0x8  INC.o [1]
  .rodata                const       0x3'9048       0x8  INC.o [1]
  .rodata                const       0x3'9050       0x8  INC.o [1]
  .rodata                const       0x3'9058       0x8  INC.o [1]
  .rodata                const       0x3'9060       0x8  INC.o [1]
  .rodata                const       0x3'9068       0x8  INC.o [1]
  .rodata                const       0x3'9070       0x8  INC.o [1]
  .rodata                const       0x3'9078       0x8  INC.o [1]
  .rodata                const       0x3'9080       0x8  INC.o [1]
  .rodata                const       0x3'9088       0x8  INC.o [1]
  .rodata                const       0x3'9090       0x8  INC.o [1]
  .rodata                const       0x3'9098       0x8  INC.o [1]
  .rodata                const       0x3'90a0       0x8  INC.o [1]
  .rodata                const       0x3'90a8       0x8  INC.o [1]
  .rodata                const       0x3'90b0       0x8  INC.o [1]
  .rodata                const       0x3'90b8       0x8  INC.o [1]
  .rodata                const       0x3'90c0       0x8  INC.o [1]
  .rodata                const       0x3'90c8       0x8  INC.o [1]
  .rodata                const       0x3'90d0       0x8  INC.o [1]
  .rodata                const       0x3'90d8       0x8  INC.o [1]
  .rodata                const       0x3'90e0       0x8  INC.o [1]
  .rodata                const       0x3'90e8       0x8  INC.o [1]
  .rodata                const       0x3'90f0       0x8  INC.o [1]
  .rodata                const       0x3'90f8       0x8  INC.o [1]
  .rodata                const       0x3'9100       0x8  INC.o [1]
  .rodata                const       0x3'9108       0x8  INC.o [1]
  .rodata                const       0x3'9110       0x8  INC.o [1]
  .rodata                const       0x3'9118       0x8  INC.o [1]
  .rodata                const       0x3'9120       0x8  INC.o [1]
  .rodata                const       0x3'9128       0x8  INC.o [1]
  .rodata                const       0x3'9130       0x8  INC.o [1]
  .rodata                const       0x3'9138       0x8  INC.o [1]
  .rodata                const       0x3'9140       0x8  INC.o [1]
  .rodata                const       0x3'9148       0x8  INC.o [1]
  .rodata                const       0x3'9150       0x8  INC.o [1]
  .rodata                const       0x3'9158       0x8  INC.o [1]
  .rodata                const       0x3'9160       0x8  INC.o [1]
  .rodata                const       0x3'9168       0x8  INC.o [1]
  .rodata                const       0x3'9170       0x8  INC.o [1]
  .rodata                const       0x3'9178       0x8  INC.o [1]
  .rodata                const       0x3'9180       0x8  INC.o [1]
  .rodata                const       0x3'9188       0x8  INC.o [1]
  .rodata                const       0x3'9190       0x8  INC.o [1]
  .rodata                const       0x3'9198       0x8  INC.o [1]
  .rodata                const       0x3'91a0       0x8  INC.o [1]
  .rodata                const       0x3'91a8       0x8  INC.o [1]
  .rodata                const       0x3'91b0       0x8  INC.o [1]
  .rodata                const       0x3'91b8       0x8  INC.o [1]
  .rodata                const       0x3'91c0       0x8  INC.o [1]
  .rodata                const       0x3'91c8       0x8  INC.o [1]
  .rodata                const       0x3'91d0       0x8  INC.o [1]
  .rodata                const       0x3'91d8       0x8  INC.o [1]
  .rodata                const       0x3'91e0       0x8  INC.o [1]
  .rodata                const       0x3'91e8       0x8  INC.o [1]
  .rodata                const       0x3'91f0       0x8  INC.o [1]
  .rodata                const       0x3'91f8       0x8  INC.o [1]
  .rodata                const       0x3'9200       0x8  INC.o [1]
  .rodata                const       0x3'9208       0x8  INC.o [1]
  .rodata                const       0x3'9210       0x8  INC.o [1]
  .rodata                const       0x3'9218       0x8  INC.o [1]
  .rodata                const       0x3'9220       0x8  INC.o [1]
  .rodata                const       0x3'9228       0x8  INC.o [1]
  .rodata                const       0x3'9230       0x8  INC.o [1]
  .rodata                const       0x3'9238       0x8  INC.o [1]
  .rodata                const       0x3'9240       0x8  INC.o [1]
  .rodata                const       0x3'9248       0x8  INC.o [1]
  .rodata                const       0x3'9250       0x8  INC.o [1]
  .rodata                const       0x3'9258       0x8  INC.o [1]
  .rodata                const       0x3'9260       0x8  INC.o [1]
  .rodata                const       0x3'9268       0x8  INC.o [1]
  .rodata                const       0x3'9270       0x8  INC.o [1]
  .rodata                const       0x3'9278       0x8  INC.o [1]
  .rodata                const       0x3'9280       0x8  INC.o [1]
  .rodata                const       0x3'9288       0x8  INC.o [1]
  .rodata                const       0x3'9290       0x8  INC.o [1]
  .rodata                const       0x3'9298       0x8  INC.o [1]
  .rodata                const       0x3'92a0       0x8  INC.o [1]
  .rodata                const       0x3'92a8       0x8  INC.o [1]
  .rodata                const       0x3'92b0       0x8  INC.o [1]
  .rodata                const       0x3'92b8       0x8  INC.o [1]
  .rodata                const       0x3'92c0       0x8  INC.o [1]
  .rodata                const       0x3'92c8       0x8  INC.o [1]
  .rodata                const       0x3'92d0       0x8  INC.o [1]
  .rodata                const       0x3'92d8       0x8  INC.o [1]
  .rodata                const       0x3'92e0       0x8  INC.o [1]
  .rodata                const       0x3'92e8       0x8  INC.o [1]
  .rodata                const       0x3'92f0       0x8  INC.o [1]
  .rodata                const       0x3'92f8       0x8  INC.o [1]
  .rodata                const       0x3'9300       0x8  INC.o [1]
  .rodata                const       0x3'9308       0x8  INC.o [1]
  .rodata                const       0x3'9310       0x8  INC.o [1]
  .rodata                const       0x3'9318       0x8  INC.o [1]
  .rodata                const       0x3'9320       0x8  INC.o [1]
  .rodata                const       0x3'9328       0x8  INC.o [1]
  .rodata                const       0x3'9330       0x8  INC.o [1]
  .rodata                const       0x3'9338       0x8  INC.o [1]
  .rodata                const       0x3'9340       0x8  INC.o [1]
  .rodata                const       0x3'9348       0x8  INC.o [1]
  .rodata                const       0x3'9350       0x8  INC.o [1]
  .rodata                const       0x3'9358       0x8  INC.o [1]
  .rodata                const       0x3'9360       0x8  INC.o [1]
  .rodata                const       0x3'9368       0x8  INC.o [1]
  .rodata                const       0x3'9370       0x8  INC.o [1]
  .rodata                const       0x3'9378       0x8  INC.o [1]
  .rodata                const       0x3'9380       0x8  INC.o [1]
  .rodata                const       0x3'9388       0x8  INC.o [1]
  .rodata                const       0x3'9390       0x8  INC.o [1]
  .rodata                const       0x3'9398       0x8  INC.o [1]
  .rodata                const       0x3'93a0       0x8  INC.o [1]
  .rodata                const       0x3'93a8       0x8  INC.o [1]
  .rodata                const       0x3'93b0       0x8  INC.o [1]
  .rodata                const       0x3'93b8       0x8  INC.o [1]
  .rodata                const       0x3'93c0       0x8  INC.o [1]
  .rodata                const       0x3'93c8       0x8  INC.o [1]
  .rodata                const       0x3'93d0       0x8  INC.o [1]
  .rodata                const       0x3'93d8       0x8  INC.o [1]
  .rodata                const       0x3'93e0       0x8  INC.o [1]
  .rodata                const       0x3'93e8       0x8  INC.o [1]
  .rodata                const       0x3'93f0       0x8  INC.o [1]
  .rodata                const       0x3'93f8       0x8  INC.o [1]
  .rodata                const       0x3'9400       0x8  INC.o [1]
  .rodata                const       0x3'9408       0x8  INC.o [1]
  .rodata                const       0x3'9410       0x8  INC.o [1]
  .rodata                const       0x3'9418       0x8  INC.o [1]
  .rodata                const       0x3'9420       0x8  INC.o [1]
  .rodata                const       0x3'9428       0x8  INC.o [1]
  .rodata                const       0x3'9430       0x8  INC.o [1]
  .rodata                const       0x3'9438       0x8  INC.o [1]
  .rodata                const       0x3'9440       0x8  INC.o [1]
  .rodata                const       0x3'9448       0x8  INC.o [1]
  .rodata                const       0x3'9450       0x8  INC.o [1]
  .rodata                const       0x3'9458       0x8  INC.o [1]
  .rodata                const       0x3'9460       0x8  INC.o [1]
  .rodata                const       0x3'9468       0x8  INC.o [1]
  .rodata                const       0x3'9470       0x8  INC.o [1]
  .rodata                const       0x3'9478       0x8  INC.o [1]
  .rodata                const       0x3'9480       0x8  INC.o [1]
  .rodata                const       0x3'9488       0x8  INC.o [1]
  .rodata                const       0x3'9490       0x8  INC.o [1]
  .rodata                const       0x3'9498       0x4  INC.o [1]
  .rodata                const       0x3'949c       0x4  INC.o [1]
  .rodata                const       0x3'94a0       0x4  INC.o [1]
  .rodata                const       0x3'94a4       0x4  INC.o [1]
  .rodata                const       0x3'94a8       0x4  INC.o [1]
  .rodata                const       0x3'94ac       0x4  INC.o [1]
  .rodata                const       0x3'94b0       0x4  INC.o [1]
  .rodata                const       0x3'94b4       0x4  INC.o [1]
  .rodata                const       0x3'94b8       0x4  INC.o [1]
  .rodata                const       0x3'94bc       0x4  INC.o [1]
  .rodata                const       0x3'94c0       0x4  INC.o [1]
  .rodata                const       0x3'94c4       0x4  INC.o [1]
  .rodata                const       0x3'94c8       0x4  INC.o [1]
  .rodata                const       0x3'94cc       0x4  INC.o [1]
  .rodata                const       0x3'94d0       0x4  INC.o [1]
  .rodata                const       0x3'94d4       0x4  INC.o [1]
  .rodata                const       0x3'94d8       0x4  INC.o [1]
  .rodata                const       0x3'94dc       0x4  INC.o [1]
  .rodata                const       0x3'94e0       0x4  INC.o [1]
  .rodata                const       0x3'94e4       0x4  INC.o [1]
  .rodata                const       0x3'94e8       0x4  INC.o [1]
  .rodata                const       0x3'94ec       0x4  INC.o [1]
  .rodata                const       0x3'94f0       0x4  INC.o [1]
  .rodata                const       0x3'94f4       0x4  INC.o [1]
  .rodata                const       0x3'94f8       0x4  INC.o [1]
  .rodata                const       0x3'94fc       0x4  INC.o [1]
  .rodata                const       0x3'9500       0x4  INC.o [1]
  .rodata                const       0x3'9504       0x4  INC.o [1]
  .rodata                const       0x3'9508       0x4  INC.o [1]
  .rodata                const       0x3'950c       0x4  INC.o [1]
  .rodata                const       0x3'9510       0x4  INC.o [1]
  .rodata                const       0x3'9514       0x4  INC.o [1]
  .rodata                const       0x3'9518       0x4  INC.o [1]
  .rodata                const       0x3'951c       0x4  INC.o [1]
  .rodata                const       0x3'9520       0x4  INC.o [1]
  .rodata                const       0x3'9524       0x4  INC.o [1]
  .rodata                const       0x3'9528       0x4  INC.o [1]
  .rodata                const       0x3'952c       0x4  INC.o [1]
  .rodata                const       0x3'9530       0x4  INC.o [1]
  .rodata                const       0x3'9534       0x4  INC.o [1]
  .rodata                const       0x3'9538       0x4  INC.o [1]
  .rodata                const       0x3'953c       0x4  INC.o [1]
  .rodata                const       0x3'9540       0x4  INC.o [1]
  .rodata                const       0x3'9544       0x4  INC.o [1]
  .rodata                const       0x3'9548       0x4  INC.o [1]
  .rodata                const       0x3'954c       0x4  INC.o [1]
  .rodata                const       0x3'9550       0x4  INC.o [1]
  .rodata                const       0x3'9554       0x4  INC.o [1]
  .rodata                const       0x3'9558       0x4  INC.o [1]
  .rodata                const       0x3'955c       0x4  INC.o [1]
  .rodata                const       0x3'9560       0x4  INC.o [1]
  .rodata                const       0x3'9564       0x4  INC.o [1]
  .rodata                const       0x3'9568       0x4  INC.o [1]
  .rodata                const       0x3'956c       0x4  INC.o [1]
  .rodata                const       0x3'9570       0x4  INC.o [1]
  .rodata                const       0x3'9574       0x4  INC.o [1]
  .rodata                const       0x3'9578       0x4  INC.o [1]
  .rodata                const       0x3'957c       0x4  INC.o [1]
  .rodata                const       0x3'9580       0x4  INC.o [1]
  .rodata                const       0x3'9584       0x4  INC.o [1]
  .rodata                const       0x3'9588       0x4  INC.o [1]
  .rodata                const       0x3'958c       0x4  INC.o [1]
  .text                  ro code     0x3'9590       0x4  startup_LPC407x_8x_177x_8x.o [1]
  .text                  ro code     0x3'9594       0x4  startup_LPC407x_8x_177x_8x.o [1]
  .text                  ro code     0x3'9598       0x4  startup_LPC407x_8x_177x_8x.o [1]
  .text                  ro code     0x3'959c       0x4  startup_LPC407x_8x_177x_8x.o [1]
  .text                  ro code     0x3'95a0       0x4  startup_LPC407x_8x_177x_8x.o [1]
  .text                  ro code     0x3'95a4       0x4  startup_LPC407x_8x_177x_8x.o [1]
  .text                  ro code     0x3'95a8       0x4  startup_LPC407x_8x_177x_8x.o [1]
  .text                  ro code     0x3'95ac       0x4  startup_LPC407x_8x_177x_8x.o [1]
  .text                  ro code     0x3'95b0       0x4  startup_LPC407x_8x_177x_8x.o [1]
  .text                  ro code     0x3'95b4       0x4  startup_LPC407x_8x_177x_8x.o [1]
  .text                  ro code     0x3'95b8       0x4  startup_LPC407x_8x_177x_8x.o [1]
  .text                  ro code     0x3'95bc       0x4  startup_LPC407x_8x_177x_8x.o [1]
  .text                  ro code     0x3'95c0       0x4  startup_LPC407x_8x_177x_8x.o [1]
  .text                  ro code     0x3'95c4       0x4  startup_LPC407x_8x_177x_8x.o [1]
  .text                  ro code     0x3'95c8       0x4  startup_LPC407x_8x_177x_8x.o [1]
  .text                  ro code     0x3'95cc       0x4  startup_LPC407x_8x_177x_8x.o [1]
  .text                  ro code     0x3'95d0       0x4  startup_LPC407x_8x_177x_8x.o [1]
  .text                  ro code     0x3'95d4       0x4  startup_LPC407x_8x_177x_8x.o [1]
  .text                  ro code     0x3'95d8       0x4  startup_LPC407x_8x_177x_8x.o [1]
  .text                  ro code     0x3'95dc       0x4  startup_LPC407x_8x_177x_8x.o [1]
  .text                  ro code     0x3'95e0       0x4  startup_LPC407x_8x_177x_8x.o [1]
  .text                  ro code     0x3'95e4       0x4  startup_LPC407x_8x_177x_8x.o [1]
  .text                  ro code     0x3'95e8       0x4  startup_LPC407x_8x_177x_8x.o [1]
  .text                  ro code     0x3'95ec       0x4  startup_LPC407x_8x_177x_8x.o [1]
  .text                  ro code     0x3'95f0       0x4  startup_LPC407x_8x_177x_8x.o [1]
  .text                  ro code     0x3'95f4       0x4  startup_LPC407x_8x_177x_8x.o [1]
  .text                  ro code     0x3'95f8       0x4  startup_LPC407x_8x_177x_8x.o [1]
  .text                  ro code     0x3'95fc       0x4  startup_LPC407x_8x_177x_8x.o [1]
  .text                  ro code     0x3'9600       0x4  startup_LPC407x_8x_177x_8x.o [1]
  .text                  ro code     0x3'9604       0x4  startup_LPC407x_8x_177x_8x.o [1]
  .text                  ro code     0x3'9608       0x4  startup_LPC407x_8x_177x_8x.o [1]
  .text                  ro code     0x3'960c       0x4  startup_LPC407x_8x_177x_8x.o [1]
  .text                  ro code     0x3'9610       0x4  startup_LPC407x_8x_177x_8x.o [1]
  .text                  ro code     0x3'9614       0x4  startup_LPC407x_8x_177x_8x.o [1]
  .text                  ro code     0x3'9618       0x4  startup_LPC407x_8x_177x_8x.o [1]
  .text                  ro code     0x3'961c       0x4  startup_LPC407x_8x_177x_8x.o [1]
  SHT$$PREINIT_ARRAY                 0x3'9620       0x0  <Block>
  SHT$$INIT_ARRAY                    0x3'9620       0x4  <Block>
    .init_array          const       0x3'9620       0x4  INC.o [1]
  __iar_tls$$INIT_ARRAY              0x3'9624       0x0  <Block>
  .rodata                const       0x3'9624       0x2  INC.o [1]
  .rodata                const       0x3'9626       0x2  INC.o [1]
  .rodata                const       0x3'9628       0x2  INC.o [1]
  .rodata                const       0x3'962a       0x2  INC.o [1]
  .rodata                const       0x3'962c       0x2  INC.o [1]
  .rodata                const       0x3'962e       0x1  INC.o [1]
  .rodata                const       0x3'962f       0x1  INC.o [1]
  .rodata                const       0x3'9630       0x1  unwind_debug.o [5]
  .rodata                const       0x3'9631       0x0  zero_init3.o [4]
  .rodata                const       0x3'9631       0x0  rle_init_single.o [4]
                                   - 0x3'9631  0x3'9331

"P2", part 1 of 3:                                0xd18
  P2-1                            0x1000'0000     0xd18  <Init block>
    .data                inited   0x1000'0000       0x8  INC.o [1]
    .data                inited   0x1000'0008       0x8  INC.o [1]
    .data                inited   0x1000'0010      0x20  INC.o [1]
    .data                inited   0x1000'0030       0x8  INC.o [1]
    .data                inited   0x1000'0038       0x8  INC.o [1]
    .data                inited   0x1000'0040       0xc  INC.o [1]
    .data                inited   0x1000'004c      0x24  INC.o [1]
    .data                inited   0x1000'0070      0x24  INC.o [1]
    .data                inited   0x1000'0094       0xc  INC.o [1]
    .data                inited   0x1000'00a0       0xc  INC.o [1]
    .data                inited   0x1000'00ac       0xc  INC.o [1]
    .data                inited   0x1000'00b8       0xc  INC.o [1]
    .data                inited   0x1000'00c4      0x74  INC.o [1]
    .data                inited   0x1000'0138      0xe8  INC.o [1]
    .data                inited   0x1000'0220     0x510  INC.o [1]
    .data                inited   0x1000'0730     0x4c8  INC.o [1]
    .data                inited   0x1000'0bf8      0x48  INC.o [1]
    .data                inited   0x1000'0c40       0xc  INC.o [1]
    .data                inited   0x1000'0c4c       0xc  INC.o [1]
    .data                inited   0x1000'0c58       0xc  INC.o [1]
    .data                inited   0x1000'0c64       0x4  INC.o [1]
    .data                inited   0x1000'0c68       0x4  INC.o [1]
    .data                inited   0x1000'0c6c       0x4  INC.o [1]
    .data                inited   0x1000'0c70       0x4  INC.o [1]
    .data                inited   0x1000'0c74      0x80  INC.o [1]
    .data                inited   0x1000'0cf4      0x20  INC.o [1]
    .data                inited   0x1000'0d14       0x4  INC.o [1]
                                - 0x1000'0d18     0xd18

"P2", part 2 of 3:                                  0xc
  RAM_region             zero     0x1000'0d18       0x4  INC.o [1]
  RAM_region             zero     0x1000'0d1c       0x2  INC.o [1]
  RAM_region             zero     0x1000'0d1e       0x2  INC.o [1]
  RAM_region             zero     0x1000'0d20       0x1  INC.o [1]
                                - 0x1000'0d21       0x9

"P2", part 3 of 3:                                0x800
  CSTACK                          0x1000'0d28     0x800  <Block>
    CSTACK               uninit   0x1000'0d28     0x800  <Block tail>
                                - 0x1000'1528     0x800

"P4":                                          0x1'4b80
  .bss                   zero     0x8000'0000    0xfa00  INC.o [1]
  .bss                   zero     0x8000'fa00     0xc20  INC.o [1]
  .bss                   zero     0x8001'0620     0xc20  INC.o [1]
  .bss                   zero     0x8001'1240     0xc20  INC.o [1]
  .bss                   zero     0x8001'1e60     0xc20  INC.o [1]
  .bss                   zero     0x8001'2a80     0x2d8  INC.o [1]
  .bss                   zero     0x8001'2d58     0x218  INC.o [1]
  .bss                   zero     0x8001'2f70     0x204  INC.o [1]
  .bss                   zero     0x8001'3174     0x200  INC.o [1]
  .bss                   zero     0x8001'3374     0x1ec  INC.o [1]
  .bss                   zero     0x8001'3560     0x1e0  INC.o [1]
  .bss                   zero     0x8001'3740     0x134  INC.o [1]
  .bss                   zero     0x8001'3874     0x11c  INC.o [1]
  .bss                   zero     0x8001'3990     0x100  INC.o [1]
  .bss                   zero     0x8001'3a90      0xf0  INC.o [1]
  .bss                   zero     0x8001'3b80      0xa0  INC.o [1]
  .bss                   zero     0x8001'3c20      0x9c  INC.o [1]
  .bss                   zero     0x8001'3cbc      0x80  INC.o [1]
  .bss                   zero     0x8001'3d3c      0x80  INC.o [1]
  .bss                   zero     0x8001'3dbc      0x80  INC.o [1]
  .bss                   zero     0x8001'3e3c      0x80  INC.o [1]
  .bss                   zero     0x8001'3ebc      0x78  INC.o [1]
  .bss                   zero     0x8001'3f34      0x6c  INC.o [1]
  .bss                   zero     0x8001'3fa0      0x58  INC.o [1]
  .bss                   zero     0x8001'3ff8      0x54  INC.o [1]
  .bss                   zero     0x8001'404c      0x48  INC.o [1]
[...]
                        0x8001'4afa     0x2  Data  Lc  INC.o [1]
can_ConfigReg(word)::time2_connect
                        0x8001'4af8     0x2  Data  Lc  INC.o [1]
can_ConfigReg(word)::time_connect
                        0x8001'4af6     0x2  Data  Lc  INC.o [1]
can_ConfigReg(word)::trigg_connect
                        0x8001'4b70     0x1  Data  Lc  INC.o [1]
can_aflut               0x8001'44e8    0x18  Data  Gb  INC.o [1]
can_config(unsigned char)
                           0x2'0cc5   0x758  Code  Gb  INC.o [1]
can_dd                  0x8001'3ff8    0x54  Data  Gb  INC.o [1]
can_deInit(unsigned char)
                           0x2'1431   0x1e4  Code  Gb  INC.o [1]
can_fifo                0x8001'3dbc    0x80  Data  Gb  INC.o [1]
can_init(unsigned char)
                           0x2'1e33    0x36  Code  Gb  INC.o [1]
can_irq_flag            0x8001'4952     0x2  Data  Gb  INC.o [1]
can_mast_init(unsigned char)
                           0x2'82f5    0x5c  Code  Gb  INC.o [1]
can_master(byte, byte)::Mtrigg_connect
                        0x8001'4b7d     0x1  Data  Lc  INC.o [1]
can_master(byte, byte)::mark2
                        0x8001'4b7c     0x1  Data  Lc  INC.o [1]
can_master(byte, byte)::time_scan
                        0x8001'4b00     0x2  Data  Lc  INC.o [1]
can_master(byte, byte)::time_scan2
                        0x8001'4b02     0x2  Data  Lc  INC.o [1]
can_master(byte, byte)::trig_scan
                        0x8001'4b79     0x1  Data  Lc  INC.o [1]
can_master(byte, byte)::trig_scan2
                        0x8001'4b7b     0x1  Data  Lc  INC.o [1]
can_master(byte, byte)::tst_scan
                        0x8001'4b78     0x1  Data  Lc  INC.o [1]
can_master(byte, byte)::tst_scan2
                        0x8001'4b7a     0x1  Data  Lc  INC.o [1]
can_master(unsigned char, unsigned char)
                           0x2'9189   0x1b2  Code  Gb  INC.o [1]
can_md                  0x8001'4124    0x40  Data  Gb  INC.o [1]
can_obj(unsigned short)
                           0x2'0ae9     0x6  Code  Gb  INC.o [1]
can_sd                  0x8001'3a90    0xf0  Data  Gb  INC.o [1]
can_slave(unsigned char)
                           0x2'28ef    0x3c  Code  Gb  INC.o [1]
can_slv_init(unsigned char)
                           0x2'1e69    0xac  Code  Gb  INC.o [1]
can_test(unsigned char)
                           0x2'162d   0x1cc  Code  Gb  INC.o [1]
canr                    0x8001'4314    0x2c  Data  Gb  INC.o [1]
cantransfer             0x8001'3174   0x200  Data  Gb  INC.o [1]
ccs                     0x8001'4b50     0x1  Data  Gb  INC.o [1]
channelsetup            0x8001'3f34    0x6c  Data  Gb  INC.o [1]
check_msg_time()             0x7371    0xc6  Code  Gb  INC.o [1]
clock_ed                0x8001'4b0f     0x1  Data  Gb  INC.o [1]
clock_max               0x8001'4900     0x2  Data  Gb  INC.o [1]
comm_Par                0x8001'4708     0x8  Data  Gb  INC.o [1]
comm_count              0x8001'4b4f     0x1  Data  Gb  INC.o [1]
comm_len                0x8001'4b4e     0x1  Data  Gb  INC.o [1]
comm_word               0x8001'4a90     0x2  Data  Gb  INC.o [1]
comm_word_old           0x8001'4a92     0x2  Data  Gb  INC.o [1]
copy_code_rezerv        0x8001'4b2d     0x1  Data  Gb  INC.o [1]
correct_master_id(unsigned char, canMSG_Fuj *)
                           0x2'84e5    0x80  Code  Gb  INC.o [1]
count_CAN2_no           0x8001'4b38     0x1  Data  Gb  INC.o [1]
count_dp_wait           0x8001'4aae     0x2  Data  Gb  INC.o [1]
crezerv                    0x3'9628     0x2  Data  Lc  INC.o [1]
ctpl                       0x3'6dbc    0x14  Data  Lc  INC.o [1]
dIrot                   0x8001'4996     0x2  Data  Gb  INC.o [1]
dLdT                    0x8001'47c4     0x4  Data  Gb  INC.o [1]
dLrot                   0x8001'47c0     0x4  Data  Gb  INC.o [1]
dN_max                  0x8001'47a4     0x4  Data  Gb  INC.o [1]
dT_f0                   0x8001'47ac     0x4  Data  Gb  INC.o [1]
d_time                  0x8001'467c     0x8  Data  Gb  INC.o [1]
deltDP                  0x8001'49a8     0x2  Data  Gb  INC.o [1]
deltDP_r                0x8001'49aa     0x2  Data  Gb  INC.o [1]
deltDPr                 0x8001'49ba     0x2  Data  Gb  INC.o [1]
deltTDP_old             0x8001'49b2     0x2  Data  Gb  INC.o [1]
deltTimDP               0x8001'49a6     0x2  Data  Gb  INC.o [1]
delta_L                 0x8001'47c8     0x4  Data  Gb  INC.o [1]
deltwgL                 0x8001'47b4     0x4  Data  Gb  INC.o [1]
dfgg                    0x8001'4b39     0x1  Data  Gb  INC.o [1]
dptr                    0x8001'488c     0x4  Data  Gb  INC.o [1]
drad                    0x8001'4838     0x4  Data  Gb  INC.o [1]
drad0                   0x8001'4834     0x4  Data  Gb  INC.o [1]
drob_FSk                0x8001'49f4     0x2  Data  Gb  INC.o [1]
dscr_data               0x8001'40dc    0x48  Data  Gb  INC.o [1]
dtizm                   0x8001'48ec     0x2  Data  Gb  INC.o [1]
emcx                    0x1000'0d18     0x4  Data  Gb  INC.o [1]
errPhi_e                0x8001'4a40     0x2  Data  Gb  INC.o [1]
exit                       0x3'67bb     0x4  Code  Gb  exit.o [2]
exp                        0x2'ead9    0x44  Code  Gb  exp64.o [3]
expl                       0x2'ead9    0x44  Code  Gb  exp64.o [3]
feed_b                  0x8001'4b4d     0x1  Data  Gb  INC.o [1]
flag_net                0x8001'4b2f     0x1  Data  Gb  INC.o [1]
flag_rs485              0x8001'477c     0x4  Data  Gb  INC.o [1]
flgO                    0x8001'49d2     0x2  Data  Gb  INC.o [1]
flg_RaTe                0x8001'4932     0x2  Data  Gb  INC.o [1]
fmodf                      0x2'ddc9          Code  Gb  fmodf.o [3]
fpu_init()                   0x1185    0x4e  Code  Gb  INC.o [1]
fr2                     0x8001'498a     0x2  Data  Gb  INC.o [1]
i                       0x8001'4b49     0x1  Data  Gb  INC.o [1]
i2c_av_addr             0x8001'4770     0x4  Data  Gb  INC.o [1]
i2c_av_label            0x8001'4b1d     0x1  Data  Gb  INC.o [1]
i2c_jrn_addr            0x8001'4894     0x4  Data  Gb  INC.o [1]
i2c_jrn_label           0x8001'4b57     0x1  Data  Gb  INC.o [1]
i2c_label               0x8001'4b1c     0x1  Data  Gb  INC.o [1]
i2c_str                 0x8001'4724     0x4  Data  Gb  INC.o [1]
ind_net1                0x1000'0220   0x510  Data  Gb  INC.o [1]
ind_net2                0x1000'0730   0x4c8  Data  Gb  INC.o [1]
ind_net3                0x1000'0bf8    0x48  Data  Gb  INC.o [1]
ind_reg                    0x3'4e00   0x2d0  Data  Lc  INC.o [1]
ind_serv                   0x3'5ba4   0x1b0  Data  Lc  INC.o [1]
init_sifu_epa(unsigned short)
                             0x63c5   0x146  Code  Gb  INC.o [1]
init_syn_epa(unsigned short)
                             0x6315    0x9a  Code  Gb  INC.o [1]
init_var_mtab()            0x2'90fb    0x88  Code  Gb  INC.o [1]
j_ext                   0x8001'4898     0x4  Data  Gb  INC.o [1]
jrn_adr_data            0x8001'4890     0x4  Data  Gb  INC.o [1]
kalman                  0x8001'4500    0x18  Data  Gb  INC.o [1]
l_time                  0x8001'4684     0x8  Data  Gb  INC.o [1]
label_dat               0x8001'48e6     0x2  Data  Gb  INC.o [1]
ldexp                      0x2'ee61          Code  Gb  ldexp.o [3]
ldexpl                     0x2'ee61          Code  Gb  ldexp.o [3]
led_con                 0x8001'4694     0x8  Data  Gb  INC.o [1]
len_blok                0x8001'4878     0x4  Data  Gb  INC.o [1]
len_blok_old            0x8001'4a98     0x2  Data  Gb  INC.o [1]
len_trans               0x8001'487c     0x4  Data  Gb  INC.o [1]
link_stop_point         0x8001'4a8c     0x2  Data  Gb  INC.o [1]
load_obl_ust(unsigned short)
                           0x1'5751   0x1c4  Code  Gb  INC.o [1]
log                        0x2'ead5     0x4  Code  Gb  logx64.o [3]
logl                       0x2'ead5     0x4  Code  Gb  logx64.o [3]
lpoint                  0x8001'4aa2     0x2  Data  Gb  INC.o [1]
mRestart_Output()            0x81b1    0x46  Code  Gb  INC.o [1]
m_addr                  0x8001'48f6     0x2  Data  Gb  INC.o [1]
m_buff                  0x8001'4598    0x10  Data  Gb  INC.o [1]
m_ch                    0x8001'4b16     0x1  Data  Gb  INC.o [1]
m_dax                   0x8001'46a0     0x8  Data  Gb  INC.o [1]
m_dbx                   0x8001'46a8     0x8  Data  Gb  INC.o [1]
m_ext                   0x8001'48f8     0x2  Data  Gb  INC.o [1]
m_index                 0x8001'48f2     0x2  Data  Gb  INC.o [1]
m_lext                  0x8001'4750     0x4  Data  Gb  INC.o [1]
m_old                   0x8001'48fa     0x2  Data  Gb  INC.o [1]
m_time                  0x8001'48f4     0x2  Data  Gb  INC.o [1]
main                       0x1'9d6d   0x4ee  Code  Gb  INC.o [1]
mask_predupr            0x8001'4804     0x4  Data  Gb  INC.o [1]
mask_predupr2           0x8001'4808     0x4  Data  Gb  INC.o [1]
mask_service            0x8001'4748     0x4  Data  Gb  INC.o [1]
mask_service2           0x8001'474c     0x4  Data  Gb  INC.o [1]
master_break(Abonent_form *, unsigned char, unsigned char)
                           0x2'8f31   0x1c8  Code  Gb  INC.o [1]
master_read(char *, Abonent_form *, unsigned char)
                           0x2'8645   0x616  Code  Gb  INC.o [1]
mco_vkl                 0x8001'4b31     0x1  Data  Gb  INC.o [1]
modbus_slave(Tmodbus_packet *, Tmodbus_packet *)
                           0x2'96c9   0x5d0  Code  Gb  INC.o [1]
modff                      0x2'e611          Code  Gb  modff.o [3]
monitor_rmsg            0x8001'4488    0x20  Data  Gb  INC.o [1]
msg_av                  0x8001'4368    0x28  Data  Gb  INC.o [1]
msg_buf                 0x8001'4428    0x20  Data  Gb  INC.o [1]
msg_reg                 0x8001'4340    0x28  Data  Gb  INC.o [1]
nFrot                   0x8001'4860     0x4  Data  Gb  INC.o [1]
n_clock                 0x8001'48fe     0x2  Data  Gb  INC.o [1]
newFrame                0x8001'4962     0x2  Data  Gb  INC.o [1]
newbyte                 0x8001'4964     0x2  Data  Gb  INC.o [1]
nuk                     0x8001'4b4a     0x1  Data  Gb  INC.o [1]
nuk_max                 0x8001'4b4c     0x1  Data  Gb  INC.o [1]
numb_line               0x8001'4874     0x4  Data  Gb  INC.o [1]
numb_text               0x8001'4a82     0x2  Data  Gb  INC.o [1]
obj_ConfigReg(unsigned short)
                           0x1'8a71    0x86  Code  Gb  INC.o [1]
output_ch()                  0xa9bf    0x1e  Code  Gb  INC.o [1]
output_str()                 0xaa39    0x48  Code  Gb  INC.o [1]
pCANTransfer            0x8001'4778     0x4  Data  Gb  INC.o [1]
pFE                     0x8001'4b45     0x1  Data  Gb  INC.o [1]
pGPDMACh                0x1000'0cf4    0x20  Data  Gb  INC.o [1]
pdf(unsigned short, unsigned short)
                           0x1'6e0d    0xcc  Code  Gb  INC.o [1]
pdf_drv_data            0x8001'45f8    0x10  Data  Gb  INC.o [1]
pdf_drv_init(unsigned short)
                           0x1'6cc9    0xd4  Code  Gb  INC.o [1]
pdf_init()                 0x1'6dbd     0xa  Code  Gb  INC.o [1]
pdf_input()                0x1'6dc7    0x42  Code  Gb  INC.o [1]
pdf_input()::PDF_time   0x8001'4af4     0x2  Data  Lc  INC.o [1]
ppg_dut                 0x8001'4548    0x14  Data  Gb  INC.o [1]
pr                      0x8001'4728     0x4  Data  Gb  INC.o [1]
print_message(MSG_reg *)
                             0x69e5   0x988  Code  Gb  INC.o [1]
priznak_CAN2_no         0x8001'4b37     0x1  Data  Gb  INC.o [1]
r1                      0x8001'483c     0x4  Data  Gb  INC.o [1]
r2                      0x8001'4840     0x4  Data  Gb  INC.o [1]
read_data               0x8001'404c    0x48  Data  Gb  INC.o [1]
read_dscr(unsigned char, Abonent_form *, unsigned char)
                           0x2'8c71   0x2c0  Code  Gb  INC.o [1]
read_rezerv()              0x1'7c3d     0x6  Code  Gb  INC.o [1]
read_ssio(LPC_SSP_TypeDef *)
                             0x8811    0x10  Code  Gb  INC.o [1]
read_write_ssio(LPC_SSP_TypeDef *, unsigned short)
                             0x8833    0x14  Code  Gb  INC.o [1]
request                 0x8000'fa00   0xc20  Data  Gb  INC.o [1]
rmb                     0x8001'1240   0xc20  Data  Gb  INC.o [1]
s_ax                    0x8001'492a     0x2  Data  Gb  INC.o [1]
s_cx                    0x8001'492c     0x2  Data  Gb  INC.o [1]
s_lbx                   0x8001'4774     0x4  Data  Gb  INC.o [1]
s_short                 0x8001'4220    0x38  Data  Gb  INC.o [1]
s_tx                    0x8001'42b8    0x30  Data  Gb  INC.o [1]
sbh                     0x8001'4b54     0x1  Data  Gb  INC.o [1]
scalbln                    0x2'ee61          Code  Gb  ldexp.o [3]
scalblnl                   0x2'ee61          Code  Gb  ldexp.o [3]
scalbn                     0x2'ee61          Code  Gb  ldexp.o [3]
scalbnl                    0x2'ee61          Code  Gb  ldexp.o [3]
seek_index(unsigned char, char *)
                           0x2'1fad    0x58  Code  Gb  INC.o [1]
setTypeUst()               0x1'56c9    0x82  Code  Gb  INC.o [1]
sifu_rot()                   0xdf85   0x340  Code  Gb  INC.o [1]
sio_start()                  0x8775    0x70  Code  Gb  INC.o [1]
sl_cond_old             0x8001'4976     0x2  Data  Gb  INC.o [1]
sl_d                    0x8001'4288    0x30  Data  Gb  INC.o [1]
sld_cw                  0x8001'4a94     0x2  Data  Gb  INC.o [1]
sld_max                 0x8001'4972     0x2  Data  Gb  INC.o [1]
sld_min                 0x8001'4974     0x2  Data  Gb  INC.o [1]
sled                    0x8001'3740   0x134  Data  Gb  INC.o [1]
smb                     0x8001'1e60   0xc20  Data  Gb  INC.o [1]
ssio_busy               0x8001'4b42     0x1  Data  Gb  INC.o [1]
state_rs                0x8001'495c     0x2  Data  Gb  INC.o [1]
stb_ADC_masht              0x3'4498   0x380  Data  Lc  INC.o [1]
stb_NL                     0x3'26c8   0x6c8  Data  Lc  INC.o [1]
stb_avar                   0x3'5370   0x230  Data  Lc  INC.o [1]
stb_masht                  0x3'50d0   0x2a0  Data  Lc  INC.o [1]
stb_net1                   0x3'6430    0x38  Data  Lc  INC.o [1]
stb_net2                   0x3'3840   0x428  Data  Lc  INC.o [1]
stb_net3                   0x3'62d8    0x70  Data  Lc  INC.o [1]
stb_net4                   0x3'60d8    0xa8  Data  Lc  INC.o [1]
stb_obj                    0x3'6030    0xa8  Data  Lc  INC.o [1]
stb_reg                    0x3'4818   0x310  Data  Lc  INC.o [1]
stb_serv                   0x3'40a8   0x3f0  Data  Lc  INC.o [1]
stb_shtat                  0x3'3418   0x428  Data  Lc  INC.o [1]
stop_point              0x8001'4b20     0x1  Data  Gb  INC.o [1]
stop_point1             0x8001'4b21     0x1  Data  Gb  INC.o [1]
stop_pointD             0x8001'4b28     0x1  Data  Gb  INC.o [1]
stop_pointD1            0x8001'4b29     0x1  Data  Gb  INC.o [1]
stop_pointP             0x8001'4b26     0x1  Data  Gb  INC.o [1]
stop_pointP1            0x8001'4b27     0x1  Data  Gb  INC.o [1]
stop_pointR             0x8001'4b2a     0x1  Data  Gb  INC.o [1]
stop_pointR1            0x8001'4b2b     0x1  Data  Gb  INC.o [1]
stop_pointS             0x8001'4b22     0x1  Data  Gb  INC.o [1]
stop_pointS1            0x8001'4b23     0x1  Data  Gb  INC.o [1]
stop_pointV             0x8001'4b24     0x1  Data  Gb  INC.o [1]
stop_pointV1            0x8001'4b25     0x1  Data  Gb  INC.o [1]
str_addr                0x8001'4768     0x4  Data  Gb  INC.o [1]
svar                       0x3'8800    0x10  Data  Lc  INC.o [1]
t_abDev1                0x8001'43b8    0x28  Data  Gb  INC.o [1]
t_abDev21               0x8001'4584    0x14  Data  Gb  INC.o [1]
t_clock                 0x8001'48fc     0x2  Data  Gb  INC.o [1]
tab_ab                     0x3'6834    0x18  Data  Lc  INC.o [1]
test_receive_msg(unsigned char, canMSG_Fuj *)
                           0x2'8423    0x28  Code  Gb  INC.o [1]
time_Id_max             0x8001'4a18     0x2  Data  Gb  INC.o [1]
time_Integr             0x8001'49da     0x2  Data  Gb  INC.o [1]
time_Prinud             0x8001'4a4e     0x2  Data  Gb  INC.o [1]
time_Reg                0x8001'49d8     0x2  Data  Gb  INC.o [1]
time_Store              0x8001'4ac0     0x2  Data  Gb  INC.o [1]
time_Svet               0x8001'48f0     0x2  Data  Gb  INC.o [1]
time_VR1                0x8001'4b3a     0x1  Data  Gb  INC.o [1]
time_izm                0x8001'4a44     0x2  Data  Gb  INC.o [1]
time_math               0x8001'4a46     0x2  Data  Gb  INC.o [1]
time_zar                0x8001'4a48     0x2  Data  Gb  INC.o [1]
timer_dp_wait           0x8001'4aac     0x2  Data  Gb  INC.o [1]
tpl                     0x8001'44c8    0x20  Data  Gb  INC.o [1]
trans_blok              0x8001'4a8e     0x2  Data  Gb  INC.o [1]
trg_MinRT               0x8001'4982     0x2  Data  Gb  INC.o [1]
trg_time                0x8001'4b53     0x1  Data  Gb  INC.o [1]
trig                    0x8001'4918     0x2  Data  Gb  INC.o [1]
trig_Priv_TZ            0x8001'4b35     0x1  Data  Gb  INC.o [1]
trig_Privyazk_TZ        0x8001'4b36     0x1  Data  Gb  INC.o [1]
trig_first_raschet      0x8001'4a3a     0x2  Data  Gb  INC.o [1]
tx                      0x8001'48ee     0x2  Data  Gb  INC.o [1]
tx_addr                 0x8001'46f8     0x8  Data  Gb  INC.o [1]
tzisk                   0x8001'4a22     0x2  Data  Gb  INC.o [1]
u_Clock                    0x3'6660    0x20  Data  Lc  INC.o [1]
upr_ax                  0x8001'4a06     0x2  Data  Gb  INC.o [1]
upr_bx                  0x8001'4a08     0x2  Data  Gb  INC.o [1]
upr_label               0x8001'4a04     0x2  Data  Gb  INC.o [1]
upr_time                0x8001'4a0a     0x2  Data  Gb  INC.o [1]
var_tab1                   0x2'fedc   0xe4c  Data  Lc  INC.o [1]
virtual_can_sd          0x8001'3ebc    0x78  Data  Gb  INC.o [1]
virtual_svar               0x3'9490     0x8  Data  Lc  INC.o [1]
watchdog_init(unsigned short)
                              0xd13    0x4a  Code  Gb  INC.o [1]
watchdog_reset()              0xd89     0x8  Code  Gb  INC.o [1]
wgL_dp                  0x8001'499e     0x2  Data  Gb  INC.o [1]
wgL_rn                  0x8001'49a2     0x2  Data  Gb  INC.o [1]
wgL_rn_old              0x8001'49a0     0x2  Data  Gb  INC.o [1]
wgL_rot                 0x8001'499c     0x2  Data  Gb  INC.o [1]
wr_Diskr                0x8001'4a96     0x2  Data  Gb  INC.o [1]
write_ssio(LPC_SSP_TypeDef *, unsigned short)
                             0x8821    0x12  Code  Gb  INC.o [1]
xClock(I2C_time *)           0xc5f9   0x402  Code  Gb  INC.o [1]
xClock_ust(I2C_time *)       0xcac9   0xc52  Code  Gb  INC.o [1]
xClock_ust(I2C_time *)::R_WSTime_On
                        0x8001'4acc     0x2  Data  Lc  INC.o [1]
xClock_ust(I2C_time *)::WTime
                        0x8001'4ace     0x2  Data  Lc  INC.o [1]
xClock_ust(I2C_time *)::s_time
                        0x8001'4718     0x8  Data  Lc  INC.o [1]
xOvr_Time_Schet(I2C_time *)
                             0x1f9d    0x6e  Code  Gb  INC.o [1]
xRd_wr_ust(unsigned short, unsigned short, unsigned short)
                           0x1'59f3   0x354  Code  Gb  INC.o [1]
xSave_Ust(byte)::Label_ust
                        0x8001'4b68     0x1  Data  Lc  INC.o [1]
xSave_Ust(byte)::cWrite_ust
                        0x8001'4b69     0x1  Data  Lc  INC.o [1]
xSave_Ust(byte)::copy_obl
                        0x8001'4b6a     0x1  Data  Lc  INC.o [1]
xSave_Ust(unsigned char)
                           0x1'6305   0x33a  Code  Gb  INC.o [1]
xSleep(char, Sleep_data *, short)
                           0x2'8351    0x50  Code  Gb  INC.o [1]
xadr_obl_ust(unsigned short, unsigned short)
                           0x1'5915    0x7a  Code  Gb  INC.o [1]
zad_res                 0x8001'4650     0xc  Data  Gb  INC.o [1]
zeds                    0x8001'4a20     0x2  Data  Gb  INC.o [1]
zi_rs                   0x8001'41e0    0x40  Data  Gb  INC.o [1]
zskmax                  0x8001'4a24     0x2  Data  Gb  INC.o [1]


[1] = C:\project_Ger_ATK.cm3\KTE\AD_ROT\ATK_ROT\PRJ.CM3\Debug\Obj
[2] = dl7M_tln.a
[3] = m7M_tls.a
[4] = rt7M_tl.a
[5] = shb_l.a

  192'662 bytes of readonly  code memory
   42'225 bytes of readonly  data memory
   90'273 bytes of readwrite data memory (+ 524'288 absolute)

Errors: none
Warnings: none
